Archive member included to satisfy reference by file (symbol)

c:/Users/dan.estarija/workspace/USB_I2C_MAX3263X/build/PeriphDriver/PeriphDriver.a(gpio.o)
                              c:/Users/dan.estarija/workspace/USB_I2C_MAX3263X/build/led.o (GPIO_Config)
c:/Users/dan.estarija/workspace/USB_I2C_MAX3263X/build/PeriphDriver/PeriphDriver.a(i2cm.o)
                              c:/Users/dan.estarija/workspace/USB_I2C_MAX3263X/build/main.o (I2CM_Init)
c:/Users/dan.estarija/workspace/USB_I2C_MAX3263X/build/PeriphDriver/PeriphDriver.a(lp.o)
                              c:/Users/dan.estarija/workspace/USB_I2C_MAX3263X/build/max14690.o (LP_ConfigGPIOWakeUpDetect)
c:/Users/dan.estarija/workspace/USB_I2C_MAX3263X/build/PeriphDriver/PeriphDriver.a(mxc_lock.o)
                              c:/Users/dan.estarija/workspace/USB_I2C_MAX3263X/build/PeriphDriver/PeriphDriver.a(i2cm.o) (mxc_get_lock)
c:/Users/dan.estarija/workspace/USB_I2C_MAX3263X/build/PeriphDriver/PeriphDriver.a(mxc_sys.o)
                              c:/Users/dan.estarija/workspace/USB_I2C_MAX3263X/build/PeriphDriver/PeriphDriver.a(gpio.o) (SYS_GPIO_Init)
c:/Users/dan.estarija/workspace/USB_I2C_MAX3263X/build/PeriphDriver/PeriphDriver.a(tmr.o)
                              c:/Users/dan.estarija/workspace/USB_I2C_MAX3263X/build/board.o (TMR_Init)
c:/Users/dan.estarija/workspace/USB_I2C_MAX3263X/build/PeriphDriver/PeriphDriver.a(clkman.o)
                              c:/Users/dan.estarija/workspace/USB_I2C_MAX3263X/build/PeriphDriver/PeriphDriver.a(mxc_sys.o) (CLKMAN_CryptoClockEnable)
c:/Users/dan.estarija/workspace/USB_I2C_MAX3263X/build/PeriphDriver/PeriphDriver.a(ioman.o)
                              c:/Users/dan.estarija/workspace/USB_I2C_MAX3263X/build/PeriphDriver/PeriphDriver.a(mxc_sys.o) (IOMAN_Config)
c:/Users/dan.estarija/workspace/USB_I2C_MAX3263X/build/MAXUSB/maxusb.a(usb.o)
                              c:/Users/dan.estarija/workspace/USB_I2C_MAX3263X/build/board.o (usb_init)
c:/Users/dan.estarija/workspace/USB_I2C_MAX3263X/build/MAXUSB/maxusb.a(usb_event.o)
                              c:/Users/dan.estarija/workspace/USB_I2C_MAX3263X/build/board.o (usb_event_enable)
c:/Users/dan.estarija/workspace/USB_I2C_MAX3263X/build/MAXUSB/maxusb.a(enumerate.o)
                              c:/Users/dan.estarija/workspace/USB_I2C_MAX3263X/build/board.o (enum_init)
c:/Users/dan.estarija/workspace/USB_I2C_MAX3263X/build/MAXUSB/maxusb.a(cdc_acm.o)
                              c:/Users/dan.estarija/workspace/USB_I2C_MAX3263X/build/board.o (acm_init)
c:/Users/dan.estarija/workspace/USB_I2C_MAX3263X/build/MAXUSB/maxusb.a(fifo.o)
                              c:/Users/dan.estarija/workspace/USB_I2C_MAX3263X/build/MAXUSB/maxusb.a(cdc_acm.o) (fifo_init)
c:/maxim/toolchain/bin/../lib/gcc/arm-none-eabi/6.3.1/../../../../arm-none-eabi/lib/thumb/v7e-m/fpv4-sp/softfp\libc.a(lib_a-errno.o)
                              c:/Users/dan.estarija/workspace/USB_I2C_MAX3263X/build/stdio.o (__errno)
c:/maxim/toolchain/bin/../lib/gcc/arm-none-eabi/6.3.1/../../../../arm-none-eabi/lib/thumb/v7e-m/fpv4-sp/softfp\libc.a(lib_a-exit.o)
                              c:/maxim/toolchain/bin/../lib/gcc/arm-none-eabi/6.3.1/../../../../arm-none-eabi/lib/thumb/v7e-m/fpv4-sp/softfp/crt0.o (exit)
c:/maxim/toolchain/bin/../lib/gcc/arm-none-eabi/6.3.1/../../../../arm-none-eabi/lib/thumb/v7e-m/fpv4-sp/softfp\libc.a(lib_a-impure.o)
                              c:/maxim/toolchain/bin/../lib/gcc/arm-none-eabi/6.3.1/../../../../arm-none-eabi/lib/thumb/v7e-m/fpv4-sp/softfp\libc.a(lib_a-exit.o) (_global_impure_ptr)
c:/maxim/toolchain/bin/../lib/gcc/arm-none-eabi/6.3.1/../../../../arm-none-eabi/lib/thumb/v7e-m/fpv4-sp/softfp\libc.a(lib_a-init.o)
                              c:/maxim/toolchain/bin/../lib/gcc/arm-none-eabi/6.3.1/../../../../arm-none-eabi/lib/thumb/v7e-m/fpv4-sp/softfp/crt0.o (__libc_init_array)
c:/maxim/toolchain/bin/../lib/gcc/arm-none-eabi/6.3.1/../../../../arm-none-eabi/lib/thumb/v7e-m/fpv4-sp/softfp\libc.a(lib_a-memset.o)
                              c:/maxim/toolchain/bin/../lib/gcc/arm-none-eabi/6.3.1/../../../../arm-none-eabi/lib/thumb/v7e-m/fpv4-sp/softfp/crt0.o (memset)
c:/maxim/toolchain/bin/../lib/gcc/arm-none-eabi/6.3.1/../../../../arm-none-eabi/lib/thumb/v7e-m/fpv4-sp/softfp\libc.a(lib_a-printf.o)
                              c:/Users/dan.estarija/workspace/USB_I2C_MAX3263X/build/main.o (printf)
c:/maxim/toolchain/bin/../lib/gcc/arm-none-eabi/6.3.1/../../../../arm-none-eabi/lib/thumb/v7e-m/fpv4-sp/softfp\libc.a(lib_a-puts.o)
                              c:/Users/dan.estarija/workspace/USB_I2C_MAX3263X/build/main.o (puts)
c:/maxim/toolchain/bin/../lib/gcc/arm-none-eabi/6.3.1/../../../../arm-none-eabi/lib/thumb/v7e-m/fpv4-sp/softfp\libc.a(lib_a-strcmp.o)
                              c:/Users/dan.estarija/workspace/USB_I2C_MAX3263X/build/main.o (strcmp)
[...]
Memory Configuration

Name             Origin             Length             Attributes
FLASH            0x00000000         0x00200000         xr
SRAM             0x20000000         0x00080000         xrw
*default*        0x00000000         0xffffffff

Linker script and memory map

LOAD c:/maxim/toolchain/bin/../lib/gcc/arm-none-eabi/6.3.1/thumb/v7e-m/fpv4-sp/softfp/crti.o
LOAD c:/maxim/toolchain/bin/../lib/gcc/arm-none-eabi/6.3.1/thumb/v7e-m/fpv4-sp/softfp/crtbegin.o
LOAD c:/maxim/toolchain/bin/../lib/gcc/arm-none-eabi/6.3.1/../../../../arm-none-eabi/lib/thumb/v7e-m/fpv4-sp/softfp/crt0.o
LOAD c:/Users/dan.estarija/workspace/USB_I2C_MAX3263X/build/main.o
LOAD c:/Users/dan.estarija/workspace/USB_I2C_MAX3263X/build/board.o
LOAD c:/Users/dan.estarija/workspace/USB_I2C_MAX3263X/build/stdio.o
LOAD c:/Users/dan.estarija/workspace/USB_I2C_MAX3263X/build/led.o
LOAD c:/Users/dan.estarija/workspace/USB_I2C_MAX3263X/build/pb.o
LOAD c:/Users/dan.estarija/workspace/USB_I2C_MAX3263X/build/max14690.o
LOAD c:/Users/dan.estarija/workspace/USB_I2C_MAX3263X/build/startup_max3263x.o
LOAD c:/Users/dan.estarija/workspace/USB_I2C_MAX3263X/build/heap.o
LOAD c:/Users/dan.estarija/workspace/USB_I2C_MAX3263X/build/system_max3263x.o
START GROUP
LOAD c:/Users/dan.estarija/workspace/USB_I2C_MAX3263X/build/PeriphDriver/PeriphDriver.a
LOAD c:/Users/dan.estarija/workspace/USB_I2C_MAX3263X/build/MAXUSB/maxusb.a
LOAD c:/maxim/toolchain/bin/../lib/gcc/arm-none-eabi/6.3.1/../../../../arm-none-eabi/lib/thumb/v7e-m/fpv4-sp/softfp\libc.a
LOAD c:/maxim/toolchain/bin/../lib/gcc/arm-none-eabi/6.3.1/../../../../arm-none-eabi/lib/thumb/v7e-m/fpv4-sp/softfp\libm.a
LOAD c:/maxim/toolchain/bin/../lib/gcc/arm-none-eabi/6.3.1/../../../../arm-none-eabi/lib/thumb/v7e-m/fpv4-sp/softfp\libnosys.a
END GROUP
START GROUP
LOAD c:/maxim/toolchain/bin/../lib/gcc/arm-none-eabi/6.3.1/thumb/v7e-m/fpv4-sp/softfp\libgcc.a
LOAD c:/maxim/toolchain/bin/../lib/gcc/arm-none-eabi/6.3.1/../../../../arm-none-eabi/lib/thumb/v7e-m/fpv4-sp/softfp\libc.a
END GROUP
LOAD c:/maxim/toolchain/bin/../lib/gcc/arm-none-eabi/6.3.1/thumb/v7e-m/fpv4-sp/softfp/crtend.o
LOAD c:/maxim/toolchain/bin/../lib/gcc/arm-none-eabi/6.3.1/thumb/v7e-m/fpv4-sp/softfp/crtn.o

.text           0x00000000     0x896c
                0x00000000                _text = .
 *(.isr_vector)
 .isr_vector    0x00000000      0x110 c:/Users/dan.estarija/workspace/USB_I2C_MAX3263X/build/startup_max3263x.o
                0x00000000                __isr_vector
 *(.text*)
 .text          0x00000110       0x6c c:/maxim/toolchain/bin/../lib/gcc/arm-none-eabi/6.3.1/thumb/v7e-m/fpv4-sp/softfp/crtbegin.o
 .text.LED_On   0x0000017c       0x4c c:/Users/dan.estarija/workspace/USB_I2C_MAX3263X/build/main.o
 .text.startup.main
                0x000001c8       0x8c c:/Users/dan.estarija/workspace/USB_I2C_MAX3263X/build/main.o
                0x000001c8                main
 .text.usb_read_callback
                0x00000254      0x280 c:/Users/dan.estarija/workspace/USB_I2C_MAX3263X/build/main.o
                0x00000254                usb_read_callback
 .text.setfeature_callback
                0x000004d4       0x18 c:/Users/dan.estarija/workspace/USB_I2C_MAX3263X/build/board.o
 .text.clrfeature_callback
                0x000004ec       0x18 c:/Users/dan.estarija/workspace/USB_I2C_MAX3263X/build/board.o
 .text.usb_app_wakeup
                0x00000504       0x34 c:/Users/dan.estarija/workspace/USB_I2C_MAX3263X/build/board.o
 .text.usb_app_sleep
                0x00000538       0x54 c:/Users/dan.estarija/workspace/USB_I2C_MAX3263X/build/board.o
 .text.event_callback
                0x0000058c       0xfc c:/Users/dan.estarija/workspace/USB_I2C_MAX3263X/build/board.o
 .text.setconfig_callback
                0x00000688       0x48 c:/Users/dan.estarija/workspace/USB_I2C_MAX3263X/build/board.o
 .text.Console_Init
                0x000006d0       0xf0 c:/Users/dan.estarija/workspace/USB_I2C_MAX3263X/build/board.o
                0x000006d0                Console_Init
 .text.USB_IRQHandler
                0x000007c0        0x4 c:/Users/dan.estarija/workspace/USB_I2C_MAX3263X/build/board.o
                0x000007c0                USB_IRQHandler
 .text.TMR0_IRQHandler
                0x000007c4       0x48 c:/Users/dan.estarija/workspace/USB_I2C_MAX3263X/build/board.o
                0x000007c4                TMR0_IRQHandler
 .text.FaultISR_C
                0x0000080c        0x2 c:/Users/dan.estarija/workspace/USB_I2C_MAX3263X/build/board.o
                0x0000080c                FaultISR_C
 *fill*         0x0000080e        0x2 
 .text.HardFault_Handler
                0x00000810       0x20 c:/Users/dan.estarija/workspace/USB_I2C_MAX3263X/build/board.o
                0x00000810                HardFault_Handler
 .text.mxc_assert
                0x00000830       0x10 c:/Users/dan.estarija/workspace/USB_I2C_MAX3263X/build/board.o
                0x00000830                mxc_assert
 .text.Board_Init
                0x00000840       0x40 c:/Users/dan.estarija/workspace/USB_I2C_MAX3263X/build/board.o
                0x00000840                Board_Init
 .text._close   0x00000880        0x6 c:/Users/dan.estarija/workspace/USB_I2C_MAX3263X/build/stdio.o
                0x00000880                _close
 .text._isatty  0x00000886        0x6 c:/Users/dan.estarija/workspace/USB_I2C_MAX3263X/build/stdio.o
                0x00000886                _isatty
 .text._lseek   0x0000088c        0x6 c:/Users/dan.estarija/workspace/USB_I2C_MAX3263X/build/stdio.o
                0x0000088c                _lseek
 .text._fstat   0x00000892        0x6 c:/Users/dan.estarija/workspace/USB_I2C_MAX3263X/build/stdio.o
                0x00000892                _fstat
 .text._read    0x00000898       0x22 c:/Users/dan.estarija/workspace/USB_I2C_MAX3263X/build/stdio.o
                0x00000898                _read
 .text._write   0x000008ba       0x26 c:/Users/dan.estarija/workspace/USB_I2C_MAX3263X/build/stdio.o
                0x000008ba                _write
 .text.LED_Init
                0x000008e0       0x48 c:/Users/dan.estarija/workspace/USB_I2C_MAX3263X/build/led.o
                0x000008e0                LED_Init
 .text.PB_Init  0x00000928       0x38 c:/Users/dan.estarija/workspace/USB_I2C_MAX3263X/build/pb.o
                0x00000928                PB_Init
 .text.GPIO_P0_IRQHandler
                0x00000960        0x6 c:/Users/dan.estarija/workspace/USB_I2C_MAX3263X/build/pb.o
                0x00000960                GPIO_P0_IRQHandler
 .text.GPIO_P1_IRQHandler
                0x00000966        0x6 c:/Users/dan.estarija/workspace/USB_I2C_MAX3263X/build/pb.o
                0x00000966                GPIO_P1_IRQHandler
 .text.GPIO_P2_IRQHandler
                0x0000096c        0x6 c:/Users/dan.estarija/workspace/USB_I2C_MAX3263X/build/pb.o
                0x0000096c                GPIO_P2_IRQHandler
 .text.GPIO_P3_IRQHandler
                0x00000972        0x6 c:/Users/dan.estarija/workspace/USB_I2C_MAX3263X/build/pb.o
                0x00000972                GPIO_P3_IRQHandler
 .text.GPIO_P4_IRQHandler
                0x00000978        0x6 c:/Users/dan.estarija/workspace/USB_I2C_MAX3263X/build/pb.o
                0x00000978                GPIO_P4_IRQHandler
 .text.GPIO_P5_IRQHandler
                0x0000097e        0x6 c:/Users/dan.estarija/workspace/USB_I2C_MAX3263X/build/pb.o
                0x0000097e                GPIO_P5_IRQHandler
 .text.GPIO_P6_IRQHandler
                0x00000984        0x6 c:/Users/dan.estarija/workspace/USB_I2C_MAX3263X/build/pb.o
                0x00000984                GPIO_P6_IRQHandler
 .text.GPIO_P7_IRQHandler
                0x0000098a        0x6 c:/Users/dan.estarija/workspace/USB_I2C_MAX3263X/build/pb.o
                0x0000098a                GPIO_P7_IRQHandler
 .text.GPIO_P8_IRQHandler
                0x00000990        0x6 c:/Users/dan.estarija/workspace/USB_I2C_MAX3263X/build/pb.o
                0x00000990                GPIO_P8_IRQHandler
 *fill*         0x00000996        0x2 
 .text.MAX14690_LDO2SetMode
                0x00000998       0x30 c:/Users/dan.estarija/workspace/USB_I2C_MAX3263X/build/max14690.o
                0x00000998                MAX14690_LDO2SetMode
 .text.MAX14690_LDO2SetV
                0x000009c8       0x48 c:/Users/dan.estarija/workspace/USB_I2C_MAX3263X/build/max14690.o
                0x000009c8                MAX14690_LDO2SetV
 .text.MAX14690_LDO3SetV
                0x00000a10       0x48 c:/Users/dan.estarija/workspace/USB_I2C_MAX3263X/build/max14690.o
                0x00000a10                MAX14690_LDO3SetV
 .text.MAX14690_Init
                0x00000a58       0x68 c:/Users/dan.estarija/workspace/USB_I2C_MAX3263X/build/max14690.o
                0x00000a58                MAX14690_Init
 .text          0x00000ac0       0xe4 c:/Users/dan.estarija/workspace/USB_I2C_MAX3263X/build/startup_max3263x.o
                0x00000ac0                Reset_Handler
                0x00000afe                NMI_Handler
                0x00000b02                MemManage_Handler
                0x00000b04                BusFault_Handler
                0x00000b06                UsageFault_Handler
                0x00000b08                SVC_Handler
                0x00000b0a                DebugMon_Handler
                0x00000b0c                PendSV_Handler
                0x00000b0e                SysTick_Handler
                0x00000b10                Default_Handler
                0x00000b12                CLKMAN_IRQHandler
                0x00000b14                PWRMAN_IRQHandler
                0x00000b16                FLC_IRQHandler
                0x00000b18                RTC0_IRQHandler
                0x00000b1a                RTC1_IRQHandler
                0x00000b1c                RTC2_IRQHandler
                0x00000b1e                RTC3_IRQHandler
                0x00000b20                PMU_IRQHandler
                0x00000b24                AES_IRQHandler
                0x00000b26                MAA_IRQHandler
                0x00000b28                WDT0_IRQHandler
                0x00000b2a                WDT0_P_IRQHandler
                0x00000b2c                WDT1_IRQHandler
                0x00000b2e                WDT1_P_IRQHandler
                0x00000b40                TMR16_0_IRQHandler
                0x00000b42                TMR1_IRQHandler
                0x00000b44                TMR16_1_IRQHandler
                0x00000b46                TMR2_IRQHandler
                0x00000b48                TMR16_2_IRQHandler
                0x00000b4a                TMR3_IRQHandler
                0x00000b4c                TMR16_3_IRQHandler
                0x00000b4e                TMR4_IRQHandler
                0x00000b50                TMR16_4_IRQHandler
                0x00000b52                TMR5_IRQHandler
                0x00000b54                TMR16_5_IRQHandler
                0x00000b56                PT_IRQHandler
                0x00000b58                UART0_IRQHandler
                0x00000b5a                UART1_IRQHandler
                0x00000b5c                UART2_IRQHandler
                0x00000b5e                UART3_IRQHandler
                0x00000b60                I2CM0_IRQHandler
                0x00000b62                I2CM1_IRQHandler
                0x00000b64                I2CM2_IRQHandler
                0x00000b66                I2CS_IRQHandler
                0x00000b68                SPIM0_IRQHandler
                0x00000b6a                SPIM1_IRQHandler
                0x00000b6c                SPIM2_IRQHandler
                0x00000b6e                SPIB_IRQHandler
                0x00000b70                OWM_IRQHandler
                0x00000b72                AFE_IRQHandler
                0x00000b74                SPIS_IRQHandler
 .text._sbrk    0x00000ba4       0x38 c:/Users/dan.estarija/workspace/USB_I2C_MAX3263X/build/heap.o
                0x00000ba4                _sbrk
 .text.SystemCoreClockUpdate
                0x00000bdc       0x44 c:/Users/dan.estarija/workspace/USB_I2C_MAX3263X/build/system_max3263x.o
                0x00000bdc                SystemCoreClockUpdate
 .text.CLKMAN_TrimRO
                0x00000c20       0xb0 c:/Users/dan.estarija/workspace/USB_I2C_MAX3263X/build/system_max3263x.o
                0x00000c20                CLKMAN_TrimRO
 .text.PreInit  0x00000cd0       0x30 c:/Users/dan.estarija/workspace/USB_I2C_MAX3263X/build/system_max3263x.o
                0x00000cd0                PreInit
 .text.SystemInit
                0x00000d00      0x134 c:/Users/dan.estarija/workspace/USB_I2C_MAX3263X/build/system_max3263x.o
                0x00000d00                SystemInit
 .text.GPIO_Config
                0x00000e34       0xcc c:/Users/dan.estarija/workspace/USB_I2C_MAX3263X/build/PeriphDriver/PeriphDriver.a(gpio.o)
                0x00000e34                GPIO_Config
 .text.GPIO_Handler
                0x00000f00       0x64 c:/Users/dan.estarija/workspace/USB_I2C_MAX3263X/build/PeriphDriver/PeriphDriver.a(gpio.o)
                0x00000f00                GPIO_Handler
 .text.I2CM_Recover
                0x00000f64       0x12 c:/Users/dan.estarija/workspace/USB_I2C_MAX3263X/build/PeriphDriver/PeriphDriver.a(i2cm.o)
 .text.I2CM_WriteTxFifo
                0x00000f76       0x32 c:/Users/dan.estarija/workspace/USB_I2C_MAX3263X/build/PeriphDriver/PeriphDriver.a(i2cm.o)
 .text.I2CM_TxInProgress
                0x00000fa8       0x3e c:/Users/dan.estarija/workspace/USB_I2C_MAX3263X/build/PeriphDriver/PeriphDriver.a(i2cm.o)
 .text.I2CM_Tx  0x00000fe6       0x60 c:/Users/dan.estarija/workspace/USB_I2C_MAX3263X/build/PeriphDriver/PeriphDriver.a(i2cm.o)
 *fill*         0x00001046        0x2 
 .text.I2CM_Init
                0x00001048       0xac c:/Users/dan.estarija/workspace/USB_I2C_MAX3263X/build/PeriphDriver/PeriphDriver.a(i2cm.o)
                0x00001048                I2CM_Init
 .text.I2CM_Read
                0x000010f4      0x1bc c:/Users/dan.estarija/workspace/USB_I2C_MAX3263X/build/PeriphDriver/PeriphDriver.a(i2cm.o)
                0x000010f4                I2CM_Read
 .text.I2CM_Write
                0x000012b0       0xf4 c:/Users/dan.estarija/workspace/USB_I2C_MAX3263X/build/PeriphDriver/PeriphDriver.a(i2cm.o)
                0x000012b0                I2CM_Write
 .text.LP_EnterLP2
                0x000013a4       0x14 c:/Users/dan.estarija/workspace/USB_I2C_MAX3263X/build/PeriphDriver/PeriphDriver.a(lp.o)
                0x000013a4                LP_EnterLP2
 .text.mxc_get_lock
                0x000013b8       0x1c c:/Users/dan.estarija/workspace/USB_I2C_MAX3263X/build/PeriphDriver/PeriphDriver.a(mxc_lock.o)
                0x000013b8                mxc_get_lock
 .text.mxc_free_lock
                0x000013d4        0xa c:/Users/dan.estarija/workspace/USB_I2C_MAX3263X/build/PeriphDriver/PeriphDriver.a(mxc_lock.o)
                0x000013d4                mxc_free_lock
 *fill*         0x000013de        0x2 
 .text.SYS_GetFreq
                0x000013e0       0x18 c:/Users/dan.estarija/workspace/USB_I2C_MAX3263X/build/PeriphDriver/PeriphDriver.a(mxc_sys.o)
                0x000013e0                SYS_GetFreq
 .text.SYS_GPIO_Init
                0x000013f8       0x16 c:/Users/dan.estarija/workspace/USB_I2C_MAX3263X/build/PeriphDriver/PeriphDriver.a(mxc_sys.o)
                0x000013f8                SYS_GPIO_Init
 *fill*         0x0000140e        0x2 
 .text.SYS_I2CM_Init
                0x00001410       0x2c c:/Users/dan.estarija/workspace/USB_I2C_MAX3263X/build/PeriphDriver/PeriphDriver.a(mxc_sys.o)
                0x00001410                SYS_I2CM_Init
 .text.SYS_I2CM_GetFreq
                0x0000143c       0x10 c:/Users/dan.estarija/workspace/USB_I2C_MAX3263X/build/PeriphDriver/PeriphDriver.a(mxc_sys.o)
                0x0000143c                SYS_I2CM_GetFreq
 .text.SYS_TMR_GetFreq
                0x0000144c        0xc c:/Users/dan.estarija/workspace/USB_I2C_MAX3263X/build/PeriphDriver/PeriphDriver.a(mxc_sys.o)
                0x0000144c                SYS_TMR_GetFreq
 .text.SYS_TMR_Init
                0x00001458       0x90 c:/Users/dan.estarija/workspace/USB_I2C_MAX3263X/build/PeriphDriver/PeriphDriver.a(mxc_sys.o)
                0x00001458                SYS_TMR_Init
 .text.SYS_USB_Enable
                0x000014e8       0x24 c:/Users/dan.estarija/workspace/USB_I2C_MAX3263X/build/PeriphDriver/PeriphDriver.a(mxc_sys.o)
                0x000014e8                SYS_USB_Enable
 .text.TMR_Init
                0x0000150c       0x8c c:/Users/dan.estarija/workspace/USB_I2C_MAX3263X/build/PeriphDriver/PeriphDriver.a(tmr.o)
                0x0000150c                TMR_Init
 .text.TMR32_Config
                0x00001598       0x22 c:/Users/dan.estarija/workspace/USB_I2C_MAX3263X/build/PeriphDriver/PeriphDriver.a(tmr.o)
                0x00001598                TMR32_Config
 *fill*         0x000015ba        0x2 
 .text.TMR32_Start
                0x000015bc       0x68 c:/Users/dan.estarija/workspace/USB_I2C_MAX3263X/build/PeriphDriver/PeriphDriver.a(tmr.o)
                0x000015bc                TMR32_Start
 .text.TMR_GetPrescaler
                0x00001624       0x58 c:/Users/dan.estarija/workspace/USB_I2C_MAX3263X/build/PeriphDriver/PeriphDriver.a(tmr.o)
                0x00001624                TMR_GetPrescaler
 .text.TMR32_TimeToTicks
                0x0000167c       0x88 c:/Users/dan.estarija/workspace/USB_I2C_MAX3263X/build/PeriphDriver/PeriphDriver.a(tmr.o)
                0x0000167c                TMR32_TimeToTicks
 .text.CLKMAN_SetClkScale
                0x00001704       0x44 c:/Users/dan.estarija/workspace/USB_I2C_MAX3263X/build/PeriphDriver/PeriphDriver.a(clkman.o)
                0x00001704                CLKMAN_SetClkScale
 .text.CLKMAN_GetClkScale
                0x00001748       0x38 c:/Users/dan.estarija/workspace/USB_I2C_MAX3263X/build/PeriphDriver/PeriphDriver.a(clkman.o)
                0x00001748                CLKMAN_GetClkScale
 .text.CLKMAN_ClockGate
                0x00001780       0x18 c:/Users/dan.estarija/workspace/USB_I2C_MAX3263X/build/PeriphDriver/PeriphDriver.a(clkman.o)
                0x00001780                CLKMAN_ClockGate
 .text.IOMAN_Config
                0x00001798       0x28 c:/Users/dan.estarija/workspace/USB_I2C_MAX3263X/build/PeriphDriver/PeriphDriver.a(ioman.o)
                0x00001798                IOMAN_Config
 .text.usb_init
                0x000017c0       0x4c c:/Users/dan.estarija/workspace/USB_I2C_MAX3263X/build/MAXUSB/maxusb.a(usb.o)
                0x000017c0                usb_init
 .text.usb_connect
                0x0000180c       0x30 c:/Users/dan.estarija/workspace/USB_I2C_MAX3263X/build/MAXUSB/maxusb.a(usb.o)
                0x0000180c                usb_connect
 .text.usb_disconnect
                0x0000183c       0x18 c:/Users/dan.estarija/workspace/USB_I2C_MAX3263X/build/MAXUSB/maxusb.a(usb.o)
                0x0000183c                usb_disconnect
 .text.usb_config_ep
                0x00001854       0x30 c:/Users/dan.estarija/workspace/USB_I2C_MAX3263X/build/MAXUSB/maxusb.a(usb.o)
                0x00001854                usb_config_ep
 .text.usb_stall
                0x00001884       0x50 c:/Users/dan.estarija/workspace/USB_I2C_MAX3263X/build/MAXUSB/maxusb.a(usb.o)
                0x00001884                usb_stall
 .text.usb_unstall
                0x000018d4       0x50 c:/Users/dan.estarija/workspace/USB_I2C_MAX3263X/build/MAXUSB/maxusb.a(usb.o)
                0x000018d4                usb_unstall
 .text.usb_is_stalled
                0x00001924       0x14 c:/Users/dan.estarija/workspace/USB_I2C_MAX3263X/build/MAXUSB/maxusb.a(usb.o)
                0x00001924                usb_is_stalled
 .text.usb_reset_ep
                0x00001938       0x58 c:/Users/dan.estarija/workspace/USB_I2C_MAX3263X/build/MAXUSB/maxusb.a(usb.o)
                0x00001938                usb_reset_ep
 .text.usb_ackstat
                0x00001990       0x1a c:/Users/dan.estarija/workspace/USB_I2C_MAX3263X/build/MAXUSB/maxusb.a(usb.o)
                0x00001990                usb_ackstat
 *fill*         0x000019aa        0x2 
 .text.usb_irq_handler
                0x000019ac      0x1b4 c:/Users/dan.estarija/workspace/USB_I2C_MAX3263X/build/MAXUSB/maxusb.a(usb.o)
                0x000019ac                usb_irq_handler
 .text.usb_irq_enable
                0x00001b60       0x24 c:/Users/dan.estarija/workspace/USB_I2C_MAX3263X/build/MAXUSB/maxusb.a(usb.o)
                0x00001b60                usb_irq_enable
 .text.usb_irq_disable
                0x00001b84       0x28 c:/Users/dan.estarija/workspace/USB_I2C_MAX3263X/build/MAXUSB/maxusb.a(usb.o)
                0x00001b84                usb_irq_disable
 .text.usb_irq_clear
                0x00001bac       0x20 c:/Users/dan.estarija/workspace/USB_I2C_MAX3263X/build/MAXUSB/maxusb.a(usb.o)
                0x00001bac                usb_irq_clear
 .text.usb_get_setup
                0x00001bcc       0x14 c:/Users/dan.estarija/workspace/USB_I2C_MAX3263X/build/MAXUSB/maxusb.a(usb.o)
                0x00001bcc                usb_get_setup
 .text.usb_set_func_addr
                0x00001be0        0x4 c:/Users/dan.estarija/workspace/USB_I2C_MAX3263X/build/MAXUSB/maxusb.a(usb.o)
                0x00001be0                usb_set_func_addr
 .text.usb_remove_request
                0x00001be4       0x50 c:/Users/dan.estarija/workspace/USB_I2C_MAX3263X/build/MAXUSB/maxusb.a(usb.o)
                0x00001be4                usb_remove_request
 .text.usb_write_endpoint
                0x00001c34       0x80 c:/Users/dan.estarija/workspace/USB_I2C_MAX3263X/build/MAXUSB/maxusb.a(usb.o)
                0x00001c34                usb_write_endpoint
 .text.usb_read_endpoint
                0x00001cb4       0x84 c:/Users/dan.estarija/workspace/USB_I2C_MAX3263X/build/MAXUSB/maxusb.a(usb.o)
                0x00001cb4                usb_read_endpoint
 .text.usb_event_enable
                0x00001d38       0x2c c:/Users/dan.estarija/workspace/USB_I2C_MAX3263X/build/MAXUSB/maxusb.a(usb_event.o)
                0x00001d38                usb_event_enable
 .text.usb_event_disable
                0x00001d64       0x28 c:/Users/dan.estarija/workspace/USB_I2C_MAX3263X/build/MAXUSB/maxusb.a(usb_event.o)
                0x00001d64                usb_event_disable
 .text.usb_event_clear
                0x00001d8c        0xe c:/Users/dan.estarija/workspace/USB_I2C_MAX3263X/build/MAXUSB/maxusb.a(usb_event.o)
                0x00001d8c                usb_event_clear
 *fill*         0x00001d9a        0x2 
 .text.usb_event_handler
                0x00001d9c       0xbc c:/Users/dan.estarija/workspace/USB_I2C_MAX3263X/build/MAXUSB/maxusb.a(usb_event.o)
                0x00001d9c                usb_event_handler
 .text.status_stage_callback
                0x00001e58       0x22 c:/Users/dan.estarija/workspace/USB_I2C_MAX3263X/build/MAXUSB/maxusb.a(enumerate.o)
 *fill*         0x00001e7a        0x2 
 .text.setup    0x00001e7c      0x3e8 c:/Users/dan.estarija/workspace/USB_I2C_MAX3263X/build/MAXUSB/maxusb.a(enumerate.o)
 .text.enum_init
                0x00002264       0x38 c:/Users/dan.estarija/workspace/USB_I2C_MAX3263X/build/MAXUSB/maxusb.a(enumerate.o)
                0x00002264                enum_init
 .text.enum_register_callback
                0x0000229c       0x20 c:/Users/dan.estarija/workspace/USB_I2C_MAX3263X/build/MAXUSB/maxusb.a(enumerate.o)
                0x0000229c                enum_register_callback
 .text.enum_register_descriptor
                0x000022bc       0x40 c:/Users/dan.estarija/workspace/USB_I2C_MAX3263X/build/MAXUSB/maxusb.a(enumerate.o)
                0x000022bc                enum_register_descriptor
 .text.enum_clearconfig
                0x000022fc        0xc c:/Users/dan.estarija/workspace/USB_I2C_MAX3263X/build/MAXUSB/maxusb.a(enumerate.o)
                0x000022fc                enum_clearconfig
 .text.set_line_coding_callback
                0x00002308       0x2c c:/Users/dan.estarija/workspace/USB_I2C_MAX3263X/build/MAXUSB/maxusb.a(cdc_acm.o)
 .text.get_line_coding_callback
                0x00002334        0xe c:/Users/dan.estarija/workspace/USB_I2C_MAX3263X/build/MAXUSB/maxusb.a(cdc_acm.o)
 *fill*         0x00002342        0x2 
 .text.class_req
                0x00002344       0xf0 c:/Users/dan.estarija/workspace/USB_I2C_MAX3263X/build/MAXUSB/maxusb.a(cdc_acm.o)
 .text.svc_out_from_host
                0x00002434       0x88 c:/Users/dan.estarija/workspace/USB_I2C_MAX3263X/build/MAXUSB/maxusb.a(cdc_acm.o)
 .text.out_callback
                0x000024bc       0x10 c:/Users/dan.estarija/workspace/USB_I2C_MAX3263X/build/MAXUSB/maxusb.a(cdc_acm.o)
 .text.svc_in_to_host
                0x000024cc       0x64 c:/Users/dan.estarija/workspace/USB_I2C_MAX3263X/build/MAXUSB/maxusb.a(cdc_acm.o)
 .text.acm_init
                0x00002530       0x3c c:/Users/dan.estarija/workspace/USB_I2C_MAX3263X/build/MAXUSB/maxusb.a(cdc_acm.o)
                0x00002530                acm_init
 .text.acm_register_callback
                0x0000256c       0x18 c:/Users/dan.estarija/workspace/USB_I2C_MAX3263X/build/MAXUSB/maxusb.a(cdc_acm.o)
                0x0000256c                acm_register_callback
 .text.acm_deconfigure
                0x00002584       0x60 c:/Users/dan.estarija/workspace/USB_I2C_MAX3263X/build/MAXUSB/maxusb.a(cdc_acm.o)
                0x00002584                acm_deconfigure
 .text.acm_configure
                0x000025e4      0x120 c:/Users/dan.estarija/workspace/USB_I2C_MAX3263X/build/MAXUSB/maxusb.a(cdc_acm.o)
                0x000025e4                acm_configure
 .text.acm_present
                0x00002704        0xc c:/Users/dan.estarija/workspace/USB_I2C_MAX3263X/build/MAXUSB/maxusb.a(cdc_acm.o)
                0x00002704                acm_present
 .text.acm_canread
                0x00002710       0x14 c:/Users/dan.estarija/workspace/USB_I2C_MAX3263X/build/MAXUSB/maxusb.a(cdc_acm.o)
                0x00002710                acm_canread
 .text.acm_read
                0x00002724       0x60 c:/Users/dan.estarija/workspace/USB_I2C_MAX3263X/build/MAXUSB/maxusb.a(cdc_acm.o)
                0x00002724                acm_read
 .text.acm_write
                0x00002784       0x48 c:/Users/dan.estarija/workspace/USB_I2C_MAX3263X/build/MAXUSB/maxusb.a(cdc_acm.o)
                0x00002784                acm_write
 .text.fifo_init
                0x000027cc       0x10 c:/Users/dan.estarija/workspace/USB_I2C_MAX3263X/build/MAXUSB/maxusb.a(fifo.o)
                0x000027cc                fifo_init
 .text.fifo_put8
                0x000027dc       0x3a c:/Users/dan.estarija/workspace/USB_I2C_MAX3263X/build/MAXUSB/maxusb.a(fifo.o)
                0x000027dc                fifo_put8
 .text.fifo_get8
                0x00002816       0x2e c:/Users/dan.estarija/workspace/USB_I2C_MAX3263X/build/MAXUSB/maxusb.a(fifo.o)
                0x00002816                fifo_get8
 .text.fifo_clear
                0x00002844        0xc c:/Users/dan.estarija/workspace/USB_I2C_MAX3263X/build/MAXUSB/maxusb.a(fifo.o)
                0x00002844                fifo_clear
 .text.fifo_empty
                0x00002850        0xc c:/Users/dan.estarija/workspace/USB_I2C_MAX3263X/build/MAXUSB/maxusb.a(fifo.o)
                0x00002850                fifo_empty
 .text.fifo_level
                0x0000285c       0x18 c:/Users/dan.estarija/workspace/USB_I2C_MAX3263X/build/MAXUSB/maxusb.a(fifo.o)
                0x0000285c                fifo_level
 .text.__errno  0x00002874        0xc c:/maxim/toolchain/bin/../lib/gcc/arm-none-eabi/6.3.1/../../../../arm-none-eabi/lib/thumb/v7e-m/fpv4-sp/softfp\libc.a(lib_a-errno.o)
                0x00002874                __errno
 .text.__libc_init_array
                0x00002880       0x50 c:/maxim/toolchain/bin/../lib/gcc/arm-none-eabi/6.3.1/../../../../arm-none-eabi/lib/thumb/v7e-m/fpv4-sp/softfp\libc.a(lib_a-init.o)
                0x00002880                __libc_init_array
 .text.memset   0x000028d0       0x9c c:/maxim/toolchain/bin/../lib/gcc/arm-none-eabi/6.3.1/../../../../arm-none-eabi/lib/thumb/v7e-m/fpv4-sp/softfp\libc.a(lib_a-memset.o)
                0x000028d0                memset
 .text.printf   0x0000296c       0x28 c:/maxim/toolchain/bin/../lib/gcc/arm-none-eabi/6.3.1/../../../../arm-none-eabi/lib/thumb/v7e-m/fpv4-sp/softfp\libc.a(lib_a-printf.o)
                0x0000296c                printf
 .text._puts_r  0x00002994       0x9c c:/maxim/toolchain/bin/../lib/gcc/arm-none-eabi/6.3.1/../../../../arm-none-eabi/lib/thumb/v7e-m/fpv4-sp/softfp\libc.a(lib_a-puts.o)
                0x00002994                _puts_r
 .text.puts     0x00002a30       0x10 c:/maxim/toolchain/bin/../lib/gcc/arm-none-eabi/6.3.1/../../../../arm-none-eabi/lib/thumb/v7e-m/fpv4-sp/softfp\libc.a(lib_a-puts.o)
                0x00002a30                puts
 .text          0x00002a40      0x2dc c:/maxim/toolchain/bin/../lib/gcc/arm-none-eabi/6.3.1/../../../../arm-none-eabi/lib/thumb/v7e-m/fpv4-sp/softfp\libc.a(lib_a-strcmp.o)
                0x00002a48                strcmp
 *fill*         0x00002d1c       0x24 
 .text          0x00002d40       0xdc c:/maxim/toolchain/bin/../lib/gcc/arm-none-eabi/6.3.1/../../../../arm-none-eabi/lib/thumb/v7e-m/fpv4-sp/softfp\libc.a(lib_a-strlen.o)
                0x00002d40                strlen
 .text._strtol_l.isra.0
                0x00002e1c      0x128 c:/maxim/toolchain/bin/../lib/gcc/arm-none-eabi/6.3.1/../../../../arm-none-eabi/lib/thumb/v7e-m/fpv4-sp/softfp\libc.a(lib_a-strtol.o)
 .text.strtol   0x00002f44       0x2c c:/maxim/toolchain/bin/../lib/gcc/arm-none-eabi/6.3.1/../../../../arm-none-eabi/lib/thumb/v7e-m/fpv4-sp/softfp\libc.a(lib_a-strtol.o)
                0x00002f44                strtol
 .text._vfprintf_r
                0x00002f70     0x1584 c:/maxim/toolchain/bin/../lib/gcc/arm-none-eabi/6.3.1/../../../../arm-none-eabi/lib/thumb/v7e-m/fpv4-sp/softfp\libc.a(lib_a-vfprintf.o)
                0x00002f70                _vfprintf_r
 .text.__sbprintf
                0x000044f4       0x84 c:/maxim/toolchain/bin/../lib/gcc/arm-none-eabi/6.3.1/../../../../arm-none-eabi/lib/thumb/v7e-m/fpv4-sp/softfp\libc.a(lib_a-vfprintf.o)
 .text.__swsetup_r
                0x00004578       0xc8 c:/maxim/toolchain/bin/../lib/gcc/arm-none-eabi/6.3.1/../../../../arm-none-eabi/lib/thumb/v7e-m/fpv4-sp/softfp\libc.a(lib_a-wsetup.o)
                0x00004578                __swsetup_r
 .text.startup.register_fini
                0x00004640       0x14 c:/maxim/toolchain/bin/../lib/gcc/arm-none-eabi/6.3.1/../../../../arm-none-eabi/lib/thumb/v7e-m/fpv4-sp/softfp\libc.a(lib_a-__call_atexit.o)
 .text.atexit   0x00004654        0xc c:/maxim/toolchain/bin/../lib/gcc/arm-none-eabi/6.3.1/../../../../arm-none-eabi/lib/thumb/v7e-m/fpv4-sp/softfp\libc.a(lib_a-atexit.o)
                0x00004654                atexit
 .text.quorem   0x00004660      0x128 c:/maxim/toolchain/bin/../lib/gcc/arm-none-eabi/6.3.1/../../../../arm-none-eabi/lib/thumb/v7e-m/fpv4-sp/softfp\libc.a(lib_a-dtoa.o)
 .text._dtoa_r  0x00004788      0xe34 c:/maxim/toolchain/bin/../lib/gcc/arm-none-eabi/6.3.1/../../../../arm-none-eabi/lib/thumb/v7e-m/fpv4-sp/softfp\libc.a(lib_a-dtoa.o)
                0x00004788                _dtoa_r
 .text.__sflush_r
                0x000055bc      0x140 c:/maxim/toolchain/bin/../lib/gcc/arm-none-eabi/6.3.1/../../../../arm-none-eabi/lib/thumb/v7e-m/fpv4-sp/softfp\libc.a(lib_a-fflush.o)
                0x000055bc                __sflush_r
 .text._fflush_r
                0x000056fc       0x54 c:/maxim/toolchain/bin/../lib/gcc/arm-none-eabi/6.3.1/../../../../arm-none-eabi/lib/thumb/v7e-m/fpv4-sp/softfp\libc.a(lib_a-fflush.o)
                0x000056fc                _fflush_r
 .text._cleanup_r
                0x00005750        0xc c:/maxim/toolchain/bin/../lib/gcc/arm-none-eabi/6.3.1/../../../../arm-none-eabi/lib/thumb/v7e-m/fpv4-sp/softfp\libc.a(lib_a-findfp.o)
                0x00005750                _cleanup_r
 .text.std.isra.0
                0x0000575c       0x50 c:/maxim/toolchain/bin/../lib/gcc/arm-none-eabi/6.3.1/../../../../arm-none-eabi/lib/thumb/v7e-m/fpv4-sp/softfp\libc.a(lib_a-findfp.o)
 .text.__sinit  0x000057ac       0x58 c:/maxim/toolchain/bin/../lib/gcc/arm-none-eabi/6.3.1/../../../../arm-none-eabi/lib/thumb/v7e-m/fpv4-sp/softfp\libc.a(lib_a-findfp.o)
                0x000057ac                __sinit
 .text.__sfp_lock_acquire
                0x00005804        0xc c:/maxim/toolchain/bin/../lib/gcc/arm-none-eabi/6.3.1/../../../../arm-none-eabi/lib/thumb/v7e-m/fpv4-sp/softfp\libc.a(lib_a-findfp.o)
                0x00005804                __sfp_lock_acquire
 .text.__sfp_lock_release
                0x00005810        0xc c:/maxim/toolchain/bin/../lib/gcc/arm-none-eabi/6.3.1/../../../../arm-none-eabi/lib/thumb/v7e-m/fpv4-sp/softfp\libc.a(lib_a-findfp.o)
                0x00005810                __sfp_lock_release
 .text.__libc_fini_array
                0x0000581c       0x34 c:/maxim/toolchain/bin/../lib/gcc/arm-none-eabi/6.3.1/../../../../arm-none-eabi/lib/thumb/v7e-m/fpv4-sp/softfp\libc.a(lib_a-fini.o)
                0x0000581c                __libc_fini_array
 .text._malloc_trim_r
                0x00005850       0xa0 c:/maxim/toolchain/bin/../lib/gcc/arm-none-eabi/6.3.1/../../../../arm-none-eabi/lib/thumb/v7e-m/fpv4-sp/softfp\libc.a(lib_a-freer.o)
                0x00005850                _malloc_trim_r
 .text._free_r  0x000058f0      0x1cc c:/maxim/toolchain/bin/../lib/gcc/arm-none-eabi/6.3.1/../../../../arm-none-eabi/lib/thumb/v7e-m/fpv4-sp/softfp\libc.a(lib_a-freer.o)
                0x000058f0                _free_r
 .text.__sfvwrite_r
                0x00005abc      0x2f0 c:/maxim/toolchain/bin/../lib/gcc/arm-none-eabi/6.3.1/../../../../arm-none-eabi/lib/thumb/v7e-m/fpv4-sp/softfp\libc.a(lib_a-fvwrite.o)
                0x00005abc                __sfvwrite_r
 .text._fwalk_reent
                0x00005dac       0x54 c:/maxim/toolchain/bin/../lib/gcc/arm-none-eabi/6.3.1/../../../../arm-none-eabi/lib/thumb/v7e-m/fpv4-sp/softfp\libc.a(lib_a-fwalk.o)
                0x00005dac                _fwalk_reent
 .text.__locale_mb_cur_max
                0x00005e00       0x1c c:/maxim/toolchain/bin/../lib/gcc/arm-none-eabi/6.3.1/../../../../arm-none-eabi/lib/thumb/v7e-m/fpv4-sp/softfp\libc.a(lib_a-locale.o)
                0x00005e00                __locale_mb_cur_max
 .text.__locale_ctype_ptr_l
                0x00005e1c        0x8 c:/maxim/toolchain/bin/../lib/gcc/arm-none-eabi/6.3.1/../../../../arm-none-eabi/lib/thumb/v7e-m/fpv4-sp/softfp\libc.a(lib_a-locale.o)
                0x00005e1c                __locale_ctype_ptr_l
 .text._localeconv_r
                0x00005e24       0x1c c:/maxim/toolchain/bin/../lib/gcc/arm-none-eabi/6.3.1/../../../../arm-none-eabi/lib/thumb/v7e-m/fpv4-sp/softfp\libc.a(lib_a-localeconv.o)
                0x00005e24                _localeconv_r
 .text.__retarget_lock_init_recursive
                0x00005e40        0x4 c:/maxim/toolchain/bin/../lib/gcc/arm-none-eabi/6.3.1/../../../../arm-none-eabi/lib/thumb/v7e-m/fpv4-sp/softfp\libc.a(lib_a-lock.o)
                0x00005e40                __retarget_lock_init_recursive
 .text.__retarget_lock_close_recursive
                0x00005e44        0x4 c:/maxim/toolchain/bin/../lib/gcc/arm-none-eabi/6.3.1/../../../../arm-none-eabi/lib/thumb/v7e-m/fpv4-sp/softfp\libc.a(lib_a-lock.o)
                0x00005e44                __retarget_lock_close_recursive
 .text.__retarget_lock_acquire_recursive
                0x00005e48        0x4 c:/maxim/toolchain/bin/../lib/gcc/arm-none-eabi/6.3.1/../../../../arm-none-eabi/lib/thumb/v7e-m/fpv4-sp/softfp\libc.a(lib_a-lock.o)
                0x00005e48                __retarget_lock_acquire_recursive
 .text.__retarget_lock_release_recursive
                0x00005e4c        0x4 c:/maxim/toolchain/bin/../lib/gcc/arm-none-eabi/6.3.1/../../../../arm-none-eabi/lib/thumb/v7e-m/fpv4-sp/softfp\libc.a(lib_a-lock.o)
                0x00005e4c                __retarget_lock_release_recursive
 .text.__swhatbuf_r
                0x00005e50       0x5c c:/maxim/toolchain/bin/../lib/gcc/arm-none-eabi/6.3.1/../../../../arm-none-eabi/lib/thumb/v7e-m/fpv4-sp/softfp\libc.a(lib_a-makebuf.o)
                0x00005e50                __swhatbuf_r
 .text.__smakebuf_r
                0x00005eac       0x94 c:/maxim/toolchain/bin/../lib/gcc/arm-none-eabi/6.3.1/../../../../arm-none-eabi/lib/thumb/v7e-m/fpv4-sp/softfp\libc.a(lib_a-makebuf.o)
                0x00005eac                __smakebuf_r
 .text._malloc_r
                0x00005f40      0x560 c:/maxim/toolchain/bin/../lib/gcc/arm-none-eabi/6.3.1/../../../../arm-none-eabi/lib/thumb/v7e-m/fpv4-sp/softfp\libc.a(lib_a-mallocr.o)
                0x00005f40                _malloc_r
 .text.__ascii_mbtowc
                0x000064a0       0x2c c:/maxim/toolchain/bin/../lib/gcc/arm-none-eabi/6.3.1/../../../../arm-none-eabi/lib/thumb/v7e-m/fpv4-sp/softfp\libc.a(lib_a-mbtowc_r.o)
                0x000064a0                __ascii_mbtowc
 *fill*         0x000064cc        0x4 
 .text          0x000064d0       0xa0 c:/maxim/toolchain/bin/../lib/gcc/arm-none-eabi/6.3.1/../../../../arm-none-eabi/lib/thumb/v7e-m/fpv4-sp/softfp\libc.a(lib_a-memchr.o)
                0x000064d0                memchr
 .text          0x00006570      0x134 c:/maxim/toolchain/bin/../lib/gcc/arm-none-eabi/6.3.1/../../../../arm-none-eabi/lib/thumb/v7e-m/fpv4-sp/softfp\libc.a(lib_a-memcpy.o)
                0x00006570                memcpy
 .text.memmove  0x000066a4       0xc8 c:/maxim/toolchain/bin/../lib/gcc/arm-none-eabi/6.3.1/../../../../arm-none-eabi/lib/thumb/v7e-m/fpv4-sp/softfp\libc.a(lib_a-memmove.o)
                0x000066a4                memmove
 .text.__malloc_lock
                0x0000676c        0xc c:/maxim/toolchain/bin/../lib/gcc/arm-none-eabi/6.3.1/../../../../arm-none-eabi/lib/thumb/v7e-m/fpv4-sp/softfp\libc.a(lib_a-mlock.o)
                0x0000676c                __malloc_lock
 .text.__malloc_unlock
                0x00006778        0xc c:/maxim/toolchain/bin/../lib/gcc/arm-none-eabi/6.3.1/../../../../arm-none-eabi/lib/thumb/v7e-m/fpv4-sp/softfp\libc.a(lib_a-mlock.o)
                0x00006778                __malloc_unlock
 .text._Balloc  0x00006784       0x4c c:/maxim/toolchain/bin/../lib/gcc/arm-none-eabi/6.3.1/../../../../arm-none-eabi/lib/thumb/v7e-m/fpv4-sp/softfp\libc.a(lib_a-mprec.o)
                0x00006784                _Balloc
 .text._Bfree   0x000067d0       0x14 c:/maxim/toolchain/bin/../lib/gcc/arm-none-eabi/6.3.1/../../../../arm-none-eabi/lib/thumb/v7e-m/fpv4-sp/softfp\libc.a(lib_a-mprec.o)
                0x000067d0                _Bfree
 .text.__multadd
                0x000067e4       0x80 c:/maxim/toolchain/bin/../lib/gcc/arm-none-eabi/6.3.1/../../../../arm-none-eabi/lib/thumb/v7e-m/fpv4-sp/softfp\libc.a(lib_a-mprec.o)
                0x000067e4                __multadd
 .text.__hi0bits
                0x00006864       0x40 c:/maxim/toolchain/bin/../lib/gcc/arm-none-eabi/6.3.1/../../../../arm-none-eabi/lib/thumb/v7e-m/fpv4-sp/softfp\libc.a(lib_a-mprec.o)
                0x00006864                __hi0bits
 .text.__lo0bits
                0x000068a4       0x60 c:/maxim/toolchain/bin/../lib/gcc/arm-none-eabi/6.3.1/../../../../arm-none-eabi/lib/thumb/v7e-m/fpv4-sp/softfp\libc.a(lib_a-mprec.o)
                0x000068a4                __lo0bits
 .text.__i2b    0x00006904       0x14 c:/maxim/toolchain/bin/../lib/gcc/arm-none-eabi/6.3.1/../../../../arm-none-eabi/lib/thumb/v7e-m/fpv4-sp/softfp\libc.a(lib_a-mprec.o)
                0x00006904                __i2b
 .text.__multiply
                0x00006918      0x124 c:/maxim/toolchain/bin/../lib/gcc/arm-none-eabi/6.3.1/../../../../arm-none-eabi/lib/thumb/v7e-m/fpv4-sp/softfp\libc.a(lib_a-mprec.o)
                0x00006918                __multiply
 .text.__pow5mult
                0x00006a3c       0xa0 c:/maxim/toolchain/bin/../lib/gcc/arm-none-eabi/6.3.1/../../../../arm-none-eabi/lib/thumb/v7e-m/fpv4-sp/softfp\libc.a(lib_a-mprec.o)
                0x00006a3c                __pow5mult
 .text.__lshift
                0x00006adc       0xa4 c:/maxim/toolchain/bin/../lib/gcc/arm-none-eabi/6.3.1/../../../../arm-none-eabi/lib/thumb/v7e-m/fpv4-sp/softfp\libc.a(lib_a-mprec.o)
                0x00006adc                __lshift
 .text.__mcmp   0x00006b80       0x38 c:/maxim/toolchain/bin/../lib/gcc/arm-none-eabi/6.3.1/../../../../arm-none-eabi/lib/thumb/v7e-m/fpv4-sp/softfp\libc.a(lib_a-mprec.o)
                0x00006b80                __mcmp
 .text.__mdiff  0x00006bb8      0x108 c:/maxim/toolchain/bin/../lib/gcc/arm-none-eabi/6.3.1/../../../../arm-none-eabi/lib/thumb/v7e-m/fpv4-sp/softfp\libc.a(lib_a-mprec.o)
                0x00006bb8                __mdiff
 .text.__d2b    0x00006cc0       0xb8 c:/maxim/toolchain/bin/../lib/gcc/arm-none-eabi/6.3.1/../../../../arm-none-eabi/lib/thumb/v7e-m/fpv4-sp/softfp\libc.a(lib_a-mprec.o)
                0x00006cc0                __d2b
 .text._realloc_r
                0x00006d78      0x34c c:/maxim/toolchain/bin/../lib/gcc/arm-none-eabi/6.3.1/../../../../arm-none-eabi/lib/thumb/v7e-m/fpv4-sp/softfp\libc.a(lib_a-reallocr.o)
                0x00006d78                _realloc_r
 .text._sbrk_r  0x000070c4       0x24 c:/maxim/toolchain/bin/../lib/gcc/arm-none-eabi/6.3.1/../../../../arm-none-eabi/lib/thumb/v7e-m/fpv4-sp/softfp\libc.a(lib_a-sbrkr.o)
                0x000070c4                _sbrk_r
 .text.__sread  0x000070e8       0x24 c:/maxim/toolchain/bin/../lib/gcc/arm-none-eabi/6.3.1/../../../../arm-none-eabi/lib/thumb/v7e-m/fpv4-sp/softfp\libc.a(lib_a-stdio.o)
                0x000070e8                __sread
 .text.__swrite
                0x0000710c       0x3c c:/maxim/toolchain/bin/../lib/gcc/arm-none-eabi/6.3.1/../../../../arm-none-eabi/lib/thumb/v7e-m/fpv4-sp/softfp\libc.a(lib_a-stdio.o)
                0x0000710c                __swrite
 .text.__sseek  0x00007148       0x20 c:/maxim/toolchain/bin/../lib/gcc/arm-none-eabi/6.3.1/../../../../arm-none-eabi/lib/thumb/v7e-m/fpv4-sp/softfp\libc.a(lib_a-stdio.o)
                0x00007148                __sseek
 .text.__sclose
                0x00007168        0x8 c:/maxim/toolchain/bin/../lib/gcc/arm-none-eabi/6.3.1/../../../../arm-none-eabi/lib/thumb/v7e-m/fpv4-sp/softfp\libc.a(lib_a-stdio.o)
                0x00007168                __sclose
 .text.__sprint_r.part.0
                0x00007170       0x80 c:/maxim/toolchain/bin/../lib/gcc/arm-none-eabi/6.3.1/../../../../arm-none-eabi/lib/thumb/v7e-m/fpv4-sp/softfp\libc.a(lib_a-vfiprintf.o)
 .text.__sprint_r
                0x000071f0       0x14 c:/maxim/toolchain/bin/../lib/gcc/arm-none-eabi/6.3.1/../../../../arm-none-eabi/lib/thumb/v7e-m/fpv4-sp/softfp\libc.a(lib_a-vfiprintf.o)
                0x000071f0                __sprint_r
 .text.__ascii_wctomb
                0x00007204       0x1c c:/maxim/toolchain/bin/../lib/gcc/arm-none-eabi/6.3.1/../../../../arm-none-eabi/lib/thumb/v7e-m/fpv4-sp/softfp\libc.a(lib_a-wctomb_r.o)
                0x00007204                __ascii_wctomb
 .text._write_r
                0x00007220       0x2c c:/maxim/toolchain/bin/../lib/gcc/arm-none-eabi/6.3.1/../../../../arm-none-eabi/lib/thumb/v7e-m/fpv4-sp/softfp\libc.a(lib_a-writer.o)
                0x00007220                _write_r
 .text.__register_exitproc
                0x0000724c       0xc4 c:/maxim/toolchain/bin/../lib/gcc/arm-none-eabi/6.3.1/../../../../arm-none-eabi/lib/thumb/v7e-m/fpv4-sp/softfp\libc.a(lib_a-__atexit.o)
                0x0000724c                __register_exitproc
 .text._calloc_r
                0x00007310       0x60 c:/maxim/toolchain/bin/../lib/gcc/arm-none-eabi/6.3.1/../../../../arm-none-eabi/lib/thumb/v7e-m/fpv4-sp/softfp\libc.a(lib_a-callocr.o)
                0x00007310                _calloc_r
 .text._close_r
                0x00007370       0x24 c:/maxim/toolchain/bin/../lib/gcc/arm-none-eabi/6.3.1/../../../../arm-none-eabi/lib/thumb/v7e-m/fpv4-sp/softfp\libc.a(lib_a-closer.o)
                0x00007370                _close_r
 .text._fclose_r
                0x00007394       0xc4 c:/maxim/toolchain/bin/../lib/gcc/arm-none-eabi/6.3.1/../../../../arm-none-eabi/lib/thumb/v7e-m/fpv4-sp/softfp\libc.a(lib_a-fclose.o)
                0x00007394                _fclose_r
 .text.__fputwc
                0x00007458       0xa0 c:/maxim/toolchain/bin/../lib/gcc/arm-none-eabi/6.3.1/../../../../arm-none-eabi/lib/thumb/v7e-m/fpv4-sp/softfp\libc.a(lib_a-fputwc.o)
                0x00007458                __fputwc
 .text._fputwc_r
                0x000074f8       0x68 c:/maxim/toolchain/bin/../lib/gcc/arm-none-eabi/6.3.1/../../../../arm-none-eabi/lib/thumb/v7e-m/fpv4-sp/softfp\libc.a(lib_a-fputwc.o)
                0x000074f8                _fputwc_r
 .text._fstat_r
                0x00007560       0x28 c:/maxim/toolchain/bin/../lib/gcc/arm-none-eabi/6.3.1/../../../../arm-none-eabi/lib/thumb/v7e-m/fpv4-sp/softfp\libc.a(lib_a-fstatr.o)
                0x00007560                _fstat_r
 .text._isatty_r
                0x00007588       0x24 c:/maxim/toolchain/bin/../lib/gcc/arm-none-eabi/6.3.1/../../../../arm-none-eabi/lib/thumb/v7e-m/fpv4-sp/softfp\libc.a(lib_a-isattyr.o)
                0x00007588                _isatty_r
 .text._lseek_r
                0x000075ac       0x2c c:/maxim/toolchain/bin/../lib/gcc/arm-none-eabi/6.3.1/../../../../arm-none-eabi/lib/thumb/v7e-m/fpv4-sp/softfp\libc.a(lib_a-lseekr.o)
                0x000075ac                _lseek_r
 .text._read_r  0x000075d8       0x2c c:/maxim/toolchain/bin/../lib/gcc/arm-none-eabi/6.3.1/../../../../arm-none-eabi/lib/thumb/v7e-m/fpv4-sp/softfp\libc.a(lib_a-readr.o)
                0x000075d8                _read_r
 .text.__swbuf_r
                0x00007604       0xb0 c:/maxim/toolchain/bin/../lib/gcc/arm-none-eabi/6.3.1/../../../../arm-none-eabi/lib/thumb/v7e-m/fpv4-sp/softfp\libc.a(lib_a-wbuf.o)
                0x00007604                __swbuf_r
 .text._wcrtomb_r
                0x000076b4       0x54 c:/maxim/toolchain/bin/../lib/gcc/arm-none-eabi/6.3.1/../../../../arm-none-eabi/lib/thumb/v7e-m/fpv4-sp/softfp\libc.a(lib_a-wcrtomb.o)
                0x000076b4                _wcrtomb_r
 .text          0x00007708      0x370 c:/maxim/toolchain/bin/../lib/gcc/arm-none-eabi/6.3.1/thumb/v7e-m/fpv4-sp/softfp\libgcc.a(_arm_addsubdf3.o)
                0x00007708                __aeabi_drsub
                0x00007710                __aeabi_dsub
                0x00007710                __subdf3
                0x00007714                __aeabi_dadd
                0x00007714                __adddf3
                0x0000798c                __floatunsidf
                0x0000798c                __aeabi_ui2d
                0x000079ac                __floatsidf
                0x000079ac                __aeabi_i2d
                0x000079d0                __aeabi_f2d
                0x000079d0                __extendsfdf2
                0x00007a0c                __floatundidf
                0x00007a0c                __aeabi_ul2d
                0x00007a1c                __floatdidf
                0x00007a1c                __aeabi_l2d
 .text          0x00007a78      0x424 c:/maxim/toolchain/bin/../lib/gcc/arm-none-eabi/6.3.1/thumb/v7e-m/fpv4-sp/softfp\libgcc.a(_arm_muldivdf3.o)
                0x00007a78                __aeabi_dmul
                0x00007a78                __muldf3
                0x00007ccc                __divdf3
                0x00007ccc                __aeabi_ddiv
 .text          0x00007e9c      0x110 c:/maxim/toolchain/bin/../lib/gcc/arm-none-eabi/6.3.1/thumb/v7e-m/fpv4-sp/softfp\libgcc.a(_arm_cmpdf2.o)
                0x00007e9c                __gtdf2
                0x00007e9c                __gedf2
                0x00007ea4                __ltdf2
                0x00007ea4                __ledf2
                0x00007eac                __nedf2
                0x00007eac                __eqdf2
                0x00007eac                __cmpdf2
                0x00007f28                __aeabi_cdrcmple
                0x00007f38                __aeabi_cdcmpeq
                0x00007f38                __aeabi_cdcmple
                0x00007f48                __aeabi_dcmpeq
                0x00007f5c                __aeabi_dcmplt
                0x00007f70                __aeabi_dcmple
                0x00007f84                __aeabi_dcmpge
                0x00007f98                __aeabi_dcmpgt
 .text          0x00007fac       0x2c c:/maxim/toolchain/bin/../lib/gcc/arm-none-eabi/6.3.1/thumb/v7e-m/fpv4-sp/softfp\libgcc.a(_arm_unorddf2.o)
                0x00007fac                __unorddf2
                0x00007fac                __aeabi_dcmpun
 .text          0x00007fd8       0x50 c:/maxim/toolchain/bin/../lib/gcc/arm-none-eabi/6.3.1/thumb/v7e-m/fpv4-sp/softfp\libgcc.a(_arm_fixdfsi.o)
                0x00007fd8                __aeabi_d2iz
                0x00007fd8                __fixdfsi
 .text          0x00008028       0x30 c:/maxim/toolchain/bin/../lib/gcc/arm-none-eabi/6.3.1/thumb/v7e-m/fpv4-sp/softfp\libgcc.a(_aeabi_uldivmod.o)
                0x00008028                __aeabi_uldivmod
 .text          0x00008058      0x2dc c:/maxim/toolchain/bin/../lib/gcc/arm-none-eabi/6.3.1/thumb/v7e-m/fpv4-sp/softfp\libgcc.a(_udivmoddi4.o)
                0x00008058                __udivmoddi4
 .text          0x00008334        0x4 c:/maxim/toolchain/bin/../lib/gcc/arm-none-eabi/6.3.1/thumb/v7e-m/fpv4-sp/softfp\libgcc.a(_dvmd_tls.o)
                0x00008334                __aeabi_idiv0
                0x00008334                __aeabi_ldiv0
 *(.rodata*)
 .rodata        0x00008338       0x10 c:/Users/dan.estarija/workspace/USB_I2C_MAX3263X/build/main.o
 .rodata.LED_On.str1.1
                0x00008348       0x4e c:/Users/dan.estarija/workspace/USB_I2C_MAX3263X/build/main.o
 .rodata.usb_read_callback.str1.1
                0x00008396       0xff c:/Users/dan.estarija/workspace/USB_I2C_MAX3263X/build/main.o
                                0x10b (size before relaxing)
 .rodata.Board_Init.str1.1
                0x00008495       0x45 c:/Users/dan.estarija/workspace/USB_I2C_MAX3263X/build/board.o
 .rodata.HardFault_Handler.str1.1
                0x000084da       0x1a c:/Users/dan.estarija/workspace/USB_I2C_MAX3263X/build/board.o
 .rodata.acm_cfg
                0x000084f4        0x6 c:/Users/dan.estarija/workspace/USB_I2C_MAX3263X/build/board.o
 *fill*         0x000084fa        0x2 
 .rodata.led_pin
                0x000084fc       0x24 c:/Users/dan.estarija/workspace/USB_I2C_MAX3263X/build/board.o
                0x000084fc                led_pin
 .rodata.max14690_cfg
                0x00008520       0x10 c:/Users/dan.estarija/workspace/USB_I2C_MAX3263X/build/board.o
                0x00008520                max14690_cfg
 .rodata.max14690_sys_cfg
                0x00008530       0x10 c:/Users/dan.estarija/workspace/USB_I2C_MAX3263X/build/board.o
                0x00008530                max14690_sys_cfg
 .rodata.mxc_assert.str1.1
                0x00008540       0x19 c:/Users/dan.estarija/workspace/USB_I2C_MAX3263X/build/board.o
 *fill*         0x00008559        0x3 
 .rodata.num_leds
                0x0000855c        0x4 c:/Users/dan.estarija/workspace/USB_I2C_MAX3263X/build/board.o
                0x0000855c                num_leds
 .rodata.num_pbs
                0x00008560        0x4 c:/Users/dan.estarija/workspace/USB_I2C_MAX3263X/build/board.o
                0x00008560                num_pbs
 .rodata.pb_pin
                0x00008564        0xc c:/Users/dan.estarija/workspace/USB_I2C_MAX3263X/build/board.o
                0x00008564                pb_pin
 .rodata.GPIO_Config.str1.1
                0x00008570       0x31 c:/Users/dan.estarija/workspace/USB_I2C_MAX3263X/build/PeriphDriver/PeriphDriver.a(gpio.o)
 .rodata.GPIO_Handler.str1.1
                0x000085a1       0x31 c:/Users/dan.estarija/workspace/USB_I2C_MAX3263X/build/PeriphDriver/PeriphDriver.a(gpio.o)
                                 0x1a (size before relaxing)
 .rodata.I2CM_Init.str1.1
                0x000085a1       0x1c c:/Users/dan.estarija/workspace/USB_I2C_MAX3263X/build/PeriphDriver/PeriphDriver.a(i2cm.o)
 *fill*         0x000085bd        0x3 
 .rodata.clk_div_table
                0x000085c0       0x60 c:/Users/dan.estarija/workspace/USB_I2C_MAX3263X/build/PeriphDriver/PeriphDriver.a(i2cm.o)
 .rodata.TMR_Init.str1.1
                0x00008620       0x19 c:/Users/dan.estarija/workspace/USB_I2C_MAX3263X/build/PeriphDriver/PeriphDriver.a(tmr.o)
 .rodata.CLKMAN_SetClkScale.str1.1
                0x00008639       0x31 c:/Users/dan.estarija/workspace/USB_I2C_MAX3263X/build/PeriphDriver/PeriphDriver.a(clkman.o)
 .rodata.CLKMAN_SetSystemClock.str1.1
                0x0000866a       0x33 c:/Users/dan.estarija/workspace/USB_I2C_MAX3263X/build/PeriphDriver/PeriphDriver.a(clkman.o)
 *fill*         0x0000869d        0x3 
 .rodata.enum_req_init
                0x000086a0       0x24 c:/Users/dan.estarija/workspace/USB_I2C_MAX3263X/build/MAXUSB/maxusb.a(enumerate.o)
 .rodata._global_impure_ptr
                0x000086c4        0x4 c:/maxim/toolchain/bin/../lib/gcc/arm-none-eabi/6.3.1/../../../../arm-none-eabi/lib/thumb/v7e-m/fpv4-sp/softfp\libc.a(lib_a-impure.o)
                0x000086c4                _global_impure_ptr
 .rodata._puts_r.str1.4
                0x000086c8        0x2 c:/maxim/toolchain/bin/../lib/gcc/arm-none-eabi/6.3.1/../../../../arm-none-eabi/lib/thumb/v7e-m/fpv4-sp/softfp\libc.a(lib_a-puts.o)
 *fill*         0x000086ca        0x2 
 .rodata._vfprintf_r.str1.4
                0x000086cc       0x42 c:/maxim/toolchain/bin/../lib/gcc/arm-none-eabi/6.3.1/../../../../arm-none-eabi/lib/thumb/v7e-m/fpv4-sp/softfp\libc.a(lib_a-vfprintf.o)
 *fill*         0x0000870e        0x2 
 .rodata.blanks.8366
                0x00008710       0x10 c:/maxim/toolchain/bin/../lib/gcc/arm-none-eabi/6.3.1/../../../../arm-none-eabi/lib/thumb/v7e-m/fpv4-sp/softfp\libc.a(lib_a-vfprintf.o)
 .rodata.zeroes.8367
                0x00008720       0x10 c:/maxim/toolchain/bin/../lib/gcc/arm-none-eabi/6.3.1/../../../../arm-none-eabi/lib/thumb/v7e-m/fpv4-sp/softfp\libc.a(lib_a-vfprintf.o)
 .rodata._dtoa_r.str1.4
                0x00008730       0x10 c:/maxim/toolchain/bin/../lib/gcc/arm-none-eabi/6.3.1/../../../../arm-none-eabi/lib/thumb/v7e-m/fpv4-sp/softfp\libc.a(lib_a-dtoa.o)
                                 0x12 (size before relaxing)
 .rodata._setlocale_r.str1.4
                0x00008740        0xa c:/maxim/toolchain/bin/../lib/gcc/arm-none-eabi/6.3.1/../../../../arm-none-eabi/lib/thumb/v7e-m/fpv4-sp/softfp\libc.a(lib_a-locale.o)
                                  0xd (size before relaxing)
 *fill*         0x0000874a        0x2 
 .rodata.str1.4
                0x0000874c        0x4 c:/maxim/toolchain/bin/../lib/gcc/arm-none-eabi/6.3.1/../../../../arm-none-eabi/lib/thumb/v7e-m/fpv4-sp/softfp\libc.a(lib_a-locale.o)
                                  0x2 (size before relaxing)
 .rodata.__mprec_bigtens
                0x00008750       0x28 c:/maxim/toolchain/bin/../lib/gcc/arm-none-eabi/6.3.1/../../../../arm-none-eabi/lib/thumb/v7e-m/fpv4-sp/softfp\libc.a(lib_a-mprec.o)
                0x00008750                __mprec_bigtens
 .rodata.__mprec_tens
                0x00008778       0xc8 c:/maxim/toolchain/bin/../lib/gcc/arm-none-eabi/6.3.1/../../../../arm-none-eabi/lib/thumb/v7e-m/fpv4-sp/softfp\libc.a(lib_a-mprec.o)
                0x00008778                __mprec_tens
 .rodata.p05.7183
                0x00008840        0xc c:/maxim/toolchain/bin/../lib/gcc/arm-none-eabi/6.3.1/../../../../arm-none-eabi/lib/thumb/v7e-m/fpv4-sp/softfp\libc.a(lib_a-mprec.o)
 .rodata._ctype_
                0x0000884c      0x101 c:/maxim/toolchain/bin/../lib/gcc/arm-none-eabi/6.3.1/../../../../arm-none-eabi/lib/thumb/v7e-m/fpv4-sp/softfp\libc.a(lib_a-ctype_.o)
                0x0000884c                _ctype_
 *(.init)
 *fill*         0x0000894d        0x3 
 .init          0x00008950        0x4 c:/maxim/toolchain/bin/../lib/gcc/arm-none-eabi/6.3.1/thumb/v7e-m/fpv4-sp/softfp/crti.o
                0x00008950                _init
 .init          0x00008954        0x8 c:/maxim/toolchain/bin/../lib/gcc/arm-none-eabi/6.3.1/thumb/v7e-m/fpv4-sp/softfp/crtn.o
 *(.fini)
 .fini          0x0000895c        0x4 c:/maxim/toolchain/bin/../lib/gcc/arm-none-eabi/6.3.1/thumb/v7e-m/fpv4-sp/softfp/crti.o
                0x0000895c                _fini
 .fini          0x00008960        0x8 c:/maxim/toolchain/bin/../lib/gcc/arm-none-eabi/6.3.1/thumb/v7e-m/fpv4-sp/softfp/crtn.o
 *(.eh_frame*)
 .eh_frame      0x00008968        0x0 c:/maxim/toolchain/bin/../lib/gcc/arm-none-eabi/6.3.1/thumb/v7e-m/fpv4-sp/softfp/crtbegin.o
 .eh_frame      0x00008968        0x4 c:/maxim/toolchain/bin/../lib/gcc/arm-none-eabi/6.3.1/thumb/v7e-m/fpv4-sp/softfp/crtend.o
                0x0000896c                _etext = .

.glue_7         0x0000896c        0x0
 .glue_7        0x0000896c        0x0 linker stubs

.glue_7t        0x0000896c        0x0
 .glue_7t       0x0000896c        0x0 linker stubs

.vfp11_veneer   0x0000896c        0x0
 .vfp11_veneer  0x0000896c        0x0 linker stubs

.v4_bx          0x0000896c        0x0
 .v4_bx         0x0000896c        0x0 linker stubs

.iplt           0x0000896c        0x0
 .iplt          0x0000896c        0x0 c:/maxim/toolchain/bin/../lib/gcc/arm-none-eabi/6.3.1/thumb/v7e-m/fpv4-sp/softfp/crtbegin.o

.ARM.exidx      0x0000896c        0x8
                0x0000896c                __exidx_start = .
 *(.ARM.exidx*)
 .ARM.exidx     0x0000896c        0x8 c:/maxim/toolchain/bin/../lib/gcc/arm-none-eabi/6.3.1/thumb/v7e-m/fpv4-sp/softfp\libgcc.a(_udivmoddi4.o)
                0x00008974                __exidx_end = .

.rel.dyn        0x00008974        0x0
 .rel.iplt      0x00008974        0x0 c:/maxim/toolchain/bin/../lib/gcc/arm-none-eabi/6.3.1/thumb/v7e-m/fpv4-sp/softfp/crtbegin.o

.data           0x20000000      0xa84 load address 0x00008974
                0x20000000                _data = ALIGN (., 0x4)
 *(.data*)
 .data.i2cm_sys_cfg
                0x20000000       0x10 c:/Users/dan.estarija/workspace/USB_I2C_MAX3263X/build/main.o
 .data.config_descriptor
                0x20000010       0x43 c:/Users/dan.estarija/workspace/USB_I2C_MAX3263X/build/board.o
                0x20000010                config_descriptor
 *fill*         0x20000053        0x1 
 .data.device_descriptor
                0x20000054       0x12 c:/Users/dan.estarija/workspace/USB_I2C_MAX3263X/build/board.o
                0x20000054                device_descriptor
 *fill*         0x20000066        0x2 
 .data.lang_id_desc
                0x20000068        0x4 c:/Users/dan.estarija/workspace/USB_I2C_MAX3263X/build/board.o
                0x20000068                lang_id_desc
 .data.mfg_id_desc
                0x2000006c       0x22 c:/Users/dan.estarija/workspace/USB_I2C_MAX3263X/build/board.o
                0x2000006c                mfg_id_desc
 *fill*         0x2000008e        0x2 
 .data.prod_id_desc
                0x20000090       0x22 c:/Users/dan.estarija/workspace/USB_I2C_MAX3263X/build/board.o
                0x20000090                prod_id_desc
 *fill*         0x200000b2        0x2 
 .data.SystemCoreClock
                0x200000b4        0x4 c:/Users/dan.estarija/workspace/USB_I2C_MAX3263X/build/system_max3263x.o
                0x200000b4                SystemCoreClock
 .data.line_coding
                0x200000b8        0x7 c:/Users/dan.estarija/workspace/USB_I2C_MAX3263X/build/MAXUSB/maxusb.a(cdc_acm.o)
 *fill*         0x200000bf        0x1 
 .data.notify_data
                0x200000c0        0xa c:/Users/dan.estarija/workspace/USB_I2C_MAX3263X/build/MAXUSB/maxusb.a(cdc_acm.o)
 *fill*         0x200000ca        0x2 
 .data._impure_ptr
                0x200000cc        0x4 c:/maxim/toolchain/bin/../lib/gcc/arm-none-eabi/6.3.1/../../../../arm-none-eabi/lib/thumb/v7e-m/fpv4-sp/softfp\libc.a(lib_a-impure.o)
                0x200000cc                _impure_ptr
 .data.impure_data
                0x200000d0      0x428 c:/maxim/toolchain/bin/../lib/gcc/arm-none-eabi/6.3.1/../../../../arm-none-eabi/lib/thumb/v7e-m/fpv4-sp/softfp\libc.a(lib_a-impure.o)
 .data.__atexit_recursive_mutex
                0x200004f8        0x4 c:/maxim/toolchain/bin/../lib/gcc/arm-none-eabi/6.3.1/../../../../arm-none-eabi/lib/thumb/v7e-m/fpv4-sp/softfp\libc.a(lib_a-__call_atexit.o)
                0x200004f8                __atexit_recursive_mutex
 .data.__global_locale
                0x200004fc      0x16c c:/maxim/toolchain/bin/../lib/gcc/arm-none-eabi/6.3.1/../../../../arm-none-eabi/lib/thumb/v7e-m/fpv4-sp/softfp\libc.a(lib_a-locale.o)
                0x200004fc                __global_locale
 .data.__malloc_av_
                0x20000668      0x408 c:/maxim/toolchain/bin/../lib/gcc/arm-none-eabi/6.3.1/../../../../arm-none-eabi/lib/thumb/v7e-m/fpv4-sp/softfp\libc.a(lib_a-mallocr.o)
                0x20000668                __malloc_av_
 .data.__malloc_sbrk_base
                0x20000a70        0x4 c:/maxim/toolchain/bin/../lib/gcc/arm-none-eabi/6.3.1/../../../../arm-none-eabi/lib/thumb/v7e-m/fpv4-sp/softfp\libc.a(lib_a-mallocr.o)
                0x20000a70                __malloc_sbrk_base
 .data.__malloc_trim_threshold
                0x20000a74        0x4 c:/maxim/toolchain/bin/../lib/gcc/arm-none-eabi/6.3.1/../../../../arm-none-eabi/lib/thumb/v7e-m/fpv4-sp/softfp\libc.a(lib_a-mallocr.o)
                0x20000a74                __malloc_trim_threshold
 *(.spix_config*)
                0x20000a78                . = ALIGN (0x4)
                0x20000a78                PROVIDE (__preinit_array_start, .)
 *(.preinit_array)
                0x20000a78                PROVIDE (__preinit_array_end, .)
                0x20000a78                . = ALIGN (0x4)
                0x20000a78                PROVIDE (__init_array_start, .)
 *(SORT(.init_array.*))
 .init_array.00000
                0x20000a78        0x4 c:/maxim/toolchain/bin/../lib/gcc/arm-none-eabi/6.3.1/../../../../arm-none-eabi/lib/thumb/v7e-m/fpv4-sp/softfp\libc.a(lib_a-__call_atexit.o)
 *(.init_array)
 .init_array    0x20000a7c        0x4 c:/maxim/toolchain/bin/../lib/gcc/arm-none-eabi/6.3.1/thumb/v7e-m/fpv4-sp/softfp/crtbegin.o
                0x20000a80                PROVIDE (__init_array_end, .)
                0x20000a80                . = ALIGN (0x4)
                0x20000a80                PROVIDE (__fini_array_start, .)
 *(SORT(.fini_array.*))
 *(.fini_array)
 .fini_array    0x20000a80        0x4 c:/maxim/toolchain/bin/../lib/gcc/arm-none-eabi/6.3.1/thumb/v7e-m/fpv4-sp/softfp/crtbegin.o
                0x20000a84                PROVIDE (__fini_array_end, .)
                0x20000a84                _edata = ALIGN (., 0x4)
                0x00008974                __load_data = LOADADDR (.data)

.jcr            0x20000a84        0x0 load address 0x000093f8
 .jcr           0x20000a84        0x0 c:/maxim/toolchain/bin/../lib/gcc/arm-none-eabi/6.3.1/thumb/v7e-m/fpv4-sp/softfp/crtbegin.o

.igot.plt       0x20000a84        0x0 load address 0x000093f8
 .igot.plt      0x20000a84        0x0 c:/maxim/toolchain/bin/../lib/gcc/arm-none-eabi/6.3.1/thumb/v7e-m/fpv4-sp/softfp/crtbegin.o

.bss            0x20000c00      0x8e0 load address 0x000093f8
                0x20000c00                . = ALIGN (0x4)
                0x20000c00                _bss = .
 *(.bss*)
 .bss           0x20000c00       0x1c c:/maxim/toolchain/bin/../lib/gcc/arm-none-eabi/6.3.1/thumb/v7e-m/fpv4-sp/softfp/crtbegin.o
 .bss.argv      0x20000c1c       0x10 c:/Users/dan.estarija/workspace/USB_I2C_MAX3263X/build/main.o
 .bss.command.9228
                0x20000c2c        0x1 c:/Users/dan.estarija/workspace/USB_I2C_MAX3263X/build/main.o
 .bss.debug_en  0x20000c2d        0x1 c:/Users/dan.estarija/workspace/USB_I2C_MAX3263X/build/main.o
 .bss.usb_data  0x20000c2e       0x20 c:/Users/dan.estarija/workspace/USB_I2C_MAX3263X/build/main.o
 *fill*         0x20000c4e        0x2 
 .bss.heap_end  0x20000c50        0x4 c:/Users/dan.estarija/workspace/USB_I2C_MAX3263X/build/heap.o
 .bss.callbacks
                0x20000c54      0x120 c:/Users/dan.estarija/workspace/USB_I2C_MAX3263X/build/PeriphDriver/PeriphDriver.a(gpio.o)
 .bss.cbparam   0x20000d74      0x120 c:/Users/dan.estarija/workspace/USB_I2C_MAX3263X/build/PeriphDriver/PeriphDriver.a(gpio.o)
 .bss.states    0x20000e94       0x18 c:/Users/dan.estarija/workspace/USB_I2C_MAX3263X/build/PeriphDriver/PeriphDriver.a(i2cm.o)
 .bss.prescaler
                0x20000eac        0x6 c:/Users/dan.estarija/workspace/USB_I2C_MAX3263X/build/PeriphDriver/PeriphDriver.a(tmr.o)
 .bss.ep_size   0x20000eb2        0x8 c:/Users/dan.estarija/workspace/USB_I2C_MAX3263X/build/MAXUSB/maxusb.a(usb.o)
 *fill*         0x20000eba        0x2 
 .bss.usb_request
                0x20000ebc       0x20 c:/Users/dan.estarija/workspace/USB_I2C_MAX3263X/build/MAXUSB/maxusb.a(usb.o)
 .bss.callback  0x20000edc       0x48 c:/Users/dan.estarija/workspace/USB_I2C_MAX3263X/build/MAXUSB/maxusb.a(usb_event.o)
 .bss.events    0x20000f24        0x4 c:/Users/dan.estarija/workspace/USB_I2C_MAX3263X/build/MAXUSB/maxusb.a(usb_event.o)
 .bss.callback  0x20000f28       0x38 c:/Users/dan.estarija/workspace/USB_I2C_MAX3263X/build/MAXUSB/maxusb.a(enumerate.o)
 .bss.callback_getdescriptor
                0x20000f60        0x4 c:/Users/dan.estarija/workspace/USB_I2C_MAX3263X/build/MAXUSB/maxusb.a(enumerate.o)
 .bss.config_value
                0x20000f64        0x1 c:/Users/dan.estarija/workspace/USB_I2C_MAX3263X/build/MAXUSB/maxusb.a(enumerate.o)
 .bss.device_status
                0x20000f65        0x1 c:/Users/dan.estarija/workspace/USB_I2C_MAX3263X/build/MAXUSB/maxusb.a(enumerate.o)
 *fill*         0x20000f66        0x2 
 .bss.enum_data
                0x20000f68        0x2 c:/Users/dan.estarija/workspace/USB_I2C_MAX3263X/build/MAXUSB/maxusb.a(enumerate.o)
 *fill*         0x20000f6a        0x2 
 .bss.enum_req  0x20000f6c       0x24 c:/Users/dan.estarija/workspace/USB_I2C_MAX3263X/build/MAXUSB/maxusb.a(enumerate.o)
 .bss.BREAK_signal
                0x20000f90        0x4 c:/Users/dan.estarija/workspace/USB_I2C_MAX3263X/build/MAXUSB/maxusb.a(cdc_acm.o)
 .bss.DTE_present
                0x20000f94        0x4 c:/Users/dan.estarija/workspace/USB_I2C_MAX3263X/build/MAXUSB/maxusb.a(cdc_acm.o)
 .bss.callback  0x20000f98       0x10 c:/Users/dan.estarija/workspace/USB_I2C_MAX3263X/build/MAXUSB/maxusb.a(cdc_acm.o)
 .bss.creq      0x20000fa8       0x24 c:/Users/dan.estarija/workspace/USB_I2C_MAX3263X/build/MAXUSB/maxusb.a(cdc_acm.o)
 .bss.in_ep     0x20000fcc        0x1 c:/Users/dan.estarija/workspace/USB_I2C_MAX3263X/build/MAXUSB/maxusb.a(cdc_acm.o)
 .bss.notify_ep
                0x20000fcd        0x1 c:/Users/dan.estarija/workspace/USB_I2C_MAX3263X/build/MAXUSB/maxusb.a(cdc_acm.o)
 *fill*         0x20000fce        0x2 
 .bss.nreq      0x20000fd0       0x24 c:/Users/dan.estarija/workspace/USB_I2C_MAX3263X/build/MAXUSB/maxusb.a(cdc_acm.o)
 .bss.out_ep    0x20000ff4        0x1 c:/Users/dan.estarija/workspace/USB_I2C_MAX3263X/build/MAXUSB/maxusb.a(cdc_acm.o)
 .bss.rbuf      0x20000ff5       0x81 c:/Users/dan.estarija/workspace/USB_I2C_MAX3263X/build/MAXUSB/maxusb.a(cdc_acm.o)
 *fill*         0x20001076        0x2 
 .bss.repbuf    0x20001078       0x40 c:/Users/dan.estarija/workspace/USB_I2C_MAX3263X/build/MAXUSB/maxusb.a(cdc_acm.o)
 .bss.rfifo     0x200010b8       0x10 c:/Users/dan.estarija/workspace/USB_I2C_MAX3263X/build/MAXUSB/maxusb.a(cdc_acm.o)
 .bss.rreq      0x200010c8       0x24 c:/Users/dan.estarija/workspace/USB_I2C_MAX3263X/build/MAXUSB/maxusb.a(cdc_acm.o)
 .bss.rreq_complete
                0x200010ec        0x4 c:/Users/dan.estarija/workspace/USB_I2C_MAX3263X/build/MAXUSB/maxusb.a(cdc_acm.o)
 .bss.wbuf      0x200010f0       0x81 c:/Users/dan.estarija/workspace/USB_I2C_MAX3263X/build/MAXUSB/maxusb.a(cdc_acm.o)
 *fill*         0x20001171        0x3 
 .bss.wepbuf    0x20001174       0x40 c:/Users/dan.estarija/workspace/USB_I2C_MAX3263X/build/MAXUSB/maxusb.a(cdc_acm.o)
 .bss.wfifo     0x200011b4       0x10 c:/Users/dan.estarija/workspace/USB_I2C_MAX3263X/build/MAXUSB/maxusb.a(cdc_acm.o)
 .bss.wreq      0x200011c4       0x24 c:/Users/dan.estarija/workspace/USB_I2C_MAX3263X/build/MAXUSB/maxusb.a(cdc_acm.o)
 .bss.__malloc_current_mallinfo
                0x200011e8       0x28 c:/maxim/toolchain/bin/../lib/gcc/arm-none-eabi/6.3.1/../../../../arm-none-eabi/lib/thumb/v7e-m/fpv4-sp/softfp\libc.a(lib_a-mallocr.o)
                0x200011e8                __malloc_current_mallinfo
 .bss.__malloc_max_sbrked_mem
                0x20001210        0x4 c:/maxim/toolchain/bin/../lib/gcc/arm-none-eabi/6.3.1/../../../../arm-none-eabi/lib/thumb/v7e-m/fpv4-sp/softfp\libc.a(lib_a-mallocr.o)
                0x20001210                __malloc_max_sbrked_mem
 .bss.__malloc_max_total_mem
                0x20001214        0x4 c:/maxim/toolchain/bin/../lib/gcc/arm-none-eabi/6.3.1/../../../../arm-none-eabi/lib/thumb/v7e-m/fpv4-sp/softfp\libc.a(lib_a-mallocr.o)
                0x20001214                __malloc_max_total_mem
 .bss.__malloc_top_pad
                0x20001218        0x4 c:/maxim/toolchain/bin/../lib/gcc/arm-none-eabi/6.3.1/../../../../arm-none-eabi/lib/thumb/v7e-m/fpv4-sp/softfp\libc.a(lib_a-mallocr.o)
                0x20001218                __malloc_top_pad
 *(COMMON)
 COMMON         0x2000121c       0x10 c:/Users/dan.estarija/workspace/USB_I2C_MAX3263X/build/board.o
                0x2000121c                remote_wake_en
                0x20001220                event_flags
                0x20001224                configured
                0x20001228                suspended
 *fill*         0x2000122c      0x1d4 
 COMMON         0x20001400       0x90 c:/Users/dan.estarija/workspace/USB_I2C_MAX3263X/build/MAXUSB/maxusb.a(usb.o)
                0x20001400                ep_buffer_descriptor
 COMMON         0x20001490       0x28 c:/Users/dan.estarija/workspace/USB_I2C_MAX3263X/build/MAXUSB/maxusb.a(enumerate.o)
                0x20001490                enum_desc_table
 COMMON         0x200014b8       0x21 c:/maxim/toolchain/bin/../lib/gcc/arm-none-eabi/6.3.1/../../../../arm-none-eabi/lib/thumb/v7e-m/fpv4-sp/softfp\libc.a(lib_a-lock.o)
                0x200014b8                __lock___atexit_recursive_mutex
                0x200014bc                __lock___arc4random_mutex
                0x200014c0                __lock___env_recursive_mutex
                0x200014c4                __lock___sinit_recursive_mutex
                0x200014c8                __lock___malloc_recursive_mutex
                0x200014cc                __lock___at_quick_exit_mutex
                0x200014d0                __lock___dd_hash_mutex
                0x200014d4                __lock___tz_mutex
                0x200014d8                __lock___sfp_recursive_mutex
 *fill*         0x200014d9        0x3 
 COMMON         0x200014dc        0x4 c:/maxim/toolchain/bin/../lib/gcc/arm-none-eabi/6.3.1/../../../../arm-none-eabi/lib/thumb/v7e-m/fpv4-sp/softfp\libc.a(lib_a-reent.o)
                0x200014dc                errno
                0x200014e0                _ebss = ALIGN (., 0x4)
                0x20080000                __StackTop = (ORIGIN (SRAM) + LENGTH (SRAM))
                0x2007f000                __StackLimit = (__StackTop - SIZEOF (.stack_dummy))

.stack_dummy    0x200014e0     0x1000 load address 0x000093f8
 *(.stack*)
 .stack         0x200014e0     0x1000 c:/Users/dan.estarija/workspace/USB_I2C_MAX3263X/build/startup_max3263x.o

.heap           0x200014e0      0xc00 load address 0x000093f8
                0x200014e0                . = ALIGN (0x4)
 *(.heap*)
 .heap          0x200014e0      0xc00 c:/Users/dan.estarija/workspace/USB_I2C_MAX3263X/build/startup_max3263x.o
                0x200014e0                __HeapBase
                0x2007f000                __HeapLimit = ABSOLUTE (__StackLimit)
                0x20080000                PROVIDE (__stack, __StackTop)
                0x00000001                ASSERT ((__StackLimit >= _ebss), region RAM overflowed with stack)
OUTPUT(c:/Users/dan.estarija/workspace/USB_I2C_MAX3263X/build/max3263X.elf elf32-littlearm)

.ARM.attributes
                0x00000000       0x2e
 .ARM.attributes
                0x00000000       0x22 c:/maxim/toolchain/bin/../lib/gcc/arm-none-eabi/6.3.1/thumb/v7e-m/fpv4-sp/softfp/crti.o
 .ARM.attributes
                0x00000022       0x32 c:/maxim/toolchain/bin/../lib/gcc/arm-none-eabi/6.3.1/thumb/v7e-m/fpv4-sp/softfp/crtbegin.o
 .ARM.attributes
                0x00000054       0x37 c:/Users/dan.estarija/workspace/USB_I2C_MAX3263X/build/main.o
 .ARM.attributes
                0x0000008b       0x37 c:/Users/dan.estarija/workspace/USB_I2C_MAX3263X/build/board.o
 .ARM.attributes
                0x000000c2       0x37 c:/Users/dan.estarija/workspace/USB_I2C_MAX3263X/build/stdio.o
 .ARM.attributes
                0x000000f9       0x37 c:/Users/dan.estarija/workspace/USB_I2C_MAX3263X/build/led.o
 .ARM.attributes
                0x00000130       0x37 c:/Users/dan.estarija/workspace/USB_I2C_MAX3263X/build/pb.o
 .ARM.attributes
                0x00000167       0x37 c:/Users/dan.estarija/workspace/USB_I2C_MAX3263X/build/max14690.o
 .ARM.attributes
                0x0000019e       0x1b c:/Users/dan.estarija/workspace/USB_I2C_MAX3263X/build/startup_max3263x.o
 .ARM.attributes
                0x000001b9       0x37 c:/Users/dan.estarija/workspace/USB_I2C_MAX3263X/build/heap.o
 .ARM.attributes
                0x000001f0       0x37 c:/Users/dan.estarija/workspace/USB_I2C_MAX3263X/build/system_max3263x.o
 .ARM.attributes
                0x00000227       0x37 c:/Users/dan.estarija/workspace/USB_I2C_MAX3263X/build/PeriphDriver/PeriphDriver.a(gpio.o)
 .ARM.attributes
                0x0000025e       0x37 c:/Users/dan.estarija/workspace/USB_I2C_MAX3263X/build/PeriphDriver/PeriphDriver.a(i2cm.o)
 .ARM.attributes
                0x00000295       0x37 c:/Users/dan.estarija/workspace/USB_I2C_MAX3263X/build/PeriphDriver/PeriphDriver.a(lp.o)
 .ARM.attributes
                0x000002cc       0x37 c:/Users/dan.estarija/workspace/USB_I2C_MAX3263X/build/PeriphDriver/PeriphDriver.a(mxc_lock.o)
 .ARM.attributes
                0x00000303       0x37 c:/Users/dan.estarija/workspace/USB_I2C_MAX3263X/build/PeriphDriver/PeriphDriver.a(mxc_sys.o)
 .ARM.attributes
                0x0000033a       0x37 c:/Users/dan.estarija/workspace/USB_I2C_MAX3263X/build/PeriphDriver/PeriphDriver.a(tmr.o)
 .ARM.attributes
                0x00000371       0x37 c:/Users/dan.estarija/workspace/USB_I2C_MAX3263X/build/PeriphDriver/PeriphDriver.a(clkman.o)
 .ARM.attributes
                0x000003a8       0x37 c:/Users/dan.estarija/workspace/USB_I2C_MAX3263X/build/PeriphDriver/PeriphDriver.a(ioman.o)
 .ARM.attributes
                0x000003df       0x37 c:/Users/dan.estarija/workspace/USB_I2C_MAX3263X/build/MAXUSB/maxusb.a(usb.o)
 .ARM.attributes
                0x00000416       0x37 c:/Users/dan.estarija/workspace/USB_I2C_MAX3263X/build/MAXUSB/maxusb.a(usb_event.o)
 .ARM.attributes
                0x0000044d       0x37 c:/Users/dan.estarija/workspace/USB_I2C_MAX3263X/build/MAXUSB/maxusb.a(enumerate.o)
 .ARM.attributes
                0x00000484       0x37 c:/Users/dan.estarija/workspace/USB_I2C_MAX3263X/build/MAXUSB/maxusb.a(cdc_acm.o)
 .ARM.attributes
                0x000004bb       0x37 c:/Users/dan.estarija/workspace/USB_I2C_MAX3263X/build/MAXUSB/maxusb.a(fifo.o)
 .ARM.attributes
                0x000004f2       0x32 c:/maxim/toolchain/bin/../lib/gcc/arm-none-eabi/6.3.1/../../../../arm-none-eabi/lib/thumb/v7e-m/fpv4-sp/softfp\libc.a(lib_a-errno.o)
 .ARM.attributes
                0x00000524       0x32 c:/maxim/toolchain/bin/../lib/gcc/arm-none-eabi/6.3.1/../../../../arm-none-eabi/lib/thumb/v7e-m/fpv4-sp/softfp\libc.a(lib_a-impure.o)
 .ARM.attributes
                0x00000556       0x32 c:/maxim/toolchain/bin/../lib/gcc/arm-none-eabi/6.3.1/../../../../arm-none-eabi/lib/thumb/v7e-m/fpv4-sp/softfp\libc.a(lib_a-init.o)
 .ARM.attributes
                0x00000588       0x32 c:/maxim/toolchain/bin/../lib/gcc/arm-none-eabi/6.3.1/../../../../arm-none-eabi/lib/thumb/v7e-m/fpv4-sp/softfp\libc.a(lib_a-memset.o)
 .ARM.attributes
                0x000005ba       0x32 c:/maxim/toolchain/bin/../lib/gcc/arm-none-eabi/6.3.1/../../../../arm-none-eabi/lib/thumb/v7e-m/fpv4-sp/softfp\libc.a(lib_a-printf.o)
 .ARM.attributes
                0x000005ec       0x32 c:/maxim/toolchain/bin/../lib/gcc/arm-none-eabi/6.3.1/../../../../arm-none-eabi/lib/thumb/v7e-m/fpv4-sp/softfp\libc.a(lib_a-puts.o)
 .ARM.attributes
                0x0000061e       0x20 c:/maxim/toolchain/bin/../lib/gcc/arm-none-eabi/6.3.1/../../../../arm-none-eabi/lib/thumb/v7e-m/fpv4-sp/softfp\libc.a(lib_a-strcmp.o)
 .ARM.attributes
                0x0000063e       0x20 c:/maxim/toolchain/bin/../lib/gcc/arm-none-eabi/6.3.1/../../../../arm-none-eabi/lib/thumb/v7e-m/fpv4-sp/softfp\libc.a(lib_a-strlen.o)
 .ARM.attributes
                0x0000065e       0x32 c:/maxim/toolchain/bin/../lib/gcc/arm-none-eabi/6.3.1/../../../../arm-none-eabi/lib/thumb/v7e-m/fpv4-sp/softfp\libc.a(lib_a-strtol.o)
 .ARM.attributes
                0x00000690       0x32 c:/maxim/toolchain/bin/../lib/gcc/arm-none-eabi/6.3.1/../../../../arm-none-eabi/lib/thumb/v7e-m/fpv4-sp/softfp\libc.a(lib_a-vfprintf.o)
 .ARM.attributes
                0x000006c2       0x32 c:/maxim/toolchain/bin/../lib/gcc/arm-none-eabi/6.3.1/../../../../arm-none-eabi/lib/thumb/v7e-m/fpv4-sp/softfp\libc.a(lib_a-wsetup.o)
 .ARM.attributes
                0x000006f4       0x32 c:/maxim/toolchain/bin/../lib/gcc/arm-none-eabi/6.3.1/../../../../arm-none-eabi/lib/thumb/v7e-m/fpv4-sp/softfp\libc.a(lib_a-__call_atexit.o)
 .ARM.attributes
                0x00000726       0x32 c:/maxim/toolchain/bin/../lib/gcc/arm-none-eabi/6.3.1/../../../../arm-none-eabi/lib/thumb/v7e-m/fpv4-sp/softfp\libc.a(lib_a-atexit.o)
 .ARM.attributes
                0x00000758       0x32 c:/maxim/toolchain/bin/../lib/gcc/arm-none-eabi/6.3.1/../../../../arm-none-eabi/lib/thumb/v7e-m/fpv4-sp/softfp\libc.a(lib_a-dtoa.o)
 .ARM.attributes
                0x0000078a       0x32 c:/maxim/toolchain/bin/../lib/gcc/arm-none-eabi/6.3.1/../../../../arm-none-eabi/lib/thumb/v7e-m/fpv4-sp/softfp\libc.a(lib_a-fflush.o)
 .ARM.attributes
                0x000007bc       0x32 c:/maxim/toolchain/bin/../lib/gcc/arm-none-eabi/6.3.1/../../../../arm-none-eabi/lib/thumb/v7e-m/fpv4-sp/softfp\libc.a(lib_a-findfp.o)
 .ARM.attributes
                0x000007ee       0x32 c:/maxim/toolchain/bin/../lib/gcc/arm-none-eabi/6.3.1/../../../../arm-none-eabi/lib/thumb/v7e-m/fpv4-sp/softfp\libc.a(lib_a-fini.o)
 .ARM.attributes
                0x00000820       0x32 c:/maxim/toolchain/bin/../lib/gcc/arm-none-eabi/6.3.1/../../../../arm-none-eabi/lib/thumb/v7e-m/fpv4-sp/softfp\libc.a(lib_a-freer.o)
 .ARM.attributes
                0x00000852       0x32 c:/maxim/toolchain/bin/../lib/gcc/arm-none-eabi/6.3.1/../../../../arm-none-eabi/lib/thumb/v7e-m/fpv4-sp/softfp\libc.a(lib_a-fvwrite.o)
 .ARM.attributes
                0x00000884       0x32 c:/maxim/toolchain/bin/../lib/gcc/arm-none-eabi/6.3.1/../../../../arm-none-eabi/lib/thumb/v7e-m/fpv4-sp/softfp\libc.a(lib_a-fwalk.o)
 .ARM.attributes
                0x000008b6       0x32 c:/maxim/toolchain/bin/../lib/gcc/arm-none-eabi/6.3.1/../../../../arm-none-eabi/lib/thumb/v7e-m/fpv4-sp/softfp\libc.a(lib_a-locale.o)
 .ARM.attributes
                0x000008e8       0x32 c:/maxim/toolchain/bin/../lib/gcc/arm-none-eabi/6.3.1/../../../../arm-none-eabi/lib/thumb/v7e-m/fpv4-sp/softfp\libc.a(lib_a-localeconv.o)
 .ARM.attributes
                0x0000091a       0x32 c:/maxim/toolchain/bin/../lib/gcc/arm-none-eabi/6.3.1/../../../../arm-none-eabi/lib/thumb/v7e-m/fpv4-sp/softfp\libc.a(lib_a-lock.o)
 .ARM.attributes
                0x0000094c       0x32 c:/maxim/toolchain/bin/../lib/gcc/arm-none-eabi/6.3.1/../../../../arm-none-eabi/lib/thumb/v7e-m/fpv4-sp/softfp\libc.a(lib_a-makebuf.o)
 .ARM.attributes
                0x0000097e       0x32 c:/maxim/toolchain/bin/../lib/gcc/arm-none-eabi/6.3.1/../../../../arm-none-eabi/lib/thumb/v7e-m/fpv4-sp/softfp\libc.a(lib_a-mallocr.o)
 .ARM.attributes
                0x000009b0       0x32 c:/maxim/toolchain/bin/../lib/gcc/arm-none-eabi/6.3.1/../../../../arm-none-eabi/lib/thumb/v7e-m/fpv4-sp/softfp\libc.a(lib_a-mbtowc_r.o)
 .ARM.attributes
                0x000009e2       0x20 c:/maxim/toolchain/bin/../lib/gcc/arm-none-eabi/6.3.1/../../../../arm-none-eabi/lib/thumb/v7e-m/fpv4-sp/softfp\libc.a(lib_a-memchr.o)
 .ARM.attributes
                0x00000a02       0x20 c:/maxim/toolchain/bin/../lib/gcc/arm-none-eabi/6.3.1/../../../../arm-none-eabi/lib/thumb/v7e-m/fpv4-sp/softfp\libc.a(lib_a-memcpy.o)
 .ARM.attributes
                0x00000a22       0x32 c:/maxim/toolchain/bin/../lib/gcc/arm-none-eabi/6.3.1/../../../../arm-none-eabi/lib/thumb/v7e-m/fpv4-sp/softfp\libc.a(lib_a-memmove.o)
 .ARM.attributes
                0x00000a54       0x32 c:/maxim/toolchain/bin/../lib/gcc/arm-none-eabi/6.3.1/../../../../arm-none-eabi/lib/thumb/v7e-m/fpv4-sp/softfp\libc.a(lib_a-mlock.o)
 .ARM.attributes
                0x00000a86       0x32 c:/maxim/toolchain/bin/../lib/gcc/arm-none-eabi/6.3.1/../../../../arm-none-eabi/lib/thumb/v7e-m/fpv4-sp/softfp\libc.a(lib_a-mprec.o)
 .ARM.attributes
                0x00000ab8       0x32 c:/maxim/toolchain/bin/../lib/gcc/arm-none-eabi/6.3.1/../../../../arm-none-eabi/lib/thumb/v7e-m/fpv4-sp/softfp\libc.a(lib_a-reallocr.o)
 .ARM.attributes
                0x00000aea       0x32 c:/maxim/toolchain/bin/../lib/gcc/arm-none-eabi/6.3.1/../../../../arm-none-eabi/lib/thumb/v7e-m/fpv4-sp/softfp\libc.a(lib_a-sbrkr.o)
 .ARM.attributes
                0x00000b1c       0x32 c:/maxim/toolchain/bin/../lib/gcc/arm-none-eabi/6.3.1/../../../../arm-none-eabi/lib/thumb/v7e-m/fpv4-sp/softfp\libc.a(lib_a-stdio.o)
 .ARM.attributes
                0x00000b4e       0x32 c:/maxim/toolchain/bin/../lib/gcc/arm-none-eabi/6.3.1/../../../../arm-none-eabi/lib/thumb/v7e-m/fpv4-sp/softfp\libc.a(lib_a-vfiprintf.o)
 .ARM.attributes
                0x00000b80       0x32 c:/maxim/toolchain/bin/../lib/gcc/arm-none-eabi/6.3.1/../../../../arm-none-eabi/lib/thumb/v7e-m/fpv4-sp/softfp\libc.a(lib_a-wctomb_r.o)
 .ARM.attributes
                0x00000bb2       0x32 c:/maxim/toolchain/bin/../lib/gcc/arm-none-eabi/6.3.1/../../../../arm-none-eabi/lib/thumb/v7e-m/fpv4-sp/softfp\libc.a(lib_a-writer.o)
 .ARM.attributes
                0x00000be4       0x32 c:/maxim/toolchain/bin/../lib/gcc/arm-none-eabi/6.3.1/../../../../arm-none-eabi/lib/thumb/v7e-m/fpv4-sp/softfp\libc.a(lib_a-__atexit.o)
 .ARM.attributes
                0x00000c16       0x32 c:/maxim/toolchain/bin/../lib/gcc/arm-none-eabi/6.3.1/../../../../arm-none-eabi/lib/thumb/v7e-m/fpv4-sp/softfp\libc.a(lib_a-callocr.o)
 .ARM.attributes
                0x00000c48       0x32 c:/maxim/toolchain/bin/../lib/gcc/arm-none-eabi/6.3.1/../../../../arm-none-eabi/lib/thumb/v7e-m/fpv4-sp/softfp\libc.a(lib_a-closer.o)
 .ARM.attributes
                0x00000c7a       0x32 c:/maxim/toolchain/bin/../lib/gcc/arm-none-eabi/6.3.1/../../../../arm-none-eabi/lib/thumb/v7e-m/fpv4-sp/softfp\libc.a(lib_a-ctype_.o)
 .ARM.attributes
                0x00000cac       0x32 c:/maxim/toolchain/bin/../lib/gcc/arm-none-eabi/6.3.1/../../../../arm-none-eabi/lib/thumb/v7e-m/fpv4-sp/softfp\libc.a(lib_a-fclose.o)
 .ARM.attributes
                0x00000cde       0x32 c:/maxim/toolchain/bin/../lib/gcc/arm-none-eabi/6.3.1/../../../../arm-none-eabi/lib/thumb/v7e-m/fpv4-sp/softfp\libc.a(lib_a-fputwc.o)
 .ARM.attributes
                0x00000d10       0x32 c:/maxim/toolchain/bin/../lib/gcc/arm-none-eabi/6.3.1/../../../../arm-none-eabi/lib/thumb/v7e-m/fpv4-sp/softfp\libc.a(lib_a-fstatr.o)
 .ARM.attributes
                0x00000d42       0x32 c:/maxim/toolchain/bin/../lib/gcc/arm-none-eabi/6.3.1/../../../../arm-none-eabi/lib/thumb/v7e-m/fpv4-sp/softfp\libc.a(lib_a-isattyr.o)
 .ARM.attributes
                0x00000d74       0x32 c:/maxim/toolchain/bin/../lib/gcc/arm-none-eabi/6.3.1/../../../../arm-none-eabi/lib/thumb/v7e-m/fpv4-sp/softfp\libc.a(lib_a-lseekr.o)
 .ARM.attributes
                0x00000da6       0x32 c:/maxim/toolchain/bin/../lib/gcc/arm-none-eabi/6.3.1/../../../../arm-none-eabi/lib/thumb/v7e-m/fpv4-sp/softfp\libc.a(lib_a-readr.o)
 .ARM.attributes
                0x00000dd8       0x32 c:/maxim/toolchain/bin/../lib/gcc/arm-none-eabi/6.3.1/../../../../arm-none-eabi/lib/thumb/v7e-m/fpv4-sp/softfp\libc.a(lib_a-reent.o)
 .ARM.attributes
                0x00000e0a       0x32 c:/maxim/toolchain/bin/../lib/gcc/arm-none-eabi/6.3.1/../../../../arm-none-eabi/lib/thumb/v7e-m/fpv4-sp/softfp\libc.a(lib_a-wbuf.o)
 .ARM.attributes
                0x00000e3c       0x32 c:/maxim/toolchain/bin/../lib/gcc/arm-none-eabi/6.3.1/../../../../arm-none-eabi/lib/thumb/v7e-m/fpv4-sp/softfp\libc.a(lib_a-wcrtomb.o)
 .ARM.attributes
                0x00000e6e       0x22 c:/maxim/toolchain/bin/../lib/gcc/arm-none-eabi/6.3.1/thumb/v7e-m/fpv4-sp/softfp\libgcc.a(_arm_addsubdf3.o)
 .ARM.attributes
                0x00000e90       0x22 c:/maxim/toolchain/bin/../lib/gcc/arm-none-eabi/6.3.1/thumb/v7e-m/fpv4-sp/softfp\libgcc.a(_arm_muldivdf3.o)
 .ARM.attributes
                0x00000eb2       0x22 c:/maxim/toolchain/bin/../lib/gcc/arm-none-eabi/6.3.1/thumb/v7e-m/fpv4-sp/softfp\libgcc.a(_arm_cmpdf2.o)
 .ARM.attributes
                0x00000ed4       0x22 c:/maxim/toolchain/bin/../lib/gcc/arm-none-eabi/6.3.1/thumb/v7e-m/fpv4-sp/softfp\libgcc.a(_arm_unorddf2.o)
 .ARM.attributes
                0x00000ef6       0x22 c:/maxim/toolchain/bin/../lib/gcc/arm-none-eabi/6.3.1/thumb/v7e-m/fpv4-sp/softfp\libgcc.a(_arm_fixdfsi.o)
 .ARM.attributes
                0x00000f18       0x22 c:/maxim/toolchain/bin/../lib/gcc/arm-none-eabi/6.3.1/thumb/v7e-m/fpv4-sp/softfp\libgcc.a(_aeabi_uldivmod.o)
 .ARM.attributes
                0x00000f3a       0x32 c:/maxim/toolchain/bin/../lib/gcc/arm-none-eabi/6.3.1/thumb/v7e-m/fpv4-sp/softfp\libgcc.a(_udivmoddi4.o)
 .ARM.attributes
                0x00000f6c       0x22 c:/maxim/toolchain/bin/../lib/gcc/arm-none-eabi/6.3.1/thumb/v7e-m/fpv4-sp/softfp\libgcc.a(_dvmd_tls.o)
 .ARM.attributes
                0x00000f8e       0x32 c:/maxim/toolchain/bin/../lib/gcc/arm-none-eabi/6.3.1/thumb/v7e-m/fpv4-sp/softfp/crtend.o
 .ARM.attributes
                0x00000fc0       0x22 c:/maxim/toolchain/bin/../lib/gcc/arm-none-eabi/6.3.1/thumb/v7e-m/fpv4-sp/softfp/crtn.o

.comment        0x00000000       0x7f
 .comment       0x00000000       0x7f c:/Users/dan.estarija/workspace/USB_I2C_MAX3263X/build/main.o
                                 0x80 (size before relaxing)
 .comment       0x0000007f       0x80 c:/Users/dan.estarija/workspace/USB_I2C_MAX3263X/build/board.o
 .comment       0x0000007f       0x80 c:/Users/dan.estarija/workspace/USB_I2C_MAX3263X/build/stdio.o
 .comment       0x0000007f       0x80 c:/Users/dan.estarija/workspace/USB_I2C_MAX3263X/build/led.o
 .comment       0x0000007f       0x80 c:/Users/dan.estarija/workspace/USB_I2C_MAX3263X/build/pb.o
 .comment       0x0000007f       0x80 c:/Users/dan.estarija/workspace/USB_I2C_MAX3263X/build/max14690.o
 .comment       0x0000007f       0x80 c:/Users/dan.estarija/workspace/USB_I2C_MAX3263X/build/heap.o
 .comment       0x0000007f       0x80 c:/Users/dan.estarija/workspace/USB_I2C_MAX3263X/build/system_max3263x.o
 .comment       0x0000007f       0x80 c:/Users/dan.estarija/workspace/USB_I2C_MAX3263X/build/PeriphDriver/PeriphDriver.a(gpio.o)
 .comment       0x0000007f       0x80 c:/Users/dan.estarija/workspace/USB_I2C_MAX3263X/build/PeriphDriver/PeriphDriver.a(i2cm.o)
 .comment       0x0000007f       0x80 c:/Users/dan.estarija/workspace/USB_I2C_MAX3263X/build/PeriphDriver/PeriphDriver.a(lp.o)
 .comment       0x0000007f       0x80 c:/Users/dan.estarija/workspace/USB_I2C_MAX3263X/build/PeriphDriver/PeriphDriver.a(mxc_lock.o)
 .comment       0x0000007f       0x80 c:/Users/dan.estarija/workspace/USB_I2C_MAX3263X/build/PeriphDriver/PeriphDriver.a(mxc_sys.o)
 .comment       0x0000007f       0x80 c:/Users/dan.estarija/workspace/USB_I2C_MAX3263X/build/PeriphDriver/PeriphDriver.a(tmr.o)
 .comment       0x0000007f       0x80 c:/Users/dan.estarija/workspace/USB_I2C_MAX3263X/build/PeriphDriver/PeriphDriver.a(clkman.o)
 .comment       0x0000007f       0x80 c:/Users/dan.estarija/workspace/USB_I2C_MAX3263X/build/PeriphDriver/PeriphDriver.a(ioman.o)
 .comment       0x0000007f       0x80 c:/Users/dan.estarija/workspace/USB_I2C_MAX3263X/build/MAXUSB/maxusb.a(usb.o)
 .comment       0x0000007f       0x80 c:/Users/dan.estarija/workspace/USB_I2C_MAX3263X/build/MAXUSB/maxusb.a(usb_event.o)
 .comment       0x0000007f       0x80 c:/Users/dan.estarija/workspace/USB_I2C_MAX3263X/build/MAXUSB/maxusb.a(enumerate.o)
 .comment       0x0000007f       0x80 c:/Users/dan.estarija/workspace/USB_I2C_MAX3263X/build/MAXUSB/maxusb.a(cdc_acm.o)
 .comment       0x0000007f       0x80 c:/Users/dan.estarija/workspace/USB_I2C_MAX3263X/build/MAXUSB/maxusb.a(fifo.o)

.debug_info     0x00000000    0x16438
 .debug_info    0x00000000     0x1bf6 c:/Users/dan.estarija/workspace/USB_I2C_MAX3263X/build/main.o
 .debug_info    0x00001bf6     0x29e5 c:/Users/dan.estarija/workspace/USB_I2C_MAX3263X/build/board.o
 .debug_info    0x000045db     0x1483 c:/Users/dan.estarija/workspace/USB_I2C_MAX3263X/build/stdio.o
 .debug_info    0x00005a5e      0x9db c:/Users/dan.estarija/workspace/USB_I2C_MAX3263X/build/led.o
 .debug_info    0x00006439      0x8a4 c:/Users/dan.estarija/workspace/USB_I2C_MAX3263X/build/pb.o
 .debug_info    0x00006cdd     0x14e7 c:/Users/dan.estarija/workspace/USB_I2C_MAX3263X/build/max14690.o
 .debug_info    0x000081c4      0x98d c:/Users/dan.estarija/workspace/USB_I2C_MAX3263X/build/heap.o
 .debug_info    0x00008b51     0x1588 c:/Users/dan.estarija/workspace/USB_I2C_MAX3263X/build/system_max3263x.o
 .debug_info    0x0000a0d9      0x64c c:/Users/dan.estarija/workspace/USB_I2C_MAX3263X/build/PeriphDriver/PeriphDriver.a(gpio.o)
 .debug_info    0x0000a725     0x2096 c:/Users/dan.estarija/workspace/USB_I2C_MAX3263X/build/PeriphDriver/PeriphDriver.a(i2cm.o)
 .debug_info    0x0000c7bb      0xc4b c:/Users/dan.estarija/workspace/USB_I2C_MAX3263X/build/PeriphDriver/PeriphDriver.a(lp.o)
 .debug_info    0x0000d406      0x211 c:/Users/dan.estarija/workspace/USB_I2C_MAX3263X/build/PeriphDriver/PeriphDriver.a(mxc_lock.o)
 .debug_info    0x0000d617     0x2971 c:/Users/dan.estarija/workspace/USB_I2C_MAX3263X/build/PeriphDriver/PeriphDriver.a(mxc_sys.o)
 .debug_info    0x0000ff88      0xa8f c:/Users/dan.estarija/workspace/USB_I2C_MAX3263X/build/PeriphDriver/PeriphDriver.a(tmr.o)
 .debug_info    0x00010a17      0x77f c:/Users/dan.estarija/workspace/USB_I2C_MAX3263X/build/PeriphDriver/PeriphDriver.a(clkman.o)
 .debug_info    0x00011196      0x608 c:/Users/dan.estarija/workspace/USB_I2C_MAX3263X/build/PeriphDriver/PeriphDriver.a(ioman.o)
 .debug_info    0x0001179e     0x1456 c:/Users/dan.estarija/workspace/USB_I2C_MAX3263X/build/MAXUSB/maxusb.a(usb.o)
 .debug_info    0x00012bf4      0xbf5 c:/Users/dan.estarija/workspace/USB_I2C_MAX3263X/build/MAXUSB/maxusb.a(usb_event.o)
 .debug_info    0x000137e9     0x1310 c:/Users/dan.estarija/workspace/USB_I2C_MAX3263X/build/MAXUSB/maxusb.a(enumerate.o)
 .debug_info    0x00014af9     0x14d7 c:/Users/dan.estarija/workspace/USB_I2C_MAX3263X/build/MAXUSB/maxusb.a(cdc_acm.o)
 .debug_info    0x00015fd0      0x468 c:/Users/dan.estarija/workspace/USB_I2C_MAX3263X/build/MAXUSB/maxusb.a(fifo.o)

.debug_abbrev   0x00000000     0x3b26
 .debug_abbrev  0x00000000      0x344 c:/Users/dan.estarija/workspace/USB_I2C_MAX3263X/build/main.o
 .debug_abbrev  0x00000344      0x4e6 c:/Users/dan.estarija/workspace/USB_I2C_MAX3263X/build/board.o
 .debug_abbrev  0x0000082a      0x2d9 c:/Users/dan.estarija/workspace/USB_I2C_MAX3263X/build/stdio.o
 .debug_abbrev  0x00000b03      0x202 c:/Users/dan.estarija/workspace/USB_I2C_MAX3263X/build/led.o
 .debug_abbrev  0x00000d05      0x27a c:/Users/dan.estarija/workspace/USB_I2C_MAX3263X/build/pb.o
 .debug_abbrev  0x00000f7f      0x2c3 c:/Users/dan.estarija/workspace/USB_I2C_MAX3263X/build/max14690.o
 .debug_abbrev  0x00001242      0x1fa c:/Users/dan.estarija/workspace/USB_I2C_MAX3263X/build/heap.o
 .debug_abbrev  0x0000143c      0x2b5 c:/Users/dan.estarija/workspace/USB_I2C_MAX3263X/build/system_max3263x.o
 .debug_abbrev  0x000016f1      0x267 c:/Users/dan.estarija/workspace/USB_I2C_MAX3263X/build/PeriphDriver/PeriphDriver.a(gpio.o)
 .debug_abbrev  0x00001958      0x456 c:/Users/dan.estarija/workspace/USB_I2C_MAX3263X/build/PeriphDriver/PeriphDriver.a(i2cm.o)
 .debug_abbrev  0x00001dae      0x24b c:/Users/dan.estarija/workspace/USB_I2C_MAX3263X/build/PeriphDriver/PeriphDriver.a(lp.o)
 .debug_abbrev  0x00001ff9      0x135 c:/Users/dan.estarija/workspace/USB_I2C_MAX3263X/build/PeriphDriver/PeriphDriver.a(mxc_lock.o)
 .debug_abbrev  0x0000212e      0x45f c:/Users/dan.estarija/workspace/USB_I2C_MAX3263X/build/PeriphDriver/PeriphDriver.a(mxc_sys.o)
 .debug_abbrev  0x0000258d      0x264 c:/Users/dan.estarija/workspace/USB_I2C_MAX3263X/build/PeriphDriver/PeriphDriver.a(tmr.o)
 .debug_abbrev  0x000027f1      0x1ab c:/Users/dan.estarija/workspace/USB_I2C_MAX3263X/build/PeriphDriver/PeriphDriver.a(clkman.o)
 .debug_abbrev  0x0000299c      0x125 c:/Users/dan.estarija/workspace/USB_I2C_MAX3263X/build/PeriphDriver/PeriphDriver.a(ioman.o)
 .debug_abbrev  0x00002ac1      0x476 c:/Users/dan.estarija/workspace/USB_I2C_MAX3263X/build/MAXUSB/maxusb.a(usb.o)
 .debug_abbrev  0x00002f37      0x294 c:/Users/dan.estarija/workspace/USB_I2C_MAX3263X/build/MAXUSB/maxusb.a(usb_event.o)
 .debug_abbrev  0x000031cb      0x3eb c:/Users/dan.estarija/workspace/USB_I2C_MAX3263X/build/MAXUSB/maxusb.a(enumerate.o)
 .debug_abbrev  0x000035b6      0x442 c:/Users/dan.estarija/workspace/USB_I2C_MAX3263X/build/MAXUSB/maxusb.a(cdc_acm.o)
 .debug_abbrev  0x000039f8      0x12e c:/Users/dan.estarija/workspace/USB_I2C_MAX3263X/build/MAXUSB/maxusb.a(fifo.o)

.debug_loc      0x00000000     0x55f8
 .debug_loc     0x00000000      0x1ca c:/Users/dan.estarija/workspace/USB_I2C_MAX3263X/build/main.o
 .debug_loc     0x000001ca      0x33d c:/Users/dan.estarija/workspace/USB_I2C_MAX3263X/build/board.o
 .debug_loc     0x00000507      0x216 c:/Users/dan.estarija/workspace/USB_I2C_MAX3263X/build/stdio.o
 .debug_loc     0x0000071d       0x51 c:/Users/dan.estarija/workspace/USB_I2C_MAX3263X/build/led.o
 .debug_loc     0x0000076e       0xa0 c:/Users/dan.estarija/workspace/USB_I2C_MAX3263X/build/pb.o
 .debug_loc     0x0000080e      0x23f c:/Users/dan.estarija/workspace/USB_I2C_MAX3263X/build/max14690.o
 .debug_loc     0x00000a4d       0x4a c:/Users/dan.estarija/workspace/USB_I2C_MAX3263X/build/heap.o