Archive member included to satisfy reference by file (symbol)

c:/Users/dan.estarija/workspace/USB_I2C_MAX3263X/build/PeriphDriver/PeriphDriver.a(gpio.o)
                              c:/Users/dan.estarija/workspace/USB_I2C_MAX3263X/build/led.o (GPIO_Config)
c:/Users/dan.estarija/workspace/USB_I2C_MAX3263X/build/PeriphDriver/PeriphDriver.a(i2cm.o)
                              c:/Users/dan.estarija/workspace/USB_I2C_MAX3263X/build/main.o (I2CM_Init)
c:/Users/dan.estarija/workspace/USB_I2C_MAX3263X/build/PeriphDriver/PeriphDriver.a(lp.o)
                              c:/Users/dan.estarija/workspace/USB_I2C_MAX3263X/build/max14690.o (LP_ConfigGPIOWakeUpDetect)
c:/Users/dan.estarija/workspace/USB_I2C_MAX3263X/build/PeriphDriver/PeriphDriver.a(mxc_lock.o)
                              c:/Users/dan.estarija/workspace/USB_I2C_MAX3263X/build/PeriphDriver/PeriphDriver.a(i2cm.o) (mxc_get_lock)
c:/Users/dan.estarija/workspace/USB_I2C_MAX3263X/build/PeriphDriver/PeriphDriver.a(mxc_sys.o)
                              c:/Users/dan.estarija/workspace/USB_I2C_MAX3263X/build/PeriphDriver/PeriphDriver.a(gpio.o) (SYS_GPIO_Init)
c:/Users/dan.estarija/workspace/USB_I2C_MAX3263X/build/PeriphDriver/PeriphDriver.a(tmr.o)
                              c:/Users/dan.estarija/workspace/USB_I2C_MAX3263X/build/board.o (TMR_Init)
c:/Users/dan.estarija/workspace/USB_I2C_MAX3263X/build/PeriphDriver/PeriphDriver.a(clkman.o)
                              c:/Users/dan.estarija/workspace/USB_I2C_MAX3263X/build/PeriphDriver/PeriphDriver.a(mxc_sys.o) (CLKMAN_CryptoClockEnable)
c:/Users/dan.estarija/workspace/USB_I2C_MAX3263X/build/PeriphDriver/PeriphDriver.a(ioman.o)
                              c:/Users/dan.estarija/workspace/USB_I2C_MAX3263X/build/PeriphDriver/PeriphDriver.a(mxc_sys.o) (IOMAN_Config)
c:/Users/dan.estarija/workspace/USB_I2C_MAX3263X/build/MAXUSB/maxusb.a(usb.o)
                              c:/Users/dan.estarija/workspace/USB_I2C_MAX3263X/build/board.o (usb_init)
c:/Users/dan.estarija/workspace/USB_I2C_MAX3263X/build/MAXUSB/maxusb.a(usb_event.o)
                              c:/Users/dan.estarija/workspace/USB_I2C_MAX3263X/build/board.o (usb_event_enable)
c:/Users/dan.estarija/workspace/USB_I2C_MAX3263X/build/MAXUSB/maxusb.a(enumerate.o)
                              c:/Users/dan.estarija/workspace/USB_I2C_MAX3263X/build/board.o (enum_init)
c:/Users/dan.estarija/workspace/USB_I2C_MAX3263X/build/MAXUSB/maxusb.a(cdc_acm.o)
                              c:/Users/dan.estarija/workspace/USB_I2C_MAX3263X/build/board.o (acm_init)
c:/Users/dan.estarija/workspace/USB_I2C_MAX3263X/build/MAXUSB/maxusb.a(fifo.o)
                              c:/Users/dan.estarija/workspace/USB_I2C_MAX3263X/build/MAXUSB/maxusb.a(cdc_acm.o) (fifo_init)
c:/maxim/toolchain/bin/../lib/gcc/arm-none-eabi/6.3.1/../../../../arm-none-eabi/lib/thumb/v7e-m/fpv4-sp/softfp\libc.a(lib_a-errno.o)
                              c:/Users/dan.estarija/workspace/USB_I2C_MAX3263X/build/stdio.o (__errno)
c:/maxim/toolchain/bin/../lib/gcc/arm-none-eabi/6.3.1/../../../../arm-none-eabi/lib/thumb/v7e-m/fpv4-sp/softfp\libc.a(lib_a-exit.o)
                              c:/maxim/toolchain/bin/../lib/gcc/arm-none-eabi/6.3.1/../../../../arm-none-eabi/lib/thumb/v7e-m/fpv4-sp/softfp/crt0.o (exit)
c:/maxim/toolchain/bin/../lib/gcc/arm-none-eabi/6.3.1/../../../../arm-none-eabi/lib/thumb/v7e-m/fpv4-sp/softfp\libc.a(lib_a-impure.o)
                              c:/maxim/toolchain/bin/../lib/gcc/arm-none-eabi/6.3.1/../../../../arm-none-eabi/lib/thumb/v7e-m/fpv4-sp/softfp\libc.a(lib_a-exit.o) (_global_impure_ptr)
c:/maxim/toolchain/bin/../lib/gcc/arm-none-eabi/6.3.1/../../../../arm-none-eabi/lib/thumb/v7e-m/fpv4-sp/softfp\libc.a(lib_a-init.o)
                              c:/maxim/toolchain/bin/../lib/gcc/arm-none-eabi/6.3.1/../../../../arm-none-eabi/lib/thumb/v7e-m/fpv4-sp/softfp/crt0.o (__libc_init_array)
c:/maxim/toolchain/bin/../lib/gcc/arm-none-eabi/6.3.1/../../../../arm-none-eabi/lib/thumb/v7e-m/fpv4-sp/softfp\libc.a(lib_a-memset.o)
                              c:/maxim/toolchain/bin/../lib/gcc/arm-none-eabi/6.3.1/../../../../arm-none-eabi/lib/thumb/v7e-m/fpv4-sp/softfp/crt0.o (memset)
c:/maxim/toolchain/bin/../lib/gcc/arm-none-eabi/6.3.1/../../../../arm-none-eabi/lib/thumb/v7e-m/fpv4-sp/softfp\libc.a(lib_a-printf.o)
                              c:/Users/dan.estarija/workspace/USB_I2C_MAX3263X/build/main.o (printf)
c:/maxim/toolchain/bin/../lib/gcc/arm-none-eabi/6.3.1/../../../../arm-none-eabi/lib/thumb/v7e-m/fpv4-sp/softfp\libc.a(lib_a-puts.o)
                              c:/Users/dan.estarija/workspace/USB_I2C_MAX3263X/build/main.o (puts)
c:/maxim/toolchain/bin/../lib/gcc/arm-none-eabi/6.3.1/../../../../arm-none-eabi/lib/thumb/v7e-m/fpv4-sp/softfp\libc.a(lib_a-strcmp.o)
                              c:/Users/dan.estarija/workspace/USB_I2C_MAX3263X/build/main.o (strcmp)
[...]
Memory Configuration

Name             Origin             Length             Attributes
FLASH            0x00000000         0x00200000         xr
SRAM             0x20000000         0x00080000         xrw
*default*        0x00000000         0xffffffff

Linker script and memory map

LOAD c:/maxim/toolchain/bin/../lib/gcc/arm-none-eabi/6.3.1/thumb/v7e-m/fpv4-sp/softfp/crti.o
LOAD c:/maxim/toolchain/bin/../lib/gcc/arm-none-eabi/6.3.1/thumb/v7e-m/fpv4-sp/softfp/crtbegin.o
LOAD c:/maxim/toolchain/bin/../lib/gcc/arm-none-eabi/6.3.1/../../../../arm-none-eabi/lib/thumb/v7e-m/fpv4-sp/softfp/crt0.o
LOAD c:/Users/dan.estarija/workspace/USB_I2C_MAX3263X/build/main.o
LOAD c:/Users/dan.estarija/workspace/USB_I2C_MAX3263X/build/board.o
LOAD c:/Users/dan.estarija/workspace/USB_I2C_MAX3263X/build/stdio.o
LOAD c:/Users/dan.estarija/workspace/USB_I2C_MAX3263X/build/led.o
LOAD c:/Users/dan.estarija/workspace/USB_I2C_MAX3263X/build/pb.o
LOAD c:/Users/dan.estarija/workspace/USB_I2C_MAX3263X/build/max14690.o
LOAD c:/Users/dan.estarija/workspace/USB_I2C_MAX3263X/build/startup_max3263x.o
LOAD c:/Users/dan.estarija/workspace/USB_I2C_MAX3263X/build/heap.o
LOAD c:/Users/dan.estarija/workspace/USB_I2C_MAX3263X/build/system_max3263x.o
START GROUP
LOAD c:/Users/dan.estarija/workspace/USB_I2C_MAX3263X/build/PeriphDriver/PeriphDriver.a
LOAD c:/Users/dan.estarija/workspace/USB_I2C_MAX3263X/build/MAXUSB/maxusb.a
LOAD c:/maxim/toolchain/bin/../lib/gcc/arm-none-eabi/6.3.1/../../../../arm-none-eabi/lib/thumb/v7e-m/fpv4-sp/softfp\libc.a
LOAD c:/maxim/toolchain/bin/../lib/gcc/arm-none-eabi/6.3.1/../../../../arm-none-eabi/lib/thumb/v7e-m/fpv4-sp/softfp\libm.a
LOAD c:/maxim/toolchain/bin/../lib/gcc/arm-none-eabi/6.3.1/../../../../arm-none-eabi/lib/thumb/v7e-m/fpv4-sp/softfp\libnosys.a
END GROUP
START GROUP
LOAD c:/maxim/toolchain/bin/../lib/gcc/arm-none-eabi/6.3.1/thumb/v7e-m/fpv4-sp/softfp\libgcc.a
LOAD c:/maxim/toolchain/bin/../lib/gcc/arm-none-eabi/6.3.1/../../../../arm-none-eabi/lib/thumb/v7e-m/fpv4-sp/softfp\libc.a
END GROUP
LOAD c:/maxim/toolchain/bin/../lib/gcc/arm-none-eabi/6.3.1/thumb/v7e-m/fpv4-sp/softfp/crtend.o
LOAD c:/maxim/toolchain/bin/../lib/gcc/arm-none-eabi/6.3.1/thumb/v7e-m/fpv4-sp/softfp/crtn.o

.text           0x00000000     0x899c
                0x00000000                _text = .
 *(.isr_vector)
 .isr_vector    0x00000000      0x110 c:/Users/dan.estarija/workspace/USB_I2C_MAX3263X/build/startup_max3263x.o
                0x00000000                __isr_vector
 *(.text*)
 .text          0x00000110       0x6c c:/maxim/toolchain/bin/../lib/gcc/arm-none-eabi/6.3.1/thumb/v7e-m/fpv4-sp/softfp/crtbegin.o
 .text.LED_Off  0x0000017c       0x48 c:/Users/dan.estarija/workspace/USB_I2C_MAX3263X/build/main.o
 .text.LED_On   0x000001c4       0x4c c:/Users/dan.estarija/workspace/USB_I2C_MAX3263X/build/main.o
 .text.startup.main
                0x00000210       0x7c c:/Users/dan.estarija/workspace/USB_I2C_MAX3263X/build/main.o
                0x00000210                main
 .text.usb_read_callback
                0x0000028c      0x270 c:/Users/dan.estarija/workspace/USB_I2C_MAX3263X/build/main.o
                0x0000028c                usb_read_callback
 .text.setfeature_callback
                0x000004fc       0x18 c:/Users/dan.estarija/workspace/USB_I2C_MAX3263X/build/board.o
 .text.clrfeature_callback
                0x00000514       0x18 c:/Users/dan.estarija/workspace/USB_I2C_MAX3263X/build/board.o
 .text.usb_app_wakeup
                0x0000052c       0x34 c:/Users/dan.estarija/workspace/USB_I2C_MAX3263X/build/board.o
 .text.usb_app_sleep
                0x00000560       0x54 c:/Users/dan.estarija/workspace/USB_I2C_MAX3263X/build/board.o
 .text.event_callback
                0x000005b4       0xfc c:/Users/dan.estarija/workspace/USB_I2C_MAX3263X/build/board.o
 .text.setconfig_callback
                0x000006b0       0x48 c:/Users/dan.estarija/workspace/USB_I2C_MAX3263X/build/board.o
 .text.Console_Init
                0x000006f8       0xf0 c:/Users/dan.estarija/workspace/USB_I2C_MAX3263X/build/board.o
                0x000006f8                Console_Init
 .text.USB_IRQHandler
                0x000007e8        0x4 c:/Users/dan.estarija/workspace/USB_I2C_MAX3263X/build/board.o
                0x000007e8                USB_IRQHandler
 .text.TMR0_IRQHandler
                0x000007ec       0x48 c:/Users/dan.estarija/workspace/USB_I2C_MAX3263X/build/board.o
                0x000007ec                TMR0_IRQHandler
 .text.FaultISR_C
                0x00000834        0x2 c:/Users/dan.estarija/workspace/USB_I2C_MAX3263X/build/board.o
                0x00000834                FaultISR_C
 *fill*         0x00000836        0x2 
 .text.HardFault_Handler
                0x00000838       0x20 c:/Users/dan.estarija/workspace/USB_I2C_MAX3263X/build/board.o
                0x00000838                HardFault_Handler
 .text.mxc_assert
                0x00000858       0x10 c:/Users/dan.estarija/workspace/USB_I2C_MAX3263X/build/board.o
                0x00000858                mxc_assert
 .text.Board_Init
                0x00000868       0x40 c:/Users/dan.estarija/workspace/USB_I2C_MAX3263X/build/board.o
                0x00000868                Board_Init
 .text._close   0x000008a8        0x6 c:/Users/dan.estarija/workspace/USB_I2C_MAX3263X/build/stdio.o
                0x000008a8                _close
 .text._isatty  0x000008ae        0x6 c:/Users/dan.estarija/workspace/USB_I2C_MAX3263X/build/stdio.o
                0x000008ae                _isatty
 .text._lseek   0x000008b4        0x6 c:/Users/dan.estarija/workspace/USB_I2C_MAX3263X/build/stdio.o
                0x000008b4                _lseek
 .text._fstat   0x000008ba        0x6 c:/Users/dan.estarija/workspace/USB_I2C_MAX3263X/build/stdio.o
                0x000008ba                _fstat
 .text._read    0x000008c0       0x22 c:/Users/dan.estarija/workspace/USB_I2C_MAX3263X/build/stdio.o
                0x000008c0                _read
 .text._write   0x000008e2       0x26 c:/Users/dan.estarija/workspace/USB_I2C_MAX3263X/build/stdio.o
                0x000008e2                _write
 .text.LED_Init
                0x00000908       0x48 c:/Users/dan.estarija/workspace/USB_I2C_MAX3263X/build/led.o
                0x00000908                LED_Init
 .text.PB_Init  0x00000950       0x38 c:/Users/dan.estarija/workspace/USB_I2C_MAX3263X/build/pb.o
                0x00000950                PB_Init
 .text.GPIO_P0_IRQHandler
                0x00000988        0x6 c:/Users/dan.estarija/workspace/USB_I2C_MAX3263X/build/pb.o
                0x00000988                GPIO_P0_IRQHandler
 .text.GPIO_P1_IRQHandler
                0x0000098e        0x6 c:/Users/dan.estarija/workspace/USB_I2C_MAX3263X/build/pb.o
                0x0000098e                GPIO_P1_IRQHandler
 .text.GPIO_P2_IRQHandler
                0x00000994        0x6 c:/Users/dan.estarija/workspace/USB_I2C_MAX3263X/build/pb.o
                0x00000994                GPIO_P2_IRQHandler
 .text.GPIO_P3_IRQHandler
                0x0000099a        0x6 c:/Users/dan.estarija/workspace/USB_I2C_MAX3263X/build/pb.o
                0x0000099a                GPIO_P3_IRQHandler
 .text.GPIO_P4_IRQHandler
                0x000009a0        0x6 c:/Users/dan.estarija/workspace/USB_I2C_MAX3263X/build/pb.o
                0x000009a0                GPIO_P4_IRQHandler
 .text.GPIO_P5_IRQHandler
                0x000009a6        0x6 c:/Users/dan.estarija/workspace/USB_I2C_MAX3263X/build/pb.o
                0x000009a6                GPIO_P5_IRQHandler
 .text.GPIO_P6_IRQHandler
                0x000009ac        0x6 c:/Users/dan.estarija/workspace/USB_I2C_MAX3263X/build/pb.o
                0x000009ac                GPIO_P6_IRQHandler
 .text.GPIO_P7_IRQHandler
                0x000009b2        0x6 c:/Users/dan.estarija/workspace/USB_I2C_MAX3263X/build/pb.o
                0x000009b2                GPIO_P7_IRQHandler
 .text.GPIO_P8_IRQHandler
                0x000009b8        0x6 c:/Users/dan.estarija/workspace/USB_I2C_MAX3263X/build/pb.o
                0x000009b8                GPIO_P8_IRQHandler
 *fill*         0x000009be        0x2 
 .text.MAX14690_LDO2SetMode
                0x000009c0       0x30 c:/Users/dan.estarija/workspace/USB_I2C_MAX3263X/build/max14690.o
                0x000009c0                MAX14690_LDO2SetMode
 .text.MAX14690_LDO2SetV
                0x000009f0       0x48 c:/Users/dan.estarija/workspace/USB_I2C_MAX3263X/build/max14690.o
                0x000009f0                MAX14690_LDO2SetV
 .text.MAX14690_LDO3SetV
                0x00000a38       0x48 c:/Users/dan.estarija/workspace/USB_I2C_MAX3263X/build/max14690.o
                0x00000a38                MAX14690_LDO3SetV
 .text.MAX14690_Init
                0x00000a80       0x68 c:/Users/dan.estarija/workspace/USB_I2C_MAX3263X/build/max14690.o
                0x00000a80                MAX14690_Init
 .text          0x00000ae8       0xe4 c:/Users/dan.estarija/workspace/USB_I2C_MAX3263X/build/startup_max3263x.o
                0x00000ae8                Reset_Handler
                0x00000b26                NMI_Handler
                0x00000b2a                MemManage_Handler
                0x00000b2c                BusFault_Handler
                0x00000b2e                UsageFault_Handler
                0x00000b30                SVC_Handler
                0x00000b32                DebugMon_Handler
                0x00000b34                PendSV_Handler
                0x00000b36                SysTick_Handler
                0x00000b38                Default_Handler
                0x00000b3a                CLKMAN_IRQHandler
                0x00000b3c                PWRMAN_IRQHandler
                0x00000b3e                FLC_IRQHandler
                0x00000b40                RTC0_IRQHandler
                0x00000b42                RTC1_IRQHandler
                0x00000b44                RTC2_IRQHandler
                0x00000b46                RTC3_IRQHandler
                0x00000b48                PMU_IRQHandler
                0x00000b4c                AES_IRQHandler
                0x00000b4e                MAA_IRQHandler
                0x00000b50                WDT0_IRQHandler
                0x00000b52                WDT0_P_IRQHandler
                0x00000b54                WDT1_IRQHandler
                0x00000b56                WDT1_P_IRQHandler
                0x00000b68                TMR16_0_IRQHandler
                0x00000b6a                TMR1_IRQHandler
                0x00000b6c                TMR16_1_IRQHandler
                0x00000b6e                TMR2_IRQHandler
                0x00000b70                TMR16_2_IRQHandler
                0x00000b72                TMR3_IRQHandler
                0x00000b74                TMR16_3_IRQHandler
                0x00000b76                TMR4_IRQHandler
                0x00000b78                TMR16_4_IRQHandler
                0x00000b7a                TMR5_IRQHandler
                0x00000b7c                TMR16_5_IRQHandler
                0x00000b7e                PT_IRQHandler
                0x00000b80                UART0_IRQHandler
                0x00000b82                UART1_IRQHandler
                0x00000b84                UART2_IRQHandler
                0x00000b86                UART3_IRQHandler
                0x00000b88                I2CM0_IRQHandler
                0x00000b8a                I2CM1_IRQHandler
                0x00000b8c                I2CM2_IRQHandler
                0x00000b8e                I2CS_IRQHandler
                0x00000b90                SPIM0_IRQHandler
                0x00000b92                SPIM1_IRQHandler
                0x00000b94                SPIM2_IRQHandler
                0x00000b96                SPIB_IRQHandler
                0x00000b98                OWM_IRQHandler
                0x00000b9a                AFE_IRQHandler
                0x00000b9c                SPIS_IRQHandler
 .text._sbrk    0x00000bcc       0x38 c:/Users/dan.estarija/workspace/USB_I2C_MAX3263X/build/heap.o
                0x00000bcc                _sbrk
 .text.SystemCoreClockUpdate
                0x00000c04       0x44 c:/Users/dan.estarija/workspace/USB_I2C_MAX3263X/build/system_max3263x.o
                0x00000c04                SystemCoreClockUpdate
 .text.CLKMAN_TrimRO
                0x00000c48       0xb0 c:/Users/dan.estarija/workspace/USB_I2C_MAX3263X/build/system_max3263x.o
                0x00000c48                CLKMAN_TrimRO
 .text.PreInit  0x00000cf8       0x30 c:/Users/dan.estarija/workspace/USB_I2C_MAX3263X/build/system_max3263x.o
                0x00000cf8                PreInit
 .text.SystemInit
                0x00000d28      0x134 c:/Users/dan.estarija/workspace/USB_I2C_MAX3263X/build/system_max3263x.o
                0x00000d28                SystemInit
 .text.GPIO_Config
                0x00000e5c       0xcc c:/Users/dan.estarija/workspace/USB_I2C_MAX3263X/build/PeriphDriver/PeriphDriver.a(gpio.o)
                0x00000e5c                GPIO_Config
 .text.GPIO_Handler
                0x00000f28       0x64 c:/Users/dan.estarija/workspace/USB_I2C_MAX3263X/build/PeriphDriver/PeriphDriver.a(gpio.o)
                0x00000f28                GPIO_Handler
 .text.I2CM_Recover
                0x00000f8c       0x12 c:/Users/dan.estarija/workspace/USB_I2C_MAX3263X/build/PeriphDriver/PeriphDriver.a(i2cm.o)
 .text.I2CM_WriteTxFifo
                0x00000f9e       0x32 c:/Users/dan.estarija/workspace/USB_I2C_MAX3263X/build/PeriphDriver/PeriphDriver.a(i2cm.o)
 .text.I2CM_TxInProgress
                0x00000fd0       0x3e c:/Users/dan.estarija/workspace/USB_I2C_MAX3263X/build/PeriphDriver/PeriphDriver.a(i2cm.o)
 .text.I2CM_Tx  0x0000100e       0x60 c:/Users/dan.estarija/workspace/USB_I2C_MAX3263X/build/PeriphDriver/PeriphDriver.a(i2cm.o)
 *fill*         0x0000106e        0x2 
 .text.I2CM_Init
                0x00001070       0xac c:/Users/dan.estarija/workspace/USB_I2C_MAX3263X/build/PeriphDriver/PeriphDriver.a(i2cm.o)
                0x00001070                I2CM_Init
 .text.I2CM_Read
                0x0000111c      0x1bc c:/Users/dan.estarija/workspace/USB_I2C_MAX3263X/build/PeriphDriver/PeriphDriver.a(i2cm.o)
                0x0000111c                I2CM_Read
 .text.I2CM_Write
                0x000012d8       0xf4 c:/Users/dan.estarija/workspace/USB_I2C_MAX3263X/build/PeriphDriver/PeriphDriver.a(i2cm.o)
                0x000012d8                I2CM_Write
 .text.LP_EnterLP2
                0x000013cc       0x14 c:/Users/dan.estarija/workspace/USB_I2C_MAX3263X/build/PeriphDriver/PeriphDriver.a(lp.o)
                0x000013cc                LP_EnterLP2
 .text.mxc_get_lock
                0x000013e0       0x1c c:/Users/dan.estarija/workspace/USB_I2C_MAX3263X/build/PeriphDriver/PeriphDriver.a(mxc_lock.o)
                0x000013e0                mxc_get_lock
 .text.mxc_free_lock
                0x000013fc        0xa c:/Users/dan.estarija/workspace/USB_I2C_MAX3263X/build/PeriphDriver/PeriphDriver.a(mxc_lock.o)
                0x000013fc                mxc_free_lock
 *fill*         0x00001406        0x2 
 .text.SYS_GetFreq
                0x00001408       0x18 c:/Users/dan.estarija/workspace/USB_I2C_MAX3263X/build/PeriphDriver/PeriphDriver.a(mxc_sys.o)
                0x00001408                SYS_GetFreq
 .text.SYS_GPIO_Init
                0x00001420       0x16 c:/Users/dan.estarija/workspace/USB_I2C_MAX3263X/build/PeriphDriver/PeriphDriver.a(mxc_sys.o)
                0x00001420                SYS_GPIO_Init
 *fill*         0x00001436        0x2 
 .text.SYS_I2CM_Init
                0x00001438       0x2c c:/Users/dan.estarija/workspace/USB_I2C_MAX3263X/build/PeriphDriver/PeriphDriver.a(mxc_sys.o)
                0x00001438                SYS_I2CM_Init
 .text.SYS_I2CM_GetFreq
                0x00001464       0x10 c:/Users/dan.estarija/workspace/USB_I2C_MAX3263X/build/PeriphDriver/PeriphDriver.a(mxc_sys.o)
                0x00001464                SYS_I2CM_GetFreq
 .text.SYS_TMR_GetFreq
                0x00001474        0xc c:/Users/dan.estarija/workspace/USB_I2C_MAX3263X/build/PeriphDriver/PeriphDriver.a(mxc_sys.o)
                0x00001474                SYS_TMR_GetFreq
 .text.SYS_TMR_Init
                0x00001480       0x90 c:/Users/dan.estarija/workspace/USB_I2C_MAX3263X/build/PeriphDriver/PeriphDriver.a(mxc_sys.o)
                0x00001480                SYS_TMR_Init
 .text.SYS_USB_Enable
                0x00001510       0x24 c:/Users/dan.estarija/workspace/USB_I2C_MAX3263X/build/PeriphDriver/PeriphDriver.a(mxc_sys.o)
                0x00001510                SYS_USB_Enable
 .text.TMR_Init
                0x00001534       0x8c c:/Users/dan.estarija/workspace/USB_I2C_MAX3263X/build/PeriphDriver/PeriphDriver.a(tmr.o)
                0x00001534                TMR_Init
 .text.TMR32_Config
                0x000015c0       0x22 c:/Users/dan.estarija/workspace/USB_I2C_MAX3263X/build/PeriphDriver/PeriphDriver.a(tmr.o)
                0x000015c0                TMR32_Config
 *fill*         0x000015e2        0x2 
 .text.TMR32_Start
                0x000015e4       0x68 c:/Users/dan.estarija/workspace/USB_I2C_MAX3263X/build/PeriphDriver/PeriphDriver.a(tmr.o)
                0x000015e4                TMR32_Start
 .text.TMR_GetPrescaler
                0x0000164c       0x58 c:/Users/dan.estarija/workspace/USB_I2C_MAX3263X/build/PeriphDriver/PeriphDriver.a(tmr.o)
                0x0000164c                TMR_GetPrescaler
 .text.TMR32_TimeToTicks
                0x000016a4       0x88 c:/Users/dan.estarija/workspace/USB_I2C_MAX3263X/build/PeriphDriver/PeriphDriver.a(tmr.o)
                0x000016a4                TMR32_TimeToTicks
 .text.CLKMAN_SetClkScale
                0x0000172c       0x44 c:/Users/dan.estarija/workspace/USB_I2C_MAX3263X/build/PeriphDriver/PeriphDriver.a(clkman.o)
                0x0000172c                CLKMAN_SetClkScale
 .text.CLKMAN_GetClkScale
                0x00001770       0x38 c:/Users/dan.estarija/workspace/USB_I2C_MAX3263X/build/PeriphDriver/PeriphDriver.a(clkman.o)
                0x00001770                CLKMAN_GetClkScale
 .text.CLKMAN_ClockGate
                0x000017a8       0x18 c:/Users/dan.estarija/workspace/USB_I2C_MAX3263X/build/PeriphDriver/PeriphDriver.a(clkman.o)
                0x000017a8                CLKMAN_ClockGate
 .text.IOMAN_Config
                0x000017c0       0x28 c:/Users/dan.estarija/workspace/USB_I2C_MAX3263X/build/PeriphDriver/PeriphDriver.a(ioman.o)
                0x000017c0                IOMAN_Config
 .text.usb_init
                0x000017e8       0x4c c:/Users/dan.estarija/workspace/USB_I2C_MAX3263X/build/MAXUSB/maxusb.a(usb.o)
                0x000017e8                usb_init
 .text.usb_connect
                0x00001834       0x30 c:/Users/dan.estarija/workspace/USB_I2C_MAX3263X/build/MAXUSB/maxusb.a(usb.o)
                0x00001834                usb_connect
 .text.usb_disconnect
                0x00001864       0x18 c:/Users/dan.estarija/workspace/USB_I2C_MAX3263X/build/MAXUSB/maxusb.a(usb.o)
                0x00001864                usb_disconnect
 .text.usb_config_ep
                0x0000187c       0x30 c:/Users/dan.estarija/workspace/USB_I2C_MAX3263X/build/MAXUSB/maxusb.a(usb.o)
                0x0000187c                usb_config_ep
 .text.usb_stall
                0x000018ac       0x50 c:/Users/dan.estarija/workspace/USB_I2C_MAX3263X/build/MAXUSB/maxusb.a(usb.o)
                0x000018ac                usb_stall
 .text.usb_unstall
                0x000018fc       0x50 c:/Users/dan.estarija/workspace/USB_I2C_MAX3263X/build/MAXUSB/maxusb.a(usb.o)
                0x000018fc                usb_unstall
 .text.usb_is_stalled
                0x0000194c       0x14 c:/Users/dan.estarija/workspace/USB_I2C_MAX3263X/build/MAXUSB/maxusb.a(usb.o)
                0x0000194c                usb_is_stalled
 .text.usb_reset_ep
                0x00001960       0x58 c:/Users/dan.estarija/workspace/USB_I2C_MAX3263X/build/MAXUSB/maxusb.a(usb.o)
                0x00001960                usb_reset_ep
 .text.usb_ackstat
                0x000019b8       0x1a c:/Users/dan.estarija/workspace/USB_I2C_MAX3263X/build/MAXUSB/maxusb.a(usb.o)
                0x000019b8                usb_ackstat
 *fill*         0x000019d2        0x2 
 .text.usb_irq_handler
                0x000019d4      0x1b4 c:/Users/dan.estarija/workspace/USB_I2C_MAX3263X/build/MAXUSB/maxusb.a(usb.o)
                0x000019d4                usb_irq_handler
 .text.usb_irq_enable
                0x00001b88       0x24 c:/Users/dan.estarija/workspace/USB_I2C_MAX3263X/build/MAXUSB/maxusb.a(usb.o)
                0x00001b88                usb_irq_enable
 .text.usb_irq_disable
                0x00001bac       0x28 c:/Users/dan.estarija/workspace/USB_I2C_MAX3263X/build/MAXUSB/maxusb.a(usb.o)
                0x00001bac                usb_irq_disable
 .text.usb_irq_clear
                0x00001bd4       0x20 c:/Users/dan.estarija/workspace/USB_I2C_MAX3263X/build/MAXUSB/maxusb.a(usb.o)
                0x00001bd4                usb_irq_clear
 .text.usb_get_setup
                0x00001bf4       0x14 c:/Users/dan.estarija/workspace/USB_I2C_MAX3263X/build/MAXUSB/maxusb.a(usb.o)
                0x00001bf4                usb_get_setup
 .text.usb_set_func_addr
                0x00001c08        0x4 c:/Users/dan.estarija/workspace/USB_I2C_MAX3263X/build/MAXUSB/maxusb.a(usb.o)
                0x00001c08                usb_set_func_addr
 .text.usb_remove_request
                0x00001c0c       0x50 c:/Users/dan.estarija/workspace/USB_I2C_MAX3263X/build/MAXUSB/maxusb.a(usb.o)
                0x00001c0c                usb_remove_request
 .text.usb_write_endpoint
                0x00001c5c       0x80 c:/Users/dan.estarija/workspace/USB_I2C_MAX3263X/build/MAXUSB/maxusb.a(usb.o)
                0x00001c5c                usb_write_endpoint
 .text.usb_read_endpoint
                0x00001cdc       0x84 c:/Users/dan.estarija/workspace/USB_I2C_MAX3263X/build/MAXUSB/maxusb.a(usb.o)
                0x00001cdc                usb_read_endpoint
 .text.usb_event_enable
                0x00001d60       0x2c c:/Users/dan.estarija/workspace/USB_I2C_MAX3263X/build/MAXUSB/maxusb.a(usb_event.o)
                0x00001d60                usb_event_enable
 .text.usb_event_disable
                0x00001d8c       0x28 c:/Users/dan.estarija/workspace/USB_I2C_MAX3263X/build/MAXUSB/maxusb.a(usb_event.o)
                0x00001d8c                usb_event_disable
 .text.usb_event_clear
                0x00001db4        0xe c:/Users/dan.estarija/workspace/USB_I2C_MAX3263X/build/MAXUSB/maxusb.a(usb_event.o)
                0x00001db4                usb_event_clear
 *fill*         0x00001dc2        0x2 
 .text.usb_event_handler
                0x00001dc4       0xbc c:/Users/dan.estarija/workspace/USB_I2C_MAX3263X/build/MAXUSB/maxusb.a(usb_event.o)
                0x00001dc4                usb_event_handler
 .text.status_stage_callback
                0x00001e80       0x22 c:/Users/dan.estarija/workspace/USB_I2C_MAX3263X/build/MAXUSB/maxusb.a(enumerate.o)
 *fill*         0x00001ea2        0x2 
 .text.setup    0x00001ea4      0x3e8 c:/Users/dan.estarija/workspace/USB_I2C_MAX3263X/build/MAXUSB/maxusb.a(enumerate.o)
 .text.enum_init
                0x0000228c       0x38 c:/Users/dan.estarija/workspace/USB_I2C_MAX3263X/build/MAXUSB/maxusb.a(enumerate.o)
                0x0000228c                enum_init
 .text.enum_register_callback
                0x000022c4       0x20 c:/Users/dan.estarija/workspace/USB_I2C_MAX3263X/build/MAXUSB/maxusb.a(enumerate.o)
                0x000022c4                enum_register_callback
 .text.enum_register_descriptor
                0x000022e4       0x40 c:/Users/dan.estarija/workspace/USB_I2C_MAX3263X/build/MAXUSB/maxusb.a(enumerate.o)
                0x000022e4                enum_register_descriptor
 .text.enum_clearconfig
                0x00002324        0xc c:/Users/dan.estarija/workspace/USB_I2C_MAX3263X/build/MAXUSB/maxusb.a(enumerate.o)
                0x00002324                enum_clearconfig
 .text.set_line_coding_callback
                0x00002330       0x2c c:/Users/dan.estarija/workspace/USB_I2C_MAX3263X/build/MAXUSB/maxusb.a(cdc_acm.o)
 .text.get_line_coding_callback
                0x0000235c        0xe c:/Users/dan.estarija/workspace/USB_I2C_MAX3263X/build/MAXUSB/maxusb.a(cdc_acm.o)
 *fill*         0x0000236a        0x2 
 .text.class_req
                0x0000236c       0xf0 c:/Users/dan.estarija/workspace/USB_I2C_MAX3263X/build/MAXUSB/maxusb.a(cdc_acm.o)
 .text.svc_out_from_host
                0x0000245c       0x88 c:/Users/dan.estarija/workspace/USB_I2C_MAX3263X/build/MAXUSB/maxusb.a(cdc_acm.o)
 .text.out_callback
                0x000024e4       0x10 c:/Users/dan.estarija/workspace/USB_I2C_MAX3263X/build/MAXUSB/maxusb.a(cdc_acm.o)
 .text.svc_in_to_host
                0x000024f4       0x64 c:/Users/dan.estarija/workspace/USB_I2C_MAX3263X/build/MAXUSB/maxusb.a(cdc_acm.o)
 .text.acm_init
                0x00002558       0x3c c:/Users/dan.estarija/workspace/USB_I2C_MAX3263X/build/MAXUSB/maxusb.a(cdc_acm.o)
                0x00002558                acm_init
 .text.acm_register_callback
                0x00002594       0x18 c:/Users/dan.estarija/workspace/USB_I2C_MAX3263X/build/MAXUSB/maxusb.a(cdc_acm.o)
                0x00002594                acm_register_callback
 .text.acm_deconfigure
                0x000025ac       0x60 c:/Users/dan.estarija/workspace/USB_I2C_MAX3263X/build/MAXUSB/maxusb.a(cdc_acm.o)
                0x000025ac                acm_deconfigure
 .text.acm_configure
                0x0000260c      0x120 c:/Users/dan.estarija/workspace/USB_I2C_MAX3263X/build/MAXUSB/maxusb.a(cdc_acm.o)
                0x0000260c                acm_configure
 .text.acm_present
                0x0000272c        0xc c:/Users/dan.estarija/workspace/USB_I2C_MAX3263X/build/MAXUSB/maxusb.a(cdc_acm.o)
                0x0000272c                acm_present
 .text.acm_canread
                0x00002738       0x14 c:/Users/dan.estarija/workspace/USB_I2C_MAX3263X/build/MAXUSB/maxusb.a(cdc_acm.o)
                0x00002738                acm_canread
 .text.acm_read
                0x0000274c       0x60 c:/Users/dan.estarija/workspace/USB_I2C_MAX3263X/build/MAXUSB/maxusb.a(cdc_acm.o)
                0x0000274c                acm_read
 .text.acm_write
                0x000027ac       0x48 c:/Users/dan.estarija/workspace/USB_I2C_MAX3263X/build/MAXUSB/maxusb.a(cdc_acm.o)
                0x000027ac                acm_write
 .text.fifo_init
                0x000027f4       0x10 c:/Users/dan.estarija/workspace/USB_I2C_MAX3263X/build/MAXUSB/maxusb.a(fifo.o)
                0x000027f4                fifo_init
 .text.fifo_put8
                0x00002804       0x3a c:/Users/dan.estarija/workspace/USB_I2C_MAX3263X/build/MAXUSB/maxusb.a(fifo.o)
                0x00002804                fifo_put8
 .text.fifo_get8
                0x0000283e       0x2e c:/Users/dan.estarija/workspace/USB_I2C_MAX3263X/build/MAXUSB/maxusb.a(fifo.o)
                0x0000283e                fifo_get8
 .text.fifo_clear
                0x0000286c        0xc c:/Users/dan.estarija/workspace/USB_I2C_MAX3263X/build/MAXUSB/maxusb.a(fifo.o)
                0x0000286c                fifo_clear
 .text.fifo_empty
                0x00002878        0xc c:/Users/dan.estarija/workspace/USB_I2C_MAX3263X/build/MAXUSB/maxusb.a(fifo.o)
                0x00002878                fifo_empty
 .text.fifo_level
                0x00002884       0x18 c:/Users/dan.estarija/workspace/USB_I2C_MAX3263X/build/MAXUSB/maxusb.a(fifo.o)
                0x00002884                fifo_level
 .text.__errno  0x0000289c        0xc c:/maxim/toolchain/bin/../lib/gcc/arm-none-eabi/6.3.1/../../../../arm-none-eabi/lib/thumb/v7e-m/fpv4-sp/softfp\libc.a(lib_a-errno.o)
                0x0000289c                __errno
 .text.__libc_init_array
                0x000028a8       0x50 c:/maxim/toolchain/bin/../lib/gcc/arm-none-eabi/6.3.1/../../../../arm-none-eabi/lib/thumb/v7e-m/fpv4-sp/softfp\libc.a(lib_a-init.o)
                0x000028a8                __libc_init_array
 .text.memset   0x000028f8       0x9c c:/maxim/toolchain/bin/../lib/gcc/arm-none-eabi/6.3.1/../../../../arm-none-eabi/lib/thumb/v7e-m/fpv4-sp/softfp\libc.a(lib_a-memset.o)
                0x000028f8                memset
 .text.printf   0x00002994       0x28 c:/maxim/toolchain/bin/../lib/gcc/arm-none-eabi/6.3.1/../../../../arm-none-eabi/lib/thumb/v7e-m/fpv4-sp/softfp\libc.a(lib_a-printf.o)
                0x00002994                printf
 .text._puts_r  0x000029bc       0x9c c:/maxim/toolchain/bin/../lib/gcc/arm-none-eabi/6.3.1/../../../../arm-none-eabi/lib/thumb/v7e-m/fpv4-sp/softfp\libc.a(lib_a-puts.o)
                0x000029bc                _puts_r
 .text.puts     0x00002a58       0x10 c:/maxim/toolchain/bin/../lib/gcc/arm-none-eabi/6.3.1/../../../../arm-none-eabi/lib/thumb/v7e-m/fpv4-sp/softfp\libc.a(lib_a-puts.o)
                0x00002a58                puts
 *fill*         0x00002a68       0x18 
 .text          0x00002a80      0x2dc c:/maxim/toolchain/bin/../lib/gcc/arm-none-eabi/6.3.1/../../../../arm-none-eabi/lib/thumb/v7e-m/fpv4-sp/softfp\libc.a(lib_a-strcmp.o)
                0x00002a88                strcmp
 *fill*         0x00002d5c       0x24 
 .text          0x00002d80       0xdc c:/maxim/toolchain/bin/../lib/gcc/arm-none-eabi/6.3.1/../../../../arm-none-eabi/lib/thumb/v7e-m/fpv4-sp/softfp\libc.a(lib_a-strlen.o)
                0x00002d80                strlen
 .text._strtol_l.isra.0
                0x00002e5c      0x128 c:/maxim/toolchain/bin/../lib/gcc/arm-none-eabi/6.3.1/../../../../arm-none-eabi/lib/thumb/v7e-m/fpv4-sp/softfp\libc.a(lib_a-strtol.o)
 .text.strtol   0x00002f84       0x2c c:/maxim/toolchain/bin/../lib/gcc/arm-none-eabi/6.3.1/../../../../arm-none-eabi/lib/thumb/v7e-m/fpv4-sp/softfp\libc.a(lib_a-strtol.o)
                0x00002f84                strtol
 .text._vfprintf_r
                0x00002fb0     0x1584 c:/maxim/toolchain/bin/../lib/gcc/arm-none-eabi/6.3.1/../../../../arm-none-eabi/lib/thumb/v7e-m/fpv4-sp/softfp\libc.a(lib_a-vfprintf.o)
                0x00002fb0                _vfprintf_r
 .text.__sbprintf
                0x00004534       0x84 c:/maxim/toolchain/bin/../lib/gcc/arm-none-eabi/6.3.1/../../../../arm-none-eabi/lib/thumb/v7e-m/fpv4-sp/softfp\libc.a(lib_a-vfprintf.o)
 .text.__swsetup_r
                0x000045b8       0xc8 c:/maxim/toolchain/bin/../lib/gcc/arm-none-eabi/6.3.1/../../../../arm-none-eabi/lib/thumb/v7e-m/fpv4-sp/softfp\libc.a(lib_a-wsetup.o)
                0x000045b8                __swsetup_r
 .text.startup.register_fini
                0x00004680       0x14 c:/maxim/toolchain/bin/../lib/gcc/arm-none-eabi/6.3.1/../../../../arm-none-eabi/lib/thumb/v7e-m/fpv4-sp/softfp\libc.a(lib_a-__call_atexit.o)
 .text.atexit   0x00004694        0xc c:/maxim/toolchain/bin/../lib/gcc/arm-none-eabi/6.3.1/../../../../arm-none-eabi/lib/thumb/v7e-m/fpv4-sp/softfp\libc.a(lib_a-atexit.o)
                0x00004694                atexit
 .text.quorem   0x000046a0      0x128 c:/maxim/toolchain/bin/../lib/gcc/arm-none-eabi/6.3.1/../../../../arm-none-eabi/lib/thumb/v7e-m/fpv4-sp/softfp\libc.a(lib_a-dtoa.o)
 .text._dtoa_r  0x000047c8      0xe34 c:/maxim/toolchain/bin/../lib/gcc/arm-none-eabi/6.3.1/../../../../arm-none-eabi/lib/thumb/v7e-m/fpv4-sp/softfp\libc.a(lib_a-dtoa.o)
                0x000047c8                _dtoa_r
 .text.__sflush_r
                0x000055fc      0x140 c:/maxim/toolchain/bin/../lib/gcc/arm-none-eabi/6.3.1/../../../../arm-none-eabi/lib/thumb/v7e-m/fpv4-sp/softfp\libc.a(lib_a-fflush.o)
                0x000055fc                __sflush_r
 .text._fflush_r
                0x0000573c       0x54 c:/maxim/toolchain/bin/../lib/gcc/arm-none-eabi/6.3.1/../../../../arm-none-eabi/lib/thumb/v7e-m/fpv4-sp/softfp\libc.a(lib_a-fflush.o)
                0x0000573c                _fflush_r
 .text._cleanup_r
                0x00005790        0xc c:/maxim/toolchain/bin/../lib/gcc/arm-none-eabi/6.3.1/../../../../arm-none-eabi/lib/thumb/v7e-m/fpv4-sp/softfp\libc.a(lib_a-findfp.o)
                0x00005790                _cleanup_r
 .text.std.isra.0
                0x0000579c       0x50 c:/maxim/toolchain/bin/../lib/gcc/arm-none-eabi/6.3.1/../../../../arm-none-eabi/lib/thumb/v7e-m/fpv4-sp/softfp\libc.a(lib_a-findfp.o)
 .text.__sinit  0x000057ec       0x58 c:/maxim/toolchain/bin/../lib/gcc/arm-none-eabi/6.3.1/../../../../arm-none-eabi/lib/thumb/v7e-m/fpv4-sp/softfp\libc.a(lib_a-findfp.o)
                0x000057ec                __sinit
 .text.__sfp_lock_acquire
                0x00005844        0xc c:/maxim/toolchain/bin/../lib/gcc/arm-none-eabi/6.3.1/../../../../arm-none-eabi/lib/thumb/v7e-m/fpv4-sp/softfp\libc.a(lib_a-findfp.o)
                0x00005844                __sfp_lock_acquire
 .text.__sfp_lock_release
                0x00005850        0xc c:/maxim/toolchain/bin/../lib/gcc/arm-none-eabi/6.3.1/../../../../arm-none-eabi/lib/thumb/v7e-m/fpv4-sp/softfp\libc.a(lib_a-findfp.o)
                0x00005850                __sfp_lock_release
 .text.__libc_fini_array
                0x0000585c       0x34 c:/maxim/toolchain/bin/../lib/gcc/arm-none-eabi/6.3.1/../../../../arm-none-eabi/lib/thumb/v7e-m/fpv4-sp/softfp\libc.a(lib_a-fini.o)
                0x0000585c                __libc_fini_array
 .text._malloc_trim_r
                0x00005890       0xa0 c:/maxim/toolchain/bin/../lib/gcc/arm-none-eabi/6.3.1/../../../../arm-none-eabi/lib/thumb/v7e-m/fpv4-sp/softfp\libc.a(lib_a-freer.o)
                0x00005890                _malloc_trim_r
 .text._free_r  0x00005930      0x1cc c:/maxim/toolchain/bin/../lib/gcc/arm-none-eabi/6.3.1/../../../../arm-none-eabi/lib/thumb/v7e-m/fpv4-sp/softfp\libc.a(lib_a-freer.o)
                0x00005930                _free_r
 .text.__sfvwrite_r
                0x00005afc      0x2f0 c:/maxim/toolchain/bin/../lib/gcc/arm-none-eabi/6.3.1/../../../../arm-none-eabi/lib/thumb/v7e-m/fpv4-sp/softfp\libc.a(lib_a-fvwrite.o)
                0x00005afc                __sfvwrite_r
 .text._fwalk_reent
                0x00005dec       0x54 c:/maxim/toolchain/bin/../lib/gcc/arm-none-eabi/6.3.1/../../../../arm-none-eabi/lib/thumb/v7e-m/fpv4-sp/softfp\libc.a(lib_a-fwalk.o)
                0x00005dec                _fwalk_reent
 .text.__locale_mb_cur_max
                0x00005e40       0x1c c:/maxim/toolchain/bin/../lib/gcc/arm-none-eabi/6.3.1/../../../../arm-none-eabi/lib/thumb/v7e-m/fpv4-sp/softfp\libc.a(lib_a-locale.o)
                0x00005e40                __locale_mb_cur_max
 .text.__locale_ctype_ptr_l
                0x00005e5c        0x8 c:/maxim/toolchain/bin/../lib/gcc/arm-none-eabi/6.3.1/../../../../arm-none-eabi/lib/thumb/v7e-m/fpv4-sp/softfp\libc.a(lib_a-locale.o)
                0x00005e5c                __locale_ctype_ptr_l
 .text._localeconv_r
                0x00005e64       0x1c c:/maxim/toolchain/bin/../lib/gcc/arm-none-eabi/6.3.1/../../../../arm-none-eabi/lib/thumb/v7e-m/fpv4-sp/softfp\libc.a(lib_a-localeconv.o)
                0x00005e64                _localeconv_r
 .text.__retarget_lock_init_recursive
                0x00005e80        0x4 c:/maxim/toolchain/bin/../lib/gcc/arm-none-eabi/6.3.1/../../../../arm-none-eabi/lib/thumb/v7e-m/fpv4-sp/softfp\libc.a(lib_a-lock.o)
                0x00005e80                __retarget_lock_init_recursive
 .text.__retarget_lock_close_recursive
                0x00005e84        0x4 c:/maxim/toolchain/bin/../lib/gcc/arm-none-eabi/6.3.1/../../../../arm-none-eabi/lib/thumb/v7e-m/fpv4-sp/softfp\libc.a(lib_a-lock.o)
                0x00005e84                __retarget_lock_close_recursive
 .text.__retarget_lock_acquire_recursive
                0x00005e88        0x4 c:/maxim/toolchain/bin/../lib/gcc/arm-none-eabi/6.3.1/../../../../arm-none-eabi/lib/thumb/v7e-m/fpv4-sp/softfp\libc.a(lib_a-lock.o)
                0x00005e88                __retarget_lock_acquire_recursive
 .text.__retarget_lock_release_recursive
                0x00005e8c        0x4 c:/maxim/toolchain/bin/../lib/gcc/arm-none-eabi/6.3.1/../../../../arm-none-eabi/lib/thumb/v7e-m/fpv4-sp/softfp\libc.a(lib_a-lock.o)
                0x00005e8c                __retarget_lock_release_recursive
 .text.__swhatbuf_r
                0x00005e90       0x5c c:/maxim/toolchain/bin/../lib/gcc/arm-none-eabi/6.3.1/../../../../arm-none-eabi/lib/thumb/v7e-m/fpv4-sp/softfp\libc.a(lib_a-makebuf.o)
                0x00005e90                __swhatbuf_r
 .text.__smakebuf_r
                0x00005eec       0x94 c:/maxim/toolchain/bin/../lib/gcc/arm-none-eabi/6.3.1/../../../../arm-none-eabi/lib/thumb/v7e-m/fpv4-sp/softfp\libc.a(lib_a-makebuf.o)
                0x00005eec                __smakebuf_r
 .text._malloc_r
                0x00005f80      0x560 c:/maxim/toolchain/bin/../lib/gcc/arm-none-eabi/6.3.1/../../../../arm-none-eabi/lib/thumb/v7e-m/fpv4-sp/softfp\libc.a(lib_a-mallocr.o)
                0x00005f80                _malloc_r
 .text.__ascii_mbtowc
                0x000064e0       0x2c c:/maxim/toolchain/bin/../lib/gcc/arm-none-eabi/6.3.1/../../../../arm-none-eabi/lib/thumb/v7e-m/fpv4-sp/softfp\libc.a(lib_a-mbtowc_r.o)
                0x000064e0                __ascii_mbtowc
 *fill*         0x0000650c        0x4 
 .text          0x00006510       0xa0 c:/maxim/toolchain/bin/../lib/gcc/arm-none-eabi/6.3.1/../../../../arm-none-eabi/lib/thumb/v7e-m/fpv4-sp/softfp\libc.a(lib_a-memchr.o)
                0x00006510                memchr
 .text          0x000065b0      0x134 c:/maxim/toolchain/bin/../lib/gcc/arm-none-eabi/6.3.1/../../../../arm-none-eabi/lib/thumb/v7e-m/fpv4-sp/softfp\libc.a(lib_a-memcpy.o)
                0x000065b0                memcpy
 .text.memmove  0x000066e4       0xc8 c:/maxim/toolchain/bin/../lib/gcc/arm-none-eabi/6.3.1/../../../../arm-none-eabi/lib/thumb/v7e-m/fpv4-sp/softfp\libc.a(lib_a-memmove.o)
                0x000066e4                memmove
 .text.__malloc_lock
                0x000067ac        0xc c:/maxim/toolchain/bin/../lib/gcc/arm-none-eabi/6.3.1/../../../../arm-none-eabi/lib/thumb/v7e-m/fpv4-sp/softfp\libc.a(lib_a-mlock.o)
                0x000067ac                __malloc_lock
 .text.__malloc_unlock
                0x000067b8        0xc c:/maxim/toolchain/bin/../lib/gcc/arm-none-eabi/6.3.1/../../../../arm-none-eabi/lib/thumb/v7e-m/fpv4-sp/softfp\libc.a(lib_a-mlock.o)
                0x000067b8                __malloc_unlock
 .text._Balloc  0x000067c4       0x4c c:/maxim/toolchain/bin/../lib/gcc/arm-none-eabi/6.3.1/../../../../arm-none-eabi/lib/thumb/v7e-m/fpv4-sp/softfp\libc.a(lib_a-mprec.o)
                0x000067c4                _Balloc
 .text._Bfree   0x00006810       0x14 c:/maxim/toolchain/bin/../lib/gcc/arm-none-eabi/6.3.1/../../../../arm-none-eabi/lib/thumb/v7e-m/fpv4-sp/softfp\libc.a(lib_a-mprec.o)
                0x00006810                _Bfree
 .text.__multadd
                0x00006824       0x80 c:/maxim/toolchain/bin/../lib/gcc/arm-none-eabi/6.3.1/../../../../arm-none-eabi/lib/thumb/v7e-m/fpv4-sp/softfp\libc.a(lib_a-mprec.o)
                0x00006824                __multadd
 .text.__hi0bits
                0x000068a4       0x40 c:/maxim/toolchain/bin/../lib/gcc/arm-none-eabi/6.3.1/../../../../arm-none-eabi/lib/thumb/v7e-m/fpv4-sp/softfp\libc.a(lib_a-mprec.o)
                0x000068a4                __hi0bits
 .text.__lo0bits
                0x000068e4       0x60 c:/maxim/toolchain/bin/../lib/gcc/arm-none-eabi/6.3.1/../../../../arm-none-eabi/lib/thumb/v7e-m/fpv4-sp/softfp\libc.a(lib_a-mprec.o)
                0x000068e4                __lo0bits
 .text.__i2b    0x00006944       0x14 c:/maxim/toolchain/bin/../lib/gcc/arm-none-eabi/6.3.1/../../../../arm-none-eabi/lib/thumb/v7e-m/fpv4-sp/softfp\libc.a(lib_a-mprec.o)
                0x00006944                __i2b
 .text.__multiply
                0x00006958      0x124 c:/maxim/toolchain/bin/../lib/gcc/arm-none-eabi/6.3.1/../../../../arm-none-eabi/lib/thumb/v7e-m/fpv4-sp/softfp\libc.a(lib_a-mprec.o)
                0x00006958                __multiply
 .text.__pow5mult
                0x00006a7c       0xa0 c:/maxim/toolchain/bin/../lib/gcc/arm-none-eabi/6.3.1/../../../../arm-none-eabi/lib/thumb/v7e-m/fpv4-sp/softfp\libc.a(lib_a-mprec.o)
                0x00006a7c                __pow5mult
 .text.__lshift
                0x00006b1c       0xa4 c:/maxim/toolchain/bin/../lib/gcc/arm-none-eabi/6.3.1/../../../../arm-none-eabi/lib/thumb/v7e-m/fpv4-sp/softfp\libc.a(lib_a-mprec.o)
                0x00006b1c                __lshift
 .text.__mcmp   0x00006bc0       0x38 c:/maxim/toolchain/bin/../lib/gcc/arm-none-eabi/6.3.1/../../../../arm-none-eabi/lib/thumb/v7e-m/fpv4-sp/softfp\libc.a(lib_a-mprec.o)
                0x00006bc0                __mcmp
 .text.__mdiff  0x00006bf8      0x108 c:/maxim/toolchain/bin/../lib/gcc/arm-none-eabi/6.3.1/../../../../arm-none-eabi/lib/thumb/v7e-m/fpv4-sp/softfp\libc.a(lib_a-mprec.o)
                0x00006bf8                __mdiff
 .text.__d2b    0x00006d00       0xb8 c:/maxim/toolchain/bin/../lib/gcc/arm-none-eabi/6.3.1/../../../../arm-none-eabi/lib/thumb/v7e-m/fpv4-sp/softfp\libc.a(lib_a-mprec.o)
                0x00006d00                __d2b
 .text._realloc_r
                0x00006db8      0x34c c:/maxim/toolchain/bin/../lib/gcc/arm-none-eabi/6.3.1/../../../../arm-none-eabi/lib/thumb/v7e-m/fpv4-sp/softfp\libc.a(lib_a-reallocr.o)
                0x00006db8                _realloc_r
 .text._sbrk_r  0x00007104       0x24 c:/maxim/toolchain/bin/../lib/gcc/arm-none-eabi/6.3.1/../../../../arm-none-eabi/lib/thumb/v7e-m/fpv4-sp/softfp\libc.a(lib_a-sbrkr.o)
                0x00007104                _sbrk_r
 .text.__sread  0x00007128       0x24 c:/maxim/toolchain/bin/../lib/gcc/arm-none-eabi/6.3.1/../../../../arm-none-eabi/lib/thumb/v7e-m/fpv4-sp/softfp\libc.a(lib_a-stdio.o)
                0x00007128                __sread
 .text.__swrite
                0x0000714c       0x3c c:/maxim/toolchain/bin/../lib/gcc/arm-none-eabi/6.3.1/../../../../arm-none-eabi/lib/thumb/v7e-m/fpv4-sp/softfp\libc.a(lib_a-stdio.o)
                0x0000714c                __swrite
 .text.__sseek  0x00007188       0x20 c:/maxim/toolchain/bin/../lib/gcc/arm-none-eabi/6.3.1/../../../../arm-none-eabi/lib/thumb/v7e-m/fpv4-sp/softfp\libc.a(lib_a-stdio.o)
                0x00007188                __sseek
 .text.__sclose
                0x000071a8        0x8 c:/maxim/toolchain/bin/../lib/gcc/arm-none-eabi/6.3.1/../../../../arm-none-eabi/lib/thumb/v7e-m/fpv4-sp/softfp\libc.a(lib_a-stdio.o)
                0x000071a8                __sclose
 .text.__sprint_r.part.0
                0x000071b0       0x80 c:/maxim/toolchain/bin/../lib/gcc/arm-none-eabi/6.3.1/../../../../arm-none-eabi/lib/thumb/v7e-m/fpv4-sp/softfp\libc.a(lib_a-vfiprintf.o)
 .text.__sprint_r
                0x00007230       0x14 c:/maxim/toolchain/bin/../lib/gcc/arm-none-eabi/6.3.1/../../../../arm-none-eabi/lib/thumb/v7e-m/fpv4-sp/softfp\libc.a(lib_a-vfiprintf.o)
                0x00007230                __sprint_r
 .text.__ascii_wctomb
                0x00007244       0x1c c:/maxim/toolchain/bin/../lib/gcc/arm-none-eabi/6.3.1/../../../../arm-none-eabi/lib/thumb/v7e-m/fpv4-sp/softfp\libc.a(lib_a-wctomb_r.o)
                0x00007244                __ascii_wctomb
 .text._write_r
                0x00007260       0x2c c:/maxim/toolchain/bin/../lib/gcc/arm-none-eabi/6.3.1/../../../../arm-none-eabi/lib/thumb/v7e-m/fpv4-sp/softfp\libc.a(lib_a-writer.o)
                0x00007260                _write_r
 .text.__register_exitproc
                0x0000728c       0xc4 c:/maxim/toolchain/bin/../lib/gcc/arm-none-eabi/6.3.1/../../../../arm-none-eabi/lib/thumb/v7e-m/fpv4-sp/softfp\libc.a(lib_a-__atexit.o)
                0x0000728c                __register_exitproc
 .text._calloc_r
                0x00007350       0x60 c:/maxim/toolchain/bin/../lib/gcc/arm-none-eabi/6.3.1/../../../../arm-none-eabi/lib/thumb/v7e-m/fpv4-sp/softfp\libc.a(lib_a-callocr.o)
                0x00007350                _calloc_r
 .text._close_r
                0x000073b0       0x24 c:/maxim/toolchain/bin/../lib/gcc/arm-none-eabi/6.3.1/../../../../arm-none-eabi/lib/thumb/v7e-m/fpv4-sp/softfp\libc.a(lib_a-closer.o)
                0x000073b0                _close_r
 .text._fclose_r
                0x000073d4       0xc4 c:/maxim/toolchain/bin/../lib/gcc/arm-none-eabi/6.3.1/../../../../arm-none-eabi/lib/thumb/v7e-m/fpv4-sp/softfp\libc.a(lib_a-fclose.o)
                0x000073d4                _fclose_r
 .text.__fputwc
                0x00007498       0xa0 c:/maxim/toolchain/bin/../lib/gcc/arm-none-eabi/6.3.1/../../../../arm-none-eabi/lib/thumb/v7e-m/fpv4-sp/softfp\libc.a(lib_a-fputwc.o)
                0x00007498                __fputwc
 .text._fputwc_r
                0x00007538       0x68 c:/maxim/toolchain/bin/../lib/gcc/arm-none-eabi/6.3.1/../../../../arm-none-eabi/lib/thumb/v7e-m/fpv4-sp/softfp\libc.a(lib_a-fputwc.o)
                0x00007538                _fputwc_r
 .text._fstat_r
                0x000075a0       0x28 c:/maxim/toolchain/bin/../lib/gcc/arm-none-eabi/6.3.1/../../../../arm-none-eabi/lib/thumb/v7e-m/fpv4-sp/softfp\libc.a(lib_a-fstatr.o)
                0x000075a0                _fstat_r
 .text._isatty_r
                0x000075c8       0x24 c:/maxim/toolchain/bin/../lib/gcc/arm-none-eabi/6.3.1/../../../../arm-none-eabi/lib/thumb/v7e-m/fpv4-sp/softfp\libc.a(lib_a-isattyr.o)
                0x000075c8                _isatty_r
 .text._lseek_r
                0x000075ec       0x2c c:/maxim/toolchain/bin/../lib/gcc/arm-none-eabi/6.3.1/../../../../arm-none-eabi/lib/thumb/v7e-m/fpv4-sp/softfp\libc.a(lib_a-lseekr.o)
                0x000075ec                _lseek_r
 .text._read_r  0x00007618       0x2c c:/maxim/toolchain/bin/../lib/gcc/arm-none-eabi/6.3.1/../../../../arm-none-eabi/lib/thumb/v7e-m/fpv4-sp/softfp\libc.a(lib_a-readr.o)
                0x00007618                _read_r
 .text.__swbuf_r
                0x00007644       0xb0 c:/maxim/toolchain/bin/../lib/gcc/arm-none-eabi/6.3.1/../../../../arm-none-eabi/lib/thumb/v7e-m/fpv4-sp/softfp\libc.a(lib_a-wbuf.o)
                0x00007644                __swbuf_r
 .text._wcrtomb_r
                0x000076f4       0x54 c:/maxim/toolchain/bin/../lib/gcc/arm-none-eabi/6.3.1/../../../../arm-none-eabi/lib/thumb/v7e-m/fpv4-sp/softfp\libc.a(lib_a-wcrtomb.o)
                0x000076f4                _wcrtomb_r
 .text          0x00007748      0x370 c:/maxim/toolchain/bin/../lib/gcc/arm-none-eabi/6.3.1/thumb/v7e-m/fpv4-sp/softfp\libgcc.a(_arm_addsubdf3.o)
                0x00007748                __aeabi_drsub
                0x00007750                __aeabi_dsub
                0x00007750                __subdf3
                0x00007754                __aeabi_dadd
                0x00007754                __adddf3
                0x000079cc                __floatunsidf
                0x000079cc                __aeabi_ui2d
                0x000079ec                __floatsidf
                0x000079ec                __aeabi_i2d
                0x00007a10                __aeabi_f2d
                0x00007a10                __extendsfdf2
                0x00007a4c                __floatundidf
                0x00007a4c                __aeabi_ul2d
                0x00007a5c                __floatdidf
                0x00007a5c                __aeabi_l2d
 .text          0x00007ab8      0x424 c:/maxim/toolchain/bin/../lib/gcc/arm-none-eabi/6.3.1/thumb/v7e-m/fpv4-sp/softfp\libgcc.a(_arm_muldivdf3.o)
                0x00007ab8                __aeabi_dmul
                0x00007ab8                __muldf3
                0x00007d0c                __divdf3
                0x00007d0c                __aeabi_ddiv
 .text          0x00007edc      0x110 c:/maxim/toolchain/bin/../lib/gcc/arm-none-eabi/6.3.1/thumb/v7e-m/fpv4-sp/softfp\libgcc.a(_arm_cmpdf2.o)
                0x00007edc                __gtdf2
                0x00007edc                __gedf2
                0x00007ee4                __ltdf2
                0x00007ee4                __ledf2
                0x00007eec                __nedf2
                0x00007eec                __eqdf2
                0x00007eec                __cmpdf2
                0x00007f68                __aeabi_cdrcmple
                0x00007f78                __aeabi_cdcmpeq
                0x00007f78                __aeabi_cdcmple
                0x00007f88                __aeabi_dcmpeq
                0x00007f9c                __aeabi_dcmplt
                0x00007fb0                __aeabi_dcmple
                0x00007fc4                __aeabi_dcmpge
                0x00007fd8                __aeabi_dcmpgt
 .text          0x00007fec       0x2c c:/maxim/toolchain/bin/../lib/gcc/arm-none-eabi/6.3.1/thumb/v7e-m/fpv4-sp/softfp\libgcc.a(_arm_unorddf2.o)
                0x00007fec                __unorddf2
                0x00007fec                __aeabi_dcmpun
 .text          0x00008018       0x50 c:/maxim/toolchain/bin/../lib/gcc/arm-none-eabi/6.3.1/thumb/v7e-m/fpv4-sp/softfp\libgcc.a(_arm_fixdfsi.o)
                0x00008018                __aeabi_d2iz
                0x00008018                __fixdfsi
 .text          0x00008068       0x30 c:/maxim/toolchain/bin/../lib/gcc/arm-none-eabi/6.3.1/thumb/v7e-m/fpv4-sp/softfp\libgcc.a(_aeabi_uldivmod.o)
                0x00008068                __aeabi_uldivmod
 .text          0x00008098      0x2dc c:/maxim/toolchain/bin/../lib/gcc/arm-none-eabi/6.3.1/thumb/v7e-m/fpv4-sp/softfp\libgcc.a(_udivmoddi4.o)
                0x00008098                __udivmoddi4
 .text          0x00008374        0x4 c:/maxim/toolchain/bin/../lib/gcc/arm-none-eabi/6.3.1/thumb/v7e-m/fpv4-sp/softfp\libgcc.a(_dvmd_tls.o)
                0x00008374                __aeabi_idiv0
                0x00008374                __aeabi_ldiv0
 *(.rodata*)
 .rodata.LED_Off.str1.1
                0x00008378       0x4e c:/Users/dan.estarija/workspace/USB_I2C_MAX3263X/build/main.o
 .rodata.usb_read_callback.str1.1
                0x000083c6       0xff c:/Users/dan.estarija/workspace/USB_I2C_MAX3263X/build/main.o
                                0x10b (size before relaxing)
 .rodata.Board_Init.str1.1
                0x000084c5       0x45 c:/Users/dan.estarija/workspace/USB_I2C_MAX3263X/build/board.o
 .rodata.HardFault_Handler.str1.1
                0x0000850a       0x1a c:/Users/dan.estarija/workspace/USB_I2C_MAX3263X/build/board.o
 .rodata.acm_cfg
                0x00008524        0x6 c:/Users/dan.estarija/workspace/USB_I2C_MAX3263X/build/board.o
 *fill*         0x0000852a        0x2 
 .rodata.led_pin
                0x0000852c       0x24 c:/Users/dan.estarija/workspace/USB_I2C_MAX3263X/build/board.o
                0x0000852c                led_pin
 .rodata.max14690_cfg
                0x00008550       0x10 c:/Users/dan.estarija/workspace/USB_I2C_MAX3263X/build/board.o
                0x00008550                max14690_cfg
 .rodata.max14690_sys_cfg
                0x00008560       0x10 c:/Users/dan.estarija/workspace/USB_I2C_MAX3263X/build/board.o
                0x00008560                max14690_sys_cfg
 .rodata.mxc_assert.str1.1
                0x00008570       0x19 c:/Users/dan.estarija/workspace/USB_I2C_MAX3263X/build/board.o
 *fill*         0x00008589        0x3 
 .rodata.num_leds
                0x0000858c        0x4 c:/Users/dan.estarija/workspace/USB_I2C_MAX3263X/build/board.o
                0x0000858c                num_leds
 .rodata.num_pbs
                0x00008590        0x4 c:/Users/dan.estarija/workspace/USB_I2C_MAX3263X/build/board.o
                0x00008590                num_pbs
 .rodata.pb_pin
                0x00008594        0xc c:/Users/dan.estarija/workspace/USB_I2C_MAX3263X/build/board.o
                0x00008594                pb_pin
 .rodata.GPIO_Config.str1.1
                0x000085a0       0x31 c:/Users/dan.estarija/workspace/USB_I2C_MAX3263X/build/PeriphDriver/PeriphDriver.a(gpio.o)
 .rodata.GPIO_Handler.str1.1
                0x000085d1       0x31 c:/Users/dan.estarija/workspace/USB_I2C_MAX3263X/build/PeriphDriver/PeriphDriver.a(gpio.o)
                                 0x1a (size before relaxing)
 .rodata.I2CM_Init.str1.1
                0x000085d1       0x1c c:/Users/dan.estarija/workspace/USB_I2C_MAX3263X/build/PeriphDriver/PeriphDriver.a(i2cm.o)
 *fill*         0x000085ed        0x3 
 .rodata.clk_div_table
                0x000085f0       0x60 c:/Users/dan.estarija/workspace/USB_I2C_MAX3263X/build/PeriphDriver/PeriphDriver.a(i2cm.o)
 .rodata.TMR_Init.str1.1
                0x00008650       0x19 c:/Users/dan.estarija/workspace/USB_I2C_MAX3263X/build/PeriphDriver/PeriphDriver.a(tmr.o)
 .rodata.CLKMAN_SetClkScale.str1.1
                0x00008669       0x31 c:/Users/dan.estarija/workspace/USB_I2C_MAX3263X/build/PeriphDriver/PeriphDriver.a(clkman.o)
 .rodata.CLKMAN_SetSystemClock.str1.1
                0x0000869a       0x33 c:/Users/dan.estarija/workspace/USB_I2C_MAX3263X/build/PeriphDriver/PeriphDriver.a(clkman.o)
 *fill*         0x000086cd        0x3 
 .rodata.enum_req_init
                0x000086d0       0x24 c:/Users/dan.estarija/workspace/USB_I2C_MAX3263X/build/MAXUSB/maxusb.a(enumerate.o)
 .rodata._global_impure_ptr
                0x000086f4        0x4 c:/maxim/toolchain/bin/../lib/gcc/arm-none-eabi/6.3.1/../../../../arm-none-eabi/lib/thumb/v7e-m/fpv4-sp/softfp\libc.a(lib_a-impure.o)
                0x000086f4                _global_impure_ptr
 .rodata._puts_r.str1.4
                0x000086f8        0x2 c:/maxim/toolchain/bin/../lib/gcc/arm-none-eabi/6.3.1/../../../../arm-none-eabi/lib/thumb/v7e-m/fpv4-sp/softfp\libc.a(lib_a-puts.o)
 *fill*         0x000086fa        0x2 
 .rodata._vfprintf_r.str1.4
                0x000086fc       0x42 c:/maxim/toolchain/bin/../lib/gcc/arm-none-eabi/6.3.1/../../../../arm-none-eabi/lib/thumb/v7e-m/fpv4-sp/softfp\libc.a(lib_a-vfprintf.o)
 *fill*         0x0000873e        0x2 
 .rodata.blanks.8366
                0x00008740       0x10 c:/maxim/toolchain/bin/../lib/gcc/arm-none-eabi/6.3.1/../../../../arm-none-eabi/lib/thumb/v7e-m/fpv4-sp/softfp\libc.a(lib_a-vfprintf.o)
 .rodata.zeroes.8367
                0x00008750       0x10 c:/maxim/toolchain/bin/../lib/gcc/arm-none-eabi/6.3.1/../../../../arm-none-eabi/lib/thumb/v7e-m/fpv4-sp/softfp\libc.a(lib_a-vfprintf.o)
 .rodata._dtoa_r.str1.4
                0x00008760       0x10 c:/maxim/toolchain/bin/../lib/gcc/arm-none-eabi/6.3.1/../../../../arm-none-eabi/lib/thumb/v7e-m/fpv4-sp/softfp\libc.a(lib_a-dtoa.o)
                                 0x12 (size before relaxing)
 .rodata._setlocale_r.str1.4
                0x00008770        0xa c:/maxim/toolchain/bin/../lib/gcc/arm-none-eabi/6.3.1/../../../../arm-none-eabi/lib/thumb/v7e-m/fpv4-sp/softfp\libc.a(lib_a-locale.o)
                                  0xd (size before relaxing)
 *fill*         0x0000877a        0x2 
 .rodata.str1.4
                0x0000877c        0x4 c:/maxim/toolchain/bin/../lib/gcc/arm-none-eabi/6.3.1/../../../../arm-none-eabi/lib/thumb/v7e-m/fpv4-sp/softfp\libc.a(lib_a-locale.o)
                                  0x2 (size before relaxing)
 .rodata.__mprec_bigtens
                0x00008780       0x28 c:/maxim/toolchain/bin/../lib/gcc/arm-none-eabi/6.3.1/../../../../arm-none-eabi/lib/thumb/v7e-m/fpv4-sp/softfp\libc.a(lib_a-mprec.o)
                0x00008780                __mprec_bigtens
 .rodata.__mprec_tens
                0x000087a8       0xc8 c:/maxim/toolchain/bin/../lib/gcc/arm-none-eabi/6.3.1/../../../../arm-none-eabi/lib/thumb/v7e-m/fpv4-sp/softfp\libc.a(lib_a-mprec.o)
                0x000087a8                __mprec_tens
 .rodata.p05.7183
                0x00008870        0xc c:/maxim/toolchain/bin/../lib/gcc/arm-none-eabi/6.3.1/../../../../arm-none-eabi/lib/thumb/v7e-m/fpv4-sp/softfp\libc.a(lib_a-mprec.o)
 .rodata._ctype_
                0x0000887c      0x101 c:/maxim/toolchain/bin/../lib/gcc/arm-none-eabi/6.3.1/../../../../arm-none-eabi/lib/thumb/v7e-m/fpv4-sp/softfp\libc.a(lib_a-ctype_.o)
                0x0000887c                _ctype_
 *(.init)
 *fill*         0x0000897d        0x3 
 .init          0x00008980        0x4 c:/maxim/toolchain/bin/../lib/gcc/arm-none-eabi/6.3.1/thumb/v7e-m/fpv4-sp/softfp/crti.o
                0x00008980                _init
 .init          0x00008984        0x8 c:/maxim/toolchain/bin/../lib/gcc/arm-none-eabi/6.3.1/thumb/v7e-m/fpv4-sp/softfp/crtn.o
 *(.fini)
 .fini          0x0000898c        0x4 c:/maxim/toolchain/bin/../lib/gcc/arm-none-eabi/6.3.1/thumb/v7e-m/fpv4-sp/softfp/crti.o
                0x0000898c                _fini
 .fini          0x00008990        0x8 c:/maxim/toolchain/bin/../lib/gcc/arm-none-eabi/6.3.1/thumb/v7e-m/fpv4-sp/softfp/crtn.o
 *(.eh_frame*)
 .eh_frame      0x00008998        0x0 c:/maxim/toolchain/bin/../lib/gcc/arm-none-eabi/6.3.1/thumb/v7e-m/fpv4-sp/softfp/crtbegin.o
 .eh_frame      0x00008998        0x4 c:/maxim/toolchain/bin/../lib/gcc/arm-none-eabi/6.3.1/thumb/v7e-m/fpv4-sp/softfp/crtend.o
                0x0000899c                _etext = .

.glue_7         0x0000899c        0x0
 .glue_7        0x0000899c        0x0 linker stubs

.glue_7t        0x0000899c        0x0
 .glue_7t       0x0000899c        0x0 linker stubs

.vfp11_veneer   0x0000899c        0x0
 .vfp11_veneer  0x0000899c        0x0 linker stubs

.v4_bx          0x0000899c        0x0
 .v4_bx         0x0000899c        0x0 linker stubs

.iplt           0x0000899c        0x0
 .iplt          0x0000899c        0x0 c:/maxim/toolchain/bin/../lib/gcc/arm-none-eabi/6.3.1/thumb/v7e-m/fpv4-sp/softfp/crtbegin.o

.ARM.exidx      0x0000899c        0x8
                0x0000899c                __exidx_start = .
 *(.ARM.exidx*)
 .ARM.exidx     0x0000899c        0x8 c:/maxim/toolchain/bin/../lib/gcc/arm-none-eabi/6.3.1/thumb/v7e-m/fpv4-sp/softfp\libgcc.a(_udivmoddi4.o)
                0x000089a4                __exidx_end = .

.rel.dyn        0x000089a4        0x0
 .rel.iplt      0x000089a4        0x0 c:/maxim/toolchain/bin/../lib/gcc/arm-none-eabi/6.3.1/thumb/v7e-m/fpv4-sp/softfp/crtbegin.o

.data           0x20000000      0xa94 load address 0x000089a4
                0x20000000                _data = ALIGN (., 0x4)
 *(.data*)
 .data.all_ldo_en_3V3
                0x20000000       0x10 c:/Users/dan.estarija/workspace/USB_I2C_MAX3263X/build/main.o
                0x20000000                all_ldo_en_3V3
 .data.i2cm_sys_cfg
                0x20000010       0x10 c:/Users/dan.estarija/workspace/USB_I2C_MAX3263X/build/main.o
 .data.config_descriptor
                0x20000020       0x43 c:/Users/dan.estarija/workspace/USB_I2C_MAX3263X/build/board.o
                0x20000020                config_descriptor
 *fill*         0x20000063        0x1 
 .data.device_descriptor
                0x20000064       0x12 c:/Users/dan.estarija/workspace/USB_I2C_MAX3263X/build/board.o
                0x20000064                device_descriptor
 *fill*         0x20000076        0x2 
 .data.lang_id_desc
                0x20000078        0x4 c:/Users/dan.estarija/workspace/USB_I2C_MAX3263X/build/board.o
                0x20000078                lang_id_desc
 .data.mfg_id_desc
                0x2000007c       0x22 c:/Users/dan.estarija/workspace/USB_I2C_MAX3263X/build/board.o
                0x2000007c                mfg_id_desc
 *fill*         0x2000009e        0x2 
 .data.prod_id_desc
                0x200000a0       0x22 c:/Users/dan.estarija/workspace/USB_I2C_MAX3263X/build/board.o
                0x200000a0                prod_id_desc
 *fill*         0x200000c2        0x2 
 .data.SystemCoreClock
                0x200000c4        0x4 c:/Users/dan.estarija/workspace/USB_I2C_MAX3263X/build/system_max3263x.o
                0x200000c4                SystemCoreClock
 .data.line_coding
                0x200000c8        0x7 c:/Users/dan.estarija/workspace/USB_I2C_MAX3263X/build/MAXUSB/maxusb.a(cdc_acm.o)
 *fill*         0x200000cf        0x1 
 .data.notify_data
                0x200000d0        0xa c:/Users/dan.estarija/workspace/USB_I2C_MAX3263X/build/MAXUSB/maxusb.a(cdc_acm.o)
 *fill*         0x200000da        0x2 
 .data._impure_ptr
                0x200000dc        0x4 c:/maxim/toolchain/bin/../lib/gcc/arm-none-eabi/6.3.1/../../../../arm-none-eabi/lib/thumb/v7e-m/fpv4-sp/softfp\libc.a(lib_a-impure.o)
                0x200000dc                _impure_ptr
 .data.impure_data
                0x200000e0      0x428 c:/maxim/toolchain/bin/../lib/gcc/arm-none-eabi/6.3.1/../../../../arm-none-eabi/lib/thumb/v7e-m/fpv4-sp/softfp\libc.a(lib_a-impure.o)
 .data.__atexit_recursive_mutex
                0x20000508        0x4 c:/maxim/toolchain/bin/../lib/gcc/arm-none-eabi/6.3.1/../../../../arm-none-eabi/lib/thumb/v7e-m/fpv4-sp/softfp\libc.a(lib_a-__call_atexit.o)
                0x20000508                __atexit_recursive_mutex
 .data.__global_locale
                0x2000050c      0x16c c:/maxim/toolchain/bin/../lib/gcc/arm-none-eabi/6.3.1/../../../../arm-none-eabi/lib/thumb/v7e-m/fpv4-sp/softfp\libc.a(lib_a-locale.o)
                0x2000050c                __global_locale
 .data.__malloc_av_
                0x20000678      0x408 c:/maxim/toolchain/bin/../lib/gcc/arm-none-eabi/6.3.1/../../../../arm-none-eabi/lib/thumb/v7e-m/fpv4-sp/softfp\libc.a(lib_a-mallocr.o)
                0x20000678                __malloc_av_
 .data.__malloc_sbrk_base
                0x20000a80        0x4 c:/maxim/toolchain/bin/../lib/gcc/arm-none-eabi/6.3.1/../../../../arm-none-eabi/lib/thumb/v7e-m/fpv4-sp/softfp\libc.a(lib_a-mallocr.o)
                0x20000a80                __malloc_sbrk_base
 .data.__malloc_trim_threshold
                0x20000a84        0x4 c:/maxim/toolchain/bin/../lib/gcc/arm-none-eabi/6.3.1/../../../../arm-none-eabi/lib/thumb/v7e-m/fpv4-sp/softfp\libc.a(lib_a-mallocr.o)
                0x20000a84                __malloc_trim_threshold
 *(.spix_config*)
                0x20000a88                . = ALIGN (0x4)
                0x20000a88                PROVIDE (__preinit_array_start, .)
 *(.preinit_array)
                0x20000a88                PROVIDE (__preinit_array_end, .)
                0x20000a88                . = ALIGN (0x4)
                0x20000a88                PROVIDE (__init_array_start, .)
 *(SORT(.init_array.*))
 .init_array.00000
                0x20000a88        0x4 c:/maxim/toolchain/bin/../lib/gcc/arm-none-eabi/6.3.1/../../../../arm-none-eabi/lib/thumb/v7e-m/fpv4-sp/softfp\libc.a(lib_a-__call_atexit.o)
 *(.init_array)
 .init_array    0x20000a8c        0x4 c:/maxim/toolchain/bin/../lib/gcc/arm-none-eabi/6.3.1/thumb/v7e-m/fpv4-sp/softfp/crtbegin.o
                0x20000a90                PROVIDE (__init_array_end, .)
                0x20000a90                . = ALIGN (0x4)
                0x20000a90                PROVIDE (__fini_array_start, .)
 *(SORT(.fini_array.*))
 *(.fini_array)
 .fini_array    0x20000a90        0x4 c:/maxim/toolchain/bin/../lib/gcc/arm-none-eabi/6.3.1/thumb/v7e-m/fpv4-sp/softfp/crtbegin.o
                0x20000a94                PROVIDE (__fini_array_end, .)
                0x20000a94                _edata = ALIGN (., 0x4)
                0x000089a4                __load_data = LOADADDR (.data)

.jcr            0x20000a94        0x0 load address 0x00009438
 .jcr           0x20000a94        0x0 c:/maxim/toolchain/bin/../lib/gcc/arm-none-eabi/6.3.1/thumb/v7e-m/fpv4-sp/softfp/crtbegin.o

.igot.plt       0x20000a94        0x0 load address 0x00009438
 .igot.plt      0x20000a94        0x0 c:/maxim/toolchain/bin/../lib/gcc/arm-none-eabi/6.3.1/thumb/v7e-m/fpv4-sp/softfp/crtbegin.o

.bss            0x20000c00      0x8e0 load address 0x00009438
                0x20000c00                . = ALIGN (0x4)
                0x20000c00                _bss = .
 *(.bss*)
 .bss           0x20000c00       0x1c c:/maxim/toolchain/bin/../lib/gcc/arm-none-eabi/6.3.1/thumb/v7e-m/fpv4-sp/softfp/crtbegin.o
 .bss.argv      0x20000c1c       0x10 c:/Users/dan.estarija/workspace/USB_I2C_MAX3263X/build/main.o
 .bss.command.9229
                0x20000c2c        0x1 c:/Users/dan.estarija/workspace/USB_I2C_MAX3263X/build/main.o
 .bss.debug_en  0x20000c2d        0x1 c:/Users/dan.estarija/workspace/USB_I2C_MAX3263X/build/main.o
 .bss.usb_data  0x20000c2e       0x20 c:/Users/dan.estarija/workspace/USB_I2C_MAX3263X/build/main.o
 *fill*         0x20000c4e        0x2 
 .bss.heap_end  0x20000c50        0x4 c:/Users/dan.estarija/workspace/USB_I2C_MAX3263X/build/heap.o
 .bss.callbacks
                0x20000c54      0x120 c:/Users/dan.estarija/workspace/USB_I2C_MAX3263X/build/PeriphDriver/PeriphDriver.a(gpio.o)
 .bss.cbparam   0x20000d74      0x120 c:/Users/dan.estarija/workspace/USB_I2C_MAX3263X/build/PeriphDriver/PeriphDriver.a(gpio.o)
 .bss.states    0x20000e94       0x18 c:/Users/dan.estarija/workspace/USB_I2C_MAX3263X/build/PeriphDriver/PeriphDriver.a(i2cm.o)
 .bss.prescaler
                0x20000eac        0x6 c:/Users/dan.estarija/workspace/USB_I2C_MAX3263X/build/PeriphDriver/PeriphDriver.a(tmr.o)
 .bss.ep_size   0x20000eb2        0x8 c:/Users/dan.estarija/workspace/USB_I2C_MAX3263X/build/MAXUSB/maxusb.a(usb.o)
 *fill*         0x20000eba        0x2 
 .bss.usb_request
                0x20000ebc       0x20 c:/Users/dan.estarija/workspace/USB_I2C_MAX3263X/build/MAXUSB/maxusb.a(usb.o)
 .bss.callback  0x20000edc       0x48 c:/Users/dan.estarija/workspace/USB_I2C_MAX3263X/build/MAXUSB/maxusb.a(usb_event.o)
 .bss.events    0x20000f24        0x4 c:/Users/dan.estarija/workspace/USB_I2C_MAX3263X/build/MAXUSB/maxusb.a(usb_event.o)
 .bss.callback  0x20000f28       0x38 c:/Users/dan.estarija/workspace/USB_I2C_MAX3263X/build/MAXUSB/maxusb.a(enumerate.o)
 .bss.callback_getdescriptor
                0x20000f60        0x4 c:/Users/dan.estarija/workspace/USB_I2C_MAX3263X/build/MAXUSB/maxusb.a(enumerate.o)
 .bss.config_value
                0x20000f64        0x1 c:/Users/dan.estarija/workspace/USB_I2C_MAX3263X/build/MAXUSB/maxusb.a(enumerate.o)
 .bss.device_status
                0x20000f65        0x1 c:/Users/dan.estarija/workspace/USB_I2C_MAX3263X/build/MAXUSB/maxusb.a(enumerate.o)
 *fill*         0x20000f66        0x2 
 .bss.enum_data
                0x20000f68        0x2 c:/Users/dan.estarija/workspace/USB_I2C_MAX3263X/build/MAXUSB/maxusb.a(enumerate.o)
 *fill*         0x20000f6a        0x2 
 .bss.enum_req  0x20000f6c       0x24 c:/Users/dan.estarija/workspace/USB_I2C_MAX3263X/build/MAXUSB/maxusb.a(enumerate.o)
 .bss.BREAK_signal
                0x20000f90        0x4 c:/Users/dan.estarija/workspace/USB_I2C_MAX3263X/build/MAXUSB/maxusb.a(cdc_acm.o)
 .bss.DTE_present
                0x20000f94        0x4 c:/Users/dan.estarija/workspace/USB_I2C_MAX3263X/build/MAXUSB/maxusb.a(cdc_acm.o)
 .bss.callback  0x20000f98       0x10 c:/Users/dan.estarija/workspace/USB_I2C_MAX3263X/build/MAXUSB/maxusb.a(cdc_acm.o)
 .bss.creq      0x20000fa8       0x24 c:/Users/dan.estarija/workspace/USB_I2C_MAX3263X/build/MAXUSB/maxusb.a(cdc_acm.o)
 .bss.in_ep     0x20000fcc        0x1 c:/Users/dan.estarija/workspace/USB_I2C_MAX3263X/build/MAXUSB/maxusb.a(cdc_acm.o)
 .bss.notify_ep
                0x20000fcd        0x1 c:/Users/dan.estarija/workspace/USB_I2C_MAX3263X/build/MAXUSB/maxusb.a(cdc_acm.o)
 *fill*         0x20000fce        0x2 
 .bss.nreq      0x20000fd0       0x24 c:/Users/dan.estarija/workspace/USB_I2C_MAX3263X/build/MAXUSB/maxusb.a(cdc_acm.o)
 .bss.out_ep    0x20000ff4        0x1 c:/Users/dan.estarija/workspace/USB_I2C_MAX3263X/build/MAXUSB/maxusb.a(cdc_acm.o)
 .bss.rbuf      0x20000ff5       0x81 c:/Users/dan.estarija/workspace/USB_I2C_MAX3263X/build/MAXUSB/maxusb.a(cdc_acm.o)
 *fill*         0x20001076        0x2 
 .bss.repbuf    0x20001078       0x40 c:/Users/dan.estarija/workspace/USB_I2C_MAX3263X/build/MAXUSB/maxusb.a(cdc_acm.o)
 .bss.rfifo     0x200010b8       0x10 c:/Users/dan.estarija/workspace/USB_I2C_MAX3263X/build/MAXUSB/maxusb.a(cdc_acm.o)
 .bss.rreq      0x200010c8       0x24 c:/Users/dan.estarija/workspace/USB_I2C_MAX3263X/build/MAXUSB/maxusb.a(cdc_acm.o)
 .bss.rreq_complete
                0x200010ec        0x4 c:/Users/dan.estarija/workspace/USB_I2C_MAX3263X/build/MAXUSB/maxusb.a(cdc_acm.o)
 .bss.wbuf      0x200010f0       0x81 c:/Users/dan.estarija/workspace/USB_I2C_MAX3263X/build/MAXUSB/maxusb.a(cdc_acm.o)
 *fill*         0x20001171        0x3 
 .bss.wepbuf    0x20001174       0x40 c:/Users/dan.estarija/workspace/USB_I2C_MAX3263X/build/MAXUSB/maxusb.a(cdc_acm.o)
 .bss.wfifo     0x200011b4       0x10 c:/Users/dan.estarija/workspace/USB_I2C_MAX3263X/build/MAXUSB/maxusb.a(cdc_acm.o)
 .bss.wreq      0x200011c4       0x24 c:/Users/dan.estarija/workspace/USB_I2C_MAX3263X/build/MAXUSB/maxusb.a(cdc_acm.o)
 .bss.__malloc_current_mallinfo
                0x200011e8       0x28 c:/maxim/toolchain/bin/../lib/gcc/arm-none-eabi/6.3.1/../../../../arm-none-eabi/lib/thumb/v7e-m/fpv4-sp/softfp\libc.a(lib_a-mallocr.o)
                0x200011e8                __malloc_current_mallinfo
 .bss.__malloc_max_sbrked_mem
                0x20001210        0x4 c:/maxim/toolchain/bin/../lib/gcc/arm-none-eabi/6.3.1/../../../../arm-none-eabi/lib/thumb/v7e-m/fpv4-sp/softfp\libc.a(lib_a-mallocr.o)
                0x20001210                __malloc_max_sbrked_mem
 .bss.__malloc_max_total_mem
                0x20001214        0x4 c:/maxim/toolchain/bin/../lib/gcc/arm-none-eabi/6.3.1/../../../../arm-none-eabi/lib/thumb/v7e-m/fpv4-sp/softfp\libc.a(lib_a-mallocr.o)
                0x20001214                __malloc_max_total_mem
 .bss.__malloc_top_pad
                0x20001218        0x4 c:/maxim/toolchain/bin/../lib/gcc/arm-none-eabi/6.3.1/../../../../arm-none-eabi/lib/thumb/v7e-m/fpv4-sp/softfp\libc.a(lib_a-mallocr.o)
                0x20001218                __malloc_top_pad
 *(COMMON)
 COMMON         0x2000121c       0x10 c:/Users/dan.estarija/workspace/USB_I2C_MAX3263X/build/board.o
                0x2000121c                remote_wake_en
                0x20001220                event_flags
                0x20001224                configured
                0x20001228                suspended
 *fill*         0x2000122c      0x1d4 
 COMMON         0x20001400       0x90 c:/Users/dan.estarija/workspace/USB_I2C_MAX3263X/build/MAXUSB/maxusb.a(usb.o)
                0x20001400                ep_buffer_descriptor
 COMMON         0x20001490       0x28 c:/Users/dan.estarija/workspace/USB_I2C_MAX3263X/build/MAXUSB/maxusb.a(enumerate.o)
                0x20001490                enum_desc_table
 COMMON         0x200014b8       0x21 c:/maxim/toolchain/bin/../lib/gcc/arm-none-eabi/6.3.1/../../../../arm-none-eabi/lib/thumb/v7e-m/fpv4-sp/softfp\libc.a(lib_a-lock.o)
                0x200014b8                __lock___atexit_recursive_mutex
                0x200014bc                __lock___arc4random_mutex
                0x200014c0                __lock___env_recursive_mutex
                0x200014c4                __lock___sinit_recursive_mutex
                0x200014c8                __lock___malloc_recursive_mutex
                0x200014cc                __lock___at_quick_exit_mutex
                0x200014d0                __lock___dd_hash_mutex
                0x200014d4                __lock___tz_mutex
                0x200014d8                __lock___sfp_recursive_mutex
 *fill*         0x200014d9        0x3 
 COMMON         0x200014dc        0x4 c:/maxim/toolchain/bin/../lib/gcc/arm-none-eabi/6.3.1/../../../../arm-none-eabi/lib/thumb/v7e-m/fpv4-sp/softfp\libc.a(lib_a-reent.o)
                0x200014dc                errno
                0x200014e0                _ebss = ALIGN (., 0x4)
                0x20080000                __StackTop = (ORIGIN (SRAM) + LENGTH (SRAM))
                0x2007f000                __StackLimit = (__StackTop - SIZEOF (.stack_dummy))

.stack_dummy    0x200014e0     0x1000 load address 0x00009438
 *(.stack*)
 .stack         0x200014e0     0x1000 c:/Users/dan.estarija/workspace/USB_I2C_MAX3263X/build/startup_max3263x.o

.heap           0x200014e0      0xc00 load address 0x00009438
                0x200014e0                . = ALIGN (0x4)
 *(.heap*)
 .heap          0x200014e0      0xc00 c:/Users/dan.estarija/workspace/USB_I2C_MAX3263X/build/startup_max3263x.o
                0x200014e0                __HeapBase
                0x2007f000                __HeapLimit = ABSOLUTE (__StackLimit)
                0x20080000                PROVIDE (__stack, __StackTop)
                0x00000001                ASSERT ((__StackLimit >= _ebss), region RAM overflowed with stack)
OUTPUT(c:/Users/dan.estarija/workspace/USB_I2C_MAX3263X/build/USB_I2C_MAX3263X.elf elf32-littlearm)

.ARM.attributes
                0x00000000       0x2e
 .ARM.attributes
                0x00000000       0x22 c:/maxim/toolchain/bin/../lib/gcc/arm-none-eabi/6.3.1/thumb/v7e-m/fpv4-sp/softfp/crti.o
 .ARM.attributes
                0x00000022       0x32 c:/maxim/toolchain/bin/../lib/gcc/arm-none-eabi/6.3.1/thumb/v7e-m/fpv4-sp/softfp/crtbegin.o
 .ARM.attributes
                0x00000054       0x37 c:/Users/dan.estarija/workspace/USB_I2C_MAX3263X/build/main.o
 .ARM.attributes
                0x0000008b       0x37 c:/Users/dan.estarija/workspace/USB_I2C_MAX3263X/build/board.o
 .ARM.attributes
                0x000000c2       0x37 c:/Users/dan.estarija/workspace/USB_I2C_MAX3263X/build/stdio.o
 .ARM.attributes
                0x000000f9       0x37 c:/Users/dan.estarija/workspace/USB_I2C_MAX3263X/build/led.o
 .ARM.attributes
                0x00000130       0x37 c:/Users/dan.estarija/workspace/USB_I2C_MAX3263X/build/pb.o
 .ARM.attributes
                0x00000167       0x37 c:/Users/dan.estarija/workspace/USB_I2C_MAX3263X/build/max14690.o
 .ARM.attributes
                0x0000019e       0x1b c:/Users/dan.estarija/workspace/USB_I2C_MAX3263X/build/startup_max3263x.o
 .ARM.attributes
                0x000001b9       0x37 c:/Users/dan.estarija/workspace/USB_I2C_MAX3263X/build/heap.o
 .ARM.attributes
                0x000001f0       0x37 c:/Users/dan.estarija/workspace/USB_I2C_MAX3263X/build/system_max3263x.o
 .ARM.attributes
                0x00000227       0x37 c:/Users/dan.estarija/workspace/USB_I2C_MAX3263X/build/PeriphDriver/PeriphDriver.a(gpio.o)
 .ARM.attributes
                0x0000025e       0x37 c:/Users/dan.estarija/workspace/USB_I2C_MAX3263X/build/PeriphDriver/PeriphDriver.a(i2cm.o)
 .ARM.attributes
                0x00000295       0x37 c:/Users/dan.estarija/workspace/USB_I2C_MAX3263X/build/PeriphDriver/PeriphDriver.a(lp.o)
 .ARM.attributes
                0x000002cc       0x37 c:/Users/dan.estarija/workspace/USB_I2C_MAX3263X/build/PeriphDriver/PeriphDriver.a(mxc_lock.o)
 .ARM.attributes
                0x00000303       0x37 c:/Users/dan.estarija/workspace/USB_I2C_MAX3263X/build/PeriphDriver/PeriphDriver.a(mxc_sys.o)
 .ARM.attributes
                0x0000033a       0x37 c:/Users/dan.estarija/workspace/USB_I2C_MAX3263X/build/PeriphDriver/PeriphDriver.a(tmr.o)
 .ARM.attributes
                0x00000371       0x37 c:/Users/dan.estarija/workspace/USB_I2C_MAX3263X/build/PeriphDriver/PeriphDriver.a(clkman.o)
 .ARM.attributes
                0x000003a8       0x37 c:/Users/dan.estarija/workspace/USB_I2C_MAX3263X/build/PeriphDriver/PeriphDriver.a(ioman.o)
 .ARM.attributes
                0x000003df       0x37 c:/Users/dan.estarija/workspace/USB_I2C_MAX3263X/build/MAXUSB/maxusb.a(usb.o)
 .ARM.attributes
                0x00000416       0x37 c:/Users/dan.estarija/workspace/USB_I2C_MAX3263X/build/MAXUSB/maxusb.a(usb_event.o)
 .ARM.attributes
                0x0000044d       0x37 c:/Users/dan.estarija/workspace/USB_I2C_MAX3263X/build/MAXUSB/maxusb.a(enumerate.o)
 .ARM.attributes
                0x00000484       0x37 c:/Users/dan.estarija/workspace/USB_I2C_MAX3263X/build/MAXUSB/maxusb.a(cdc_acm.o)
 .ARM.attributes
                0x000004bb       0x37 c:/Users/dan.estarija/workspace/USB_I2C_MAX3263X/build/MAXUSB/maxusb.a(fifo.o)
 .ARM.attributes
                0x000004f2       0x32 c:/maxim/toolchain/bin/../lib/gcc/arm-none-eabi/6.3.1/../../../../arm-none-eabi/lib/thumb/v7e-m/fpv4-sp/softfp\libc.a(lib_a-errno.o)
 .ARM.attributes
                0x00000524       0x32 c:/maxim/toolchain/bin/../lib/gcc/arm-none-eabi/6.3.1/../../../../arm-none-eabi/lib/thumb/v7e-m/fpv4-sp/softfp\libc.a(lib_a-impure.o)
 .ARM.attributes
                0x00000556       0x32 c:/maxim/toolchain/bin/../lib/gcc/arm-none-eabi/6.3.1/../../../../arm-none-eabi/lib/thumb/v7e-m/fpv4-sp/softfp\libc.a(lib_a-init.o)
 .ARM.attributes
                0x00000588       0x32 c:/maxim/toolchain/bin/../lib/gcc/arm-none-eabi/6.3.1/../../../../arm-none-eabi/lib/thumb/v7e-m/fpv4-sp/softfp\libc.a(lib_a-memset.o)
 .ARM.attributes
                0x000005ba       0x32 c:/maxim/toolchain/bin/../lib/gcc/arm-none-eabi/6.3.1/../../../../arm-none-eabi/lib/thumb/v7e-m/fpv4-sp/softfp\libc.a(lib_a-printf.o)
 .ARM.attributes
                0x000005ec       0x32 c:/maxim/toolchain/bin/../lib/gcc/arm-none-eabi/6.3.1/../../../../arm-none-eabi/lib/thumb/v7e-m/fpv4-sp/softfp\libc.a(lib_a-puts.o)
 .ARM.attributes
                0x0000061e       0x20 c:/maxim/toolchain/bin/../lib/gcc/arm-none-eabi/6.3.1/../../../../arm-none-eabi/lib/thumb/v7e-m/fpv4-sp/softfp\libc.a(lib_a-strcmp.o)
 .ARM.attributes
                0x0000063e       0x20 c:/maxim/toolchain/bin/../lib/gcc/arm-none-eabi/6.3.1/../../../../arm-none-eabi/lib/thumb/v7e-m/fpv4-sp/softfp\libc.a(lib_a-strlen.o)
 .ARM.attributes
                0x0000065e       0x32 c:/maxim/toolchain/bin/../lib/gcc/arm-none-eabi/6.3.1/../../../../arm-none-eabi/lib/thumb/v7e-m/fpv4-sp/softfp\libc.a(lib_a-strtol.o)
 .ARM.attributes
                0x00000690       0x32 c:/maxim/toolchain/bin/../lib/gcc/arm-none-eabi/6.3.1/../../../../arm-none-eabi/lib/thumb/v7e-m/fpv4-sp/softfp\libc.a(lib_a-vfprintf.o)
 .ARM.attributes
                0x000006c2       0x32 c:/maxim/toolchain/bin/../lib/gcc/arm-none-eabi/6.3.1/../../../../arm-none-eabi/lib/thumb/v7e-m/fpv4-sp/softfp\libc.a(lib_a-wsetup.o)
 .ARM.attributes
                0x000006f4       0x32 c:/maxim/toolchain/bin/../lib/gcc/arm-none-eabi/6.3.1/../../../../arm-none-eabi/lib/thumb/v7e-m/fpv4-sp/softfp\libc.a(lib_a-__call_atexit.o)
 .ARM.attributes
                0x00000726       0x32 c:/maxim/toolchain/bin/../lib/gcc/arm-none-eabi/6.3.1/../../../../arm-none-eabi/lib/thumb/v7e-m/fpv4-sp/softfp\libc.a(lib_a-atexit.o)
 .ARM.attributes
                0x00000758       0x32 c:/maxim/toolchain/bin/../lib/gcc/arm-none-eabi/6.3.1/../../../../arm-none-eabi/lib/thumb/v7e-m/fpv4-sp/softfp\libc.a(lib_a-dtoa.o)
 .ARM.attributes
                0x0000078a       0x32 c:/maxim/toolchain/bin/../lib/gcc/arm-none-eabi/6.3.1/../../../../arm-none-eabi/lib/thumb/v7e-m/fpv4-sp/softfp\libc.a(lib_a-fflush.o)
 .ARM.attributes
                0x000007bc       0x32 c:/maxim/toolchain/bin/../lib/gcc/arm-none-eabi/6.3.1/../../../../arm-none-eabi/lib/thumb/v7e-m/fpv4-sp/softfp\libc.a(lib_a-findfp.o)
 .ARM.attributes
                0x000007ee       0x32 c:/maxim/toolchain/bin/../lib/gcc/arm-none-eabi/6.3.1/../../../../arm-none-eabi/lib/thumb/v7e-m/fpv4-sp/softfp\libc.a(lib_a-fini.o)
 .ARM.attributes
                0x00000820       0x32 c:/maxim/toolchain/bin/../lib/gcc/arm-none-eabi/6.3.1/../../../../arm-none-eabi/lib/thumb/v7e-m/fpv4-sp/softfp\libc.a(lib_a-freer.o)
 .ARM.attributes
                0x00000852       0x32 c:/maxim/toolchain/bin/../lib/gcc/arm-none-eabi/6.3.1/../../../../arm-none-eabi/lib/thumb/v7e-m/fpv4-sp/softfp\libc.a(lib_a-fvwrite.o)
 .ARM.attributes
                0x00000884       0x32 c:/maxim/toolchain/bin/../lib/gcc/arm-none-eabi/6.3.1/../../../../arm-none-eabi/lib/thumb/v7e-m/fpv4-sp/softfp\libc.a(lib_a-fwalk.o)
 .ARM.attributes
                0x000008b6       0x32 c:/maxim/toolchain/bin/../lib/gcc/arm-none-eabi/6.3.1/../../../../arm-none-eabi/lib/thumb/v7e-m/fpv4-sp/softfp\libc.a(lib_a-locale.o)
 .ARM.attributes
                0x000008e8       0x32 c:/maxim/toolchain/bin/../lib/gcc/arm-none-eabi/6.3.1/../../../../arm-none-eabi/lib/thumb/v7e-m/fpv4-sp/softfp\libc.a(lib_a-localeconv.o)
 .ARM.attributes
                0x0000091a       0x32 c:/maxim/toolchain/bin/../lib/gcc/arm-none-eabi/6.3.1/../../../../arm-none-eabi/lib/thumb/v7e-m/fpv4-sp/softfp\libc.a(lib_a-lock.o)
 .ARM.attributes
                0x0000094c       0x32 c:/maxim/toolchain/bin/../lib/gcc/arm-none-eabi/6.3.1/../../../../arm-none-eabi/lib/thumb/v7e-m/fpv4-sp/softfp\libc.a(lib_a-makebuf.o)
 .ARM.attributes
                0x0000097e       0x32 c:/maxim/toolchain/bin/../lib/gcc/arm-none-eabi/6.3.1/../../../../arm-none-eabi/lib/thumb/v7e-m/fpv4-sp/softfp\libc.a(lib_a-mallocr.o)
 .ARM.attributes
                0x000009b0       0x32 c:/maxim/toolchain/bin/../lib/gcc/arm-none-eabi/6.3.1/../../../../arm-none-eabi/lib/thumb/v7e-m/fpv4-sp/softfp\libc.a(lib_a-mbtowc_r.o)
 .ARM.attributes
                0x000009e2       0x20 c:/maxim/toolchain/bin/../lib/gcc/arm-none-eabi/6.3.1/../../../../arm-none-eabi/lib/thumb/v7e-m/fpv4-sp/softfp\libc.a(lib_a-memchr.o)
 .ARM.attributes
                0x00000a02       0x20 c:/maxim/toolchain/bin/../lib/gcc/arm-none-eabi/6.3.1/../../../../arm-none-eabi/lib/thumb/v7e-m/fpv4-sp/softfp\libc.a(lib_a-memcpy.o)
 .ARM.attributes
                0x00000a22       0x32 c:/maxim/toolchain/bin/../lib/gcc/arm-none-eabi/6.3.1/../../../../arm-none-eabi/lib/thumb/v7e-m/fpv4-sp/softfp\libc.a(lib_a-memmove.o)
 .ARM.attributes
                0x00000a54       0x32 c:/maxim/toolchain/bin/../lib/gcc/arm-none-eabi/6.3.1/../../../../arm-none-eabi/lib/thumb/v7e-m/fpv4-sp/softfp\libc.a(lib_a-mlock.o)
 .ARM.attributes
                0x00000a86       0x32 c:/maxim/toolchain/bin/../lib/gcc/arm-none-eabi/6.3.1/../../../../arm-none-eabi/lib/thumb/v7e-m/fpv4-sp/softfp\libc.a(lib_a-mprec.o)
 .ARM.attributes
                0x00000ab8       0x32 c:/maxim/toolchain/bin/../lib/gcc/arm-none-eabi/6.3.1/../../../../arm-none-eabi/lib/thumb/v7e-m/fpv4-sp/softfp\libc.a(lib_a-reallocr.o)
 .ARM.attributes
                0x00000aea       0x32 c:/maxim/toolchain/bin/../lib/gcc/arm-none-eabi/6.3.1/../../../../arm-none-eabi/lib/thumb/v7e-m/fpv4-sp/softfp\libc.a(lib_a-sbrkr.o)
 .ARM.attributes
                0x00000b1c       0x32 c:/maxim/toolchain/bin/../lib/gcc/arm-none-eabi/6.3.1/../../../../arm-none-eabi/lib/thumb/v7e-m/fpv4-sp/softfp\libc.a(lib_a-stdio.o)
 .ARM.attributes
                0x00000b4e       0x32 c:/maxim/toolchain/bin/../lib/gcc/arm-none-eabi/6.3.1/../../../../arm-none-eabi/lib/thumb/v7e-m/fpv4-sp/softfp\libc.a(lib_a-vfiprintf.o)
 .ARM.attributes
                0x00000b80       0x32 c:/maxim/toolchain/bin/../lib/gcc/arm-none-eabi/6.3.1/../../../../arm-none-eabi/lib/thumb/v7e-m/fpv4-sp/softfp\libc.a(lib_a-wctomb_r.o)
 .ARM.attributes
                0x00000bb2       0x32 c:/maxim/toolchain/bin/../lib/gcc/arm-none-eabi/6.3.1/../../../../arm-none-eabi/lib/thumb/v7e-m/fpv4-sp/softfp\libc.a(lib_a-writer.o)
 .ARM.attributes
                0x00000be4       0x32 c:/maxim/toolchain/bin/../lib/gcc/arm-none-eabi/6.3.1/../../../../arm-none-eabi/lib/thumb/v7e-m/fpv4-sp/softfp\libc.a(lib_a-__atexit.o)
 .ARM.attributes
                0x00000c16       0x32 c:/maxim/toolchain/bin/../lib/gcc/arm-none-eabi/6.3.1/../../../../arm-none-eabi/lib/thumb/v7e-m/fpv4-sp/softfp\libc.a(lib_a-callocr.o)
 .ARM.attributes
                0x00000c48       0x32 c:/maxim/toolchain/bin/../lib/gcc/arm-none-eabi/6.3.1/../../../../arm-none-eabi/lib/thumb/v7e-m/fpv4-sp/softfp\libc.a(lib_a-closer.o)
 .ARM.attributes
                0x00000c7a       0x32 c:/maxim/toolchain/bin/../lib/gcc/arm-none-eabi/6.3.1/../../../../arm-none-eabi/lib/thumb/v7e-m/fpv4-sp/softfp\libc.a(lib_a-ctype_.o)
 .ARM.attributes
                0x00000cac       0x32 c:/maxim/toolchain/bin/../lib/gcc/arm-none-eabi/6.3.1/../../../../arm-none-eabi/lib/thumb/v7e-m/fpv4-sp/softfp\libc.a(lib_a-fclose.o)
 .ARM.attributes
                0x00000cde       0x32 c:/maxim/toolchain/bin/../lib/gcc/arm-none-eabi/6.3.1/../../../../arm-none-eabi/lib/thumb/v7e-m/fpv4-sp/softfp\libc.a(lib_a-fputwc.o)
 .ARM.attributes
                0x00000d10       0x32 c:/maxim/toolchain/bin/../lib/gcc/arm-none-eabi/6.3.1/../../../../arm-none-eabi/lib/thumb/v7e-m/fpv4-sp/softfp\libc.a(lib_a-fstatr.o)
 .ARM.attributes
                0x00000d42       0x32 c:/maxim/toolchain/bin/../lib/gcc/arm-none-eabi/6.3.1/../../../../arm-none-eabi/lib/thumb/v7e-m/fpv4-sp/softfp\libc.a(lib_a-isattyr.o)
 .ARM.attributes
                0x00000d74       0x32 c:/maxim/toolchain/bin/../lib/gcc/arm-none-eabi/6.3.1/../../../../arm-none-eabi/lib/thumb/v7e-m/fpv4-sp/softfp\libc.a(lib_a-lseekr.o)
 .ARM.attributes
                0x00000da6       0x32 c:/maxim/toolchain/bin/../lib/gcc/arm-none-eabi/6.3.1/../../../../arm-none-eabi/lib/thumb/v7e-m/fpv4-sp/softfp\libc.a(lib_a-readr.o)
 .ARM.attributes
                0x00000dd8       0x32 c:/maxim/toolchain/bin/../lib/gcc/arm-none-eabi/6.3.1/../../../../arm-none-eabi/lib/thumb/v7e-m/fpv4-sp/softfp\libc.a(lib_a-reent.o)
 .ARM.attributes
                0x00000e0a       0x32 c:/maxim/toolchain/bin/../lib/gcc/arm-none-eabi/6.3.1/../../../../arm-none-eabi/lib/thumb/v7e-m/fpv4-sp/softfp\libc.a(lib_a-wbuf.o)
 .ARM.attributes
                0x00000e3c       0x32 c:/maxim/toolchain/bin/../lib/gcc/arm-none-eabi/6.3.1/../../../../arm-none-eabi/lib/thumb/v7e-m/fpv4-sp/softfp\libc.a(lib_a-wcrtomb.o)
 .ARM.attributes
                0x00000e6e       0x22 c:/maxim/toolchain/bin/../lib/gcc/arm-none-eabi/6.3.1/thumb/v7e-m/fpv4-sp/softfp\libgcc.a(_arm_addsubdf3.o)
 .ARM.attributes
                0x00000e90       0x22 c:/maxim/toolchain/bin/../lib/gcc/arm-none-eabi/6.3.1/thumb/v7e-m/fpv4-sp/softfp\libgcc.a(_arm_muldivdf3.o)
 .ARM.attributes
                0x00000eb2       0x22 c:/maxim/toolchain/bin/../lib/gcc/arm-none-eabi/6.3.1/thumb/v7e-m/fpv4-sp/softfp\libgcc.a(_arm_cmpdf2.o)
 .ARM.attributes
                0x00000ed4       0x22 c:/maxim/toolchain/bin/../lib/gcc/arm-none-eabi/6.3.1/thumb/v7e-m/fpv4-sp/softfp\libgcc.a(_arm_unorddf2.o)
 .ARM.attributes
                0x00000ef6       0x22 c:/maxim/toolchain/bin/../lib/gcc/arm-none-eabi/6.3.1/thumb/v7e-m/fpv4-sp/softfp\libgcc.a(_arm_fixdfsi.o)
 .ARM.attributes
                0x00000f18       0x22 c:/maxim/toolchain/bin/../lib/gcc/arm-none-eabi/6.3.1/thumb/v7e-m/fpv4-sp/softfp\libgcc.a(_aeabi_uldivmod.o)
 .ARM.attributes
                0x00000f3a       0x32 c:/maxim/toolchain/bin/../lib/gcc/arm-none-eabi/6.3.1/thumb/v7e-m/fpv4-sp/softfp\libgcc.a(_udivmoddi4.o)
 .ARM.attributes
                0x00000f6c       0x22 c:/maxim/toolchain/bin/../lib/gcc/arm-none-eabi/6.3.1/thumb/v7e-m/fpv4-sp/softfp\libgcc.a(_dvmd_tls.o)
 .ARM.attributes
                0x00000f8e       0x32 c:/maxim/toolchain/bin/../lib/gcc/arm-none-eabi/6.3.1/thumb/v7e-m/fpv4-sp/softfp/crtend.o
 .ARM.attributes
                0x00000fc0       0x22 c:/maxim/toolchain/bin/../lib/gcc/arm-none-eabi/6.3.1/thumb/v7e-m/fpv4-sp/softfp/crtn.o

.comment        0x00000000       0x7f
 .comment       0x00000000       0x7f c:/Users/dan.estarija/workspace/USB_I2C_MAX3263X/build/main.o
                                 0x80 (size before relaxing)
 .comment       0x0000007f       0x80 c:/Users/dan.estarija/workspace/USB_I2C_MAX3263X/build/board.o
 .comment       0x0000007f       0x80 c:/Users/dan.estarija/workspace/USB_I2C_MAX3263X/build/stdio.o
 .comment       0x0000007f       0x80 c:/Users/dan.estarija/workspace/USB_I2C_MAX3263X/build/led.o
 .comment       0x0000007f       0x80 c:/Users/dan.estarija/workspace/USB_I2C_MAX3263X/build/pb.o
 .comment       0x0000007f       0x80 c:/Users/dan.estarija/workspace/USB_I2C_MAX3263X/build/max14690.o
 .comment       0x0000007f       0x80 c:/Users/dan.estarija/workspace/USB_I2C_MAX3263X/build/heap.o
 .comment       0x0000007f       0x80 c:/Users/dan.estarija/workspace/USB_I2C_MAX3263X/build/system_max3263x.o
 .comment       0x0000007f       0x80 c:/Users/dan.estarija/workspace/USB_I2C_MAX3263X/build/PeriphDriver/PeriphDriver.a(gpio.o)
 .comment       0x0000007f       0x80 c:/Users/dan.estarija/workspace/USB_I2C_MAX3263X/build/PeriphDriver/PeriphDriver.a(i2cm.o)
 .comment       0x0000007f       0x80 c:/Users/dan.estarija/workspace/USB_I2C_MAX3263X/build/PeriphDriver/PeriphDriver.a(lp.o)
 .comment       0x0000007f       0x80 c:/Users/dan.estarija/workspace/USB_I2C_MAX3263X/build/PeriphDriver/PeriphDriver.a(mxc_lock.o)
 .comment       0x0000007f       0x80 c:/Users/dan.estarija/workspace/USB_I2C_MAX3263X/build/PeriphDriver/PeriphDriver.a(mxc_sys.o)
 .comment       0x0000007f       0x80 c:/Users/dan.estarija/workspace/USB_I2C_MAX3263X/build/PeriphDriver/PeriphDriver.a(tmr.o)
 .comment       0x0000007f       0x80 c:/Users/dan.estarija/workspace/USB_I2C_MAX3263X/build/PeriphDriver/PeriphDriver.a(clkman.o)
 .comment       0x0000007f       0x80 c:/Users/dan.estarija/workspace/USB_I2C_MAX3263X/build/PeriphDriver/PeriphDriver.a(ioman.o)
 .comment       0x0000007f       0x80 c:/Users/dan.estarija/workspace/USB_I2C_MAX3263X/build/MAXUSB/maxusb.a(usb.o)
 .comment       0x0000007f       0x80 c:/Users/dan.estarija/workspace/USB_I2C_MAX3263X/build/MAXUSB/maxusb.a(usb_event.o)
 .comment       0x0000007f       0x80 c:/Users/dan.estarija/workspace/USB_I2C_MAX3263X/build/MAXUSB/maxusb.a(enumerate.o)
 .comment       0x0000007f       0x80 c:/Users/dan.estarija/workspace/USB_I2C_MAX3263X/build/MAXUSB/maxusb.a(cdc_acm.o)
 .comment       0x0000007f       0x80 c:/Users/dan.estarija/workspace/USB_I2C_MAX3263X/build/MAXUSB/maxusb.a(fifo.o)

.debug_info     0x00000000    0x164a0
 .debug_info    0x00000000     0x1c5e c:/Users/dan.estarija/workspace/USB_I2C_MAX3263X/build/main.o
 .debug_info    0x00001c5e     0x29e5 c:/Users/dan.estarija/workspace/USB_I2C_MAX3263X/build/board.o
 .debug_info    0x00004643     0x1483 c:/Users/dan.estarija/workspace/USB_I2C_MAX3263X/build/stdio.o
 .debug_info    0x00005ac6      0x9db c:/Users/dan.estarija/workspace/USB_I2C_MAX3263X/build/led.o
 .debug_info    0x000064a1      0x8a4 c:/Users/dan.estarija/workspace/USB_I2C_MAX3263X/build/pb.o
 .debug_info    0x00006d45     0x14e7 c:/Users/dan.estarija/workspace/USB_I2C_MAX3263X/build/max14690.o
 .debug_info    0x0000822c      0x98d c:/Users/dan.estarija/workspace/USB_I2C_MAX3263X/build/heap.o
 .debug_info    0x00008bb9     0x1588 c:/Users/dan.estarija/workspace/USB_I2C_MAX3263X/build/system_max3263x.o
 .debug_info    0x0000a141      0x64c c:/Users/dan.estarija/workspace/USB_I2C_MAX3263X/build/PeriphDriver/PeriphDriver.a(gpio.o)
 .debug_info    0x0000a78d     0x2096 c:/Users/dan.estarija/workspace/USB_I2C_MAX3263X/build/PeriphDriver/PeriphDriver.a(i2cm.o)
 .debug_info    0x0000c823      0xc4b c:/Users/dan.estarija/workspace/USB_I2C_MAX3263X/build/PeriphDriver/PeriphDriver.a(lp.o)
 .debug_info    0x0000d46e      0x211 c:/Users/dan.estarija/workspace/USB_I2C_MAX3263X/build/PeriphDriver/PeriphDriver.a(mxc_lock.o)
 .debug_info    0x0000d67f     0x2971 c:/Users/dan.estarija/workspace/USB_I2C_MAX3263X/build/PeriphDriver/PeriphDriver.a(mxc_sys.o)
 .debug_info    0x0000fff0      0xa8f c:/Users/dan.estarija/workspace/USB_I2C_MAX3263X/build/PeriphDriver/PeriphDriver.a(tmr.o)
 .debug_info    0x00010a7f      0x77f c:/Users/dan.estarija/workspace/USB_I2C_MAX3263X/build/PeriphDriver/PeriphDriver.a(clkman.o)
 .debug_info    0x000111fe      0x608 c:/Users/dan.estarija/workspace/USB_I2C_MAX3263X/build/PeriphDriver/PeriphDriver.a(ioman.o)
 .debug_info    0x00011806     0x1456 c:/Users/dan.estarija/workspace/USB_I2C_MAX3263X/build/MAXUSB/maxusb.a(usb.o)
 .debug_info    0x00012c5c      0xbf5 c:/Users/dan.estarija/workspace/USB_I2C_MAX3263X/build/MAXUSB/maxusb.a(usb_event.o)
 .debug_info    0x00013851     0x1310 c:/Users/dan.estarija/workspace/USB_I2C_MAX3263X/build/MAXUSB/maxusb.a(enumerate.o)
 .debug_info    0x00014b61     0x14d7 c:/Users/dan.estarija/workspace/USB_I2C_MAX3263X/build/MAXUSB/maxusb.a(cdc_acm.o)
 .debug_info    0x00016038      0x468 c:/Users/dan.estarija/workspace/USB_I2C_MAX3263X/build/MAXUSB/maxusb.a(fifo.o)

.debug_abbrev   0x00000000     0x3b37
 .debug_abbrev  0x00000000      0x355 c:/Users/dan.estarija/workspace/USB_I2C_MAX3263X/build/main.o
 .debug_abbrev  0x00000355      0x4e6 c:/Users/dan.estarija/workspace/USB_I2C_MAX3263X/build/board.o
 .debug_abbrev  0x0000083b      0x2d9 c:/Users/dan.estarija/workspace/USB_I2C_MAX3263X/build/stdio.o
 .debug_abbrev  0x00000b14      0x202 c:/Users/dan.estarija/workspace/USB_I2C_MAX3263X/build/led.o
 .debug_abbrev  0x00000d16      0x27a c:/Users/dan.estarija/workspace/USB_I2C_MAX3263X/build/pb.o
 .debug_abbrev  0x00000f90      0x2c3 c:/Users/dan.estarija/workspace/USB_I2C_MAX3263X/build/max14690.o
 .debug_abbrev  0x00001253      0x1fa c:/Users/dan.estarija/workspace/USB_I2C_MAX3263X/build/heap.o
 .debug_abbrev  0x0000144d      0x2b5 c:/Users/dan.estarija/workspace/USB_I2C_MAX3263X/build/system_max3263x.o
 .debug_abbrev  0x00001702      0x267 c:/Users/dan.estarija/workspace/USB_I2C_MAX3263X/build/PeriphDriver/PeriphDriver.a(gpio.o)
 .debug_abbrev  0x00001969      0x456 c:/Users/dan.estarija/workspace/USB_I2C_MAX3263X/build/PeriphDriver/PeriphDriver.a(i2cm.o)
 .debug_abbrev  0x00001dbf      0x24b c:/Users/dan.estarija/workspace/USB_I2C_MAX3263X/build/PeriphDriver/PeriphDriver.a(lp.o)
 .debug_abbrev  0x0000200a      0x135 c:/Users/dan.estarija/workspace/USB_I2C_MAX3263X/build/PeriphDriver/PeriphDriver.a(mxc_lock.o)
 .debug_abbrev  0x0000213f      0x45f c:/Users/dan.estarija/workspace/USB_I2C_MAX3263X/build/PeriphDriver/PeriphDriver.a(mxc_sys.o)
 .debug_abbrev  0x0000259e      0x264 c:/Users/dan.estarija/workspace/USB_I2C_MAX3263X/build/PeriphDriver/PeriphDriver.a(tmr.o)
 .debug_abbrev  0x00002802      0x1ab c:/Users/dan.estarija/workspace/USB_I2C_MAX3263X/build/PeriphDriver/PeriphDriver.a(clkman.o)
 .debug_abbrev  0x000029ad      0x125 c:/Users/dan.estarija/workspace/USB_I2C_MAX3263X/build/PeriphDriver/PeriphDriver.a(ioman.o)
 .debug_abbrev  0x00002ad2      0x476 c:/Users/dan.estarija/workspace/USB_I2C_MAX3263X/build/MAXUSB/maxusb.a(usb.o)
 .debug_abbrev  0x00002f48      0x294 c:/Users/dan.estarija/workspace/USB_I2C_MAX3263X/build/MAXUSB/maxusb.a(usb_event.o)
 .debug_abbrev  0x000031dc      0x3eb c:/Users/dan.estarija/workspace/USB_I2C_MAX3263X/build/MAXUSB/maxusb.a(enumerate.o)
 .debug_abbrev  0x000035c7      0x442 c:/Users/dan.estarija/workspace/USB_I2C_MAX3263X/build/MAXUSB/maxusb.a(cdc_acm.o)
 .debug_abbrev  0x00003a09      0x12e c:/Users/dan.estarija/workspace/USB_I2C_MAX3263X/build/MAXUSB/maxusb.a(fifo.o)

.debug_loc      0x00000000     0x5623
 .debug_loc     0x00000000      0x1f5 c:/Users/dan.estarija/workspace/USB_I2C_MAX3263X/build/main.o
 .debug_loc     0x000001f5      0x33d c:/Users/dan.estarija/workspace/USB_I2C_MAX3263X/build/board.o
 .debug_loc     0x00000532      0x216 c:/Users/dan.estarija/workspace/USB_I2C_MAX3263X/build/stdio.o
 .debug_loc     0x00000748       0x51 c:/Users/dan.estarija/workspace/USB_I2C_MAX3263X/build/led.o
 .debug_loc     0x00000799       0xa0 c:/Users/dan.estarija/workspace/USB_I2C_MAX3263X/build/pb.o