Archive member included to satisfy reference by file (symbol)

c:/Users/davee/Documents/Maxim/Eclipse/workspace/remote_alarm_fthr/build/PeriphDriver/PeriphDriver.a(gpio.o)
                              c:/Users/davee/Documents/Maxim/Eclipse/workspace/remote_alarm_fthr/build/led.o (GPIO_Config)
c:/Users/davee/Documents/Maxim/Eclipse/workspace/remote_alarm_fthr/build/PeriphDriver/PeriphDriver.a(i2cm.o)
                              c:/Users/davee/Documents/Maxim/Eclipse/workspace/remote_alarm_fthr/build/main.o (I2CM_Init)
c:/Users/davee/Documents/Maxim/Eclipse/workspace/remote_alarm_fthr/build/PeriphDriver/PeriphDriver.a(lp.o)
                              c:/Users/davee/Documents/Maxim/Eclipse/workspace/remote_alarm_fthr/build/max14690.o (LP_ConfigGPIOWakeUpDetect)
c:/Users/davee/Documents/Maxim/Eclipse/workspace/remote_alarm_fthr/build/PeriphDriver/PeriphDriver.a(mxc_lock.o)
                              c:/Users/davee/Documents/Maxim/Eclipse/workspace/remote_alarm_fthr/build/PeriphDriver/PeriphDriver.a(i2cm.o) (mxc_get_lock)
c:/Users/davee/Documents/Maxim/Eclipse/workspace/remote_alarm_fthr/build/PeriphDriver/PeriphDriver.a(mxc_sys.o)
                              c:/Users/davee/Documents/Maxim/Eclipse/workspace/remote_alarm_fthr/build/PeriphDriver/PeriphDriver.a(gpio.o) (SYS_GPIO_Init)
c:/Users/davee/Documents/Maxim/Eclipse/workspace/remote_alarm_fthr/build/PeriphDriver/PeriphDriver.a(tmr.o)
                              c:/Users/davee/Documents/Maxim/Eclipse/workspace/remote_alarm_fthr/build/board.o (TMR_Init)
c:/Users/davee/Documents/Maxim/Eclipse/workspace/remote_alarm_fthr/build/PeriphDriver/PeriphDriver.a(tmr_utils.o)
                              c:/Users/davee/Documents/Maxim/Eclipse/workspace/remote_alarm_fthr/build/main.o (TMR_Delay)
c:/Users/davee/Documents/Maxim/Eclipse/workspace/remote_alarm_fthr/build/PeriphDriver/PeriphDriver.a(clkman.o)
                              c:/Users/davee/Documents/Maxim/Eclipse/workspace/remote_alarm_fthr/build/PeriphDriver/PeriphDriver.a(mxc_sys.o) (CLKMAN_CryptoClockEnable)
c:/Users/davee/Documents/Maxim/Eclipse/workspace/remote_alarm_fthr/build/PeriphDriver/PeriphDriver.a(ioman.o)
                              c:/Users/davee/Documents/Maxim/Eclipse/workspace/remote_alarm_fthr/build/PeriphDriver/PeriphDriver.a(mxc_sys.o) (IOMAN_Config)
c:/Users/davee/Documents/Maxim/Eclipse/workspace/remote_alarm_fthr/build/MAXUSB/maxusb.a(usb.o)
                              c:/Users/davee/Documents/Maxim/Eclipse/workspace/remote_alarm_fthr/build/board.o (usb_init)
c:/Users/davee/Documents/Maxim/Eclipse/workspace/remote_alarm_fthr/build/MAXUSB/maxusb.a(usb_event.o)
                              c:/Users/davee/Documents/Maxim/Eclipse/workspace/remote_alarm_fthr/build/board.o (usb_event_enable)
c:/Users/davee/Documents/Maxim/Eclipse/workspace/remote_alarm_fthr/build/MAXUSB/maxusb.a(enumerate.o)
                              c:/Users/davee/Documents/Maxim/Eclipse/workspace/remote_alarm_fthr/build/board.o (enum_init)
c:/Users/davee/Documents/Maxim/Eclipse/workspace/remote_alarm_fthr/build/MAXUSB/maxusb.a(cdc_acm.o)
                              c:/Users/davee/Documents/Maxim/Eclipse/workspace/remote_alarm_fthr/build/board.o (acm_init)
c:/Users/davee/Documents/Maxim/Eclipse/workspace/remote_alarm_fthr/build/MAXUSB/maxusb.a(fifo.o)
                              c:/Users/davee/Documents/Maxim/Eclipse/workspace/remote_alarm_fthr/build/MAXUSB/maxusb.a(cdc_acm.o) (fifo_init)
c:/maxim/toolchain/bin/../lib/gcc/arm-none-eabi/6.3.1/../../../../arm-none-eabi/lib/thumb/v7e-m/fpv4-sp/softfp\libc.a(lib_a-errno.o)
                              c:/Users/davee/Documents/Maxim/Eclipse/workspace/remote_alarm_fthr/build/stdio.o (__errno)
c:/maxim/toolchain/bin/../lib/gcc/arm-none-eabi/6.3.1/../../../../arm-none-eabi/lib/thumb/v7e-m/fpv4-sp/softfp\libc.a(lib_a-exit.o)
                              c:/maxim/toolchain/bin/../lib/gcc/arm-none-eabi/6.3.1/../../../../arm-none-eabi/lib/thumb/v7e-m/fpv4-sp/softfp/crt0.o (exit)
c:/maxim/toolchain/bin/../lib/gcc/arm-none-eabi/6.3.1/../../../../arm-none-eabi/lib/thumb/v7e-m/fpv4-sp/softfp\libc.a(lib_a-impure.o)
                              c:/maxim/toolchain/bin/../lib/gcc/arm-none-eabi/6.3.1/../../../../arm-none-eabi/lib/thumb/v7e-m/fpv4-sp/softfp\libc.a(lib_a-exit.o) (_global_impure_ptr)
c:/maxim/toolchain/bin/../lib/gcc/arm-none-eabi/6.3.1/../../../../arm-none-eabi/lib/thumb/v7e-m/fpv4-sp/softfp\libc.a(lib_a-init.o)
                              c:/maxim/toolchain/bin/../lib/gcc/arm-none-eabi/6.3.1/../../../../arm-none-eabi/lib/thumb/v7e-m/fpv4-sp/softfp/crt0.o (__libc_init_array)
c:/maxim/toolchain/bin/../lib/gcc/arm-none-eabi/6.3.1/../../../../arm-none-eabi/lib/thumb/v7e-m/fpv4-sp/softfp\libc.a(lib_a-memcpy.o)
                              c:/Users/davee/Documents/Maxim/Eclipse/workspace/remote_alarm_fthr/build/vl53l1_platform.o (memcpy)
[...]
Memory Configuration

Name             Origin             Length             Attributes
FLASH            0x00000000         0x00200000         xr
SRAM             0x20000000         0x00080000         xrw
*default*        0x00000000         0xffffffff

Linker script and memory map

LOAD c:/maxim/toolchain/bin/../lib/gcc/arm-none-eabi/6.3.1/thumb/v7e-m/fpv4-sp/softfp/crti.o
LOAD c:/maxim/toolchain/bin/../lib/gcc/arm-none-eabi/6.3.1/thumb/v7e-m/fpv4-sp/softfp/crtbegin.o
LOAD c:/maxim/toolchain/bin/../lib/gcc/arm-none-eabi/6.3.1/../../../../arm-none-eabi/lib/thumb/v7e-m/fpv4-sp/softfp/crt0.o
LOAD c:/Users/davee/Documents/Maxim/Eclipse/workspace/remote_alarm_fthr/build/main.o
LOAD c:/Users/davee/Documents/Maxim/Eclipse/workspace/remote_alarm_fthr/build/VL53L1X_api.o
LOAD c:/Users/davee/Documents/Maxim/Eclipse/workspace/remote_alarm_fthr/build/VL53L1X_calibration.o
LOAD c:/Users/davee/Documents/Maxim/Eclipse/workspace/remote_alarm_fthr/build/vl53l1_platform.o
LOAD c:/Users/davee/Documents/Maxim/Eclipse/workspace/remote_alarm_fthr/build/board.o
LOAD c:/Users/davee/Documents/Maxim/Eclipse/workspace/remote_alarm_fthr/build/stdio.o
LOAD c:/Users/davee/Documents/Maxim/Eclipse/workspace/remote_alarm_fthr/build/led.o
LOAD c:/Users/davee/Documents/Maxim/Eclipse/workspace/remote_alarm_fthr/build/pb.o
LOAD c:/Users/davee/Documents/Maxim/Eclipse/workspace/remote_alarm_fthr/build/max14690.o
LOAD c:/Users/davee/Documents/Maxim/Eclipse/workspace/remote_alarm_fthr/build/startup_max3263x.o
LOAD c:/Users/davee/Documents/Maxim/Eclipse/workspace/remote_alarm_fthr/build/heap.o
LOAD c:/Users/davee/Documents/Maxim/Eclipse/workspace/remote_alarm_fthr/build/system_max3263x.o
START GROUP
LOAD c:/Users/davee/Documents/Maxim/Eclipse/workspace/remote_alarm_fthr/build/PeriphDriver/PeriphDriver.a
LOAD c:/Users/davee/Documents/Maxim/Eclipse/workspace/remote_alarm_fthr/build/MAXUSB/maxusb.a
LOAD c:/maxim/toolchain/bin/../lib/gcc/arm-none-eabi/6.3.1/../../../../arm-none-eabi/lib/thumb/v7e-m/fpv4-sp/softfp\libc.a
LOAD c:/maxim/toolchain/bin/../lib/gcc/arm-none-eabi/6.3.1/../../../../arm-none-eabi/lib/thumb/v7e-m/fpv4-sp/softfp\libm.a
LOAD c:/maxim/toolchain/bin/../lib/gcc/arm-none-eabi/6.3.1/../../../../arm-none-eabi/lib/thumb/v7e-m/fpv4-sp/softfp\libnosys.a
END GROUP
START GROUP
LOAD c:/maxim/toolchain/bin/../lib/gcc/arm-none-eabi/6.3.1/thumb/v7e-m/fpv4-sp/softfp\libgcc.a
LOAD c:/maxim/toolchain/bin/../lib/gcc/arm-none-eabi/6.3.1/../../../../arm-none-eabi/lib/thumb/v7e-m/fpv4-sp/softfp\libc.a
END GROUP
LOAD c:/maxim/toolchain/bin/../lib/gcc/arm-none-eabi/6.3.1/thumb/v7e-m/fpv4-sp/softfp/crtend.o
LOAD c:/maxim/toolchain/bin/../lib/gcc/arm-none-eabi/6.3.1/thumb/v7e-m/fpv4-sp/softfp/crtn.o

.text           0x00000000     0x86a4
                0x00000000                _text = .
 *(.isr_vector)
 .isr_vector    0x00000000      0x110 c:/Users/davee/Documents/Maxim/Eclipse/workspace/remote_alarm_fthr/build/startup_max3263x.o
                0x00000000                __isr_vector
 *(.text*)
 .text          0x00000110       0x6c c:/maxim/toolchain/bin/../lib/gcc/arm-none-eabi/6.3.1/thumb/v7e-m/fpv4-sp/softfp/crtbegin.o
 .text.LED_On   0x0000017c       0x4c c:/Users/davee/Documents/Maxim/Eclipse/workspace/remote_alarm_fthr/build/main.o
 .text.LED_Toggle
                0x000001c8       0x48 c:/Users/davee/Documents/Maxim/Eclipse/workspace/remote_alarm_fthr/build/main.o
 .text.usb_read_callback
                0x00000210       0x18 c:/Users/davee/Documents/Maxim/Eclipse/workspace/remote_alarm_fthr/build/main.o
                0x00000210                usb_read_callback
 .text.indicate_error
                0x00000228       0x40 c:/Users/davee/Documents/Maxim/Eclipse/workspace/remote_alarm_fthr/build/main.o
                0x00000228                indicate_error
 .text.startup.main
                0x00000268       0xec c:/Users/davee/Documents/Maxim/Eclipse/workspace/remote_alarm_fthr/build/main.o
                0x00000268                main
 .text.VL53L1X_ClearInterrupt
                0x00000354        0x8 c:/Users/davee/Documents/Maxim/Eclipse/workspace/remote_alarm_fthr/build/VL53L1X_api.o
                0x00000354                VL53L1X_ClearInterrupt
 .text.VL53L1X_GetInterruptPolarity
                0x0000035c       0x20 c:/Users/davee/Documents/Maxim/Eclipse/workspace/remote_alarm_fthr/build/VL53L1X_api.o
                0x0000035c                VL53L1X_GetInterruptPolarity
 .text.VL53L1X_StartRanging
                0x0000037c        0x8 c:/Users/davee/Documents/Maxim/Eclipse/workspace/remote_alarm_fthr/build/VL53L1X_api.o
                0x0000037c                VL53L1X_StartRanging
 .text.VL53L1X_StopRanging
                0x00000384        0x8 c:/Users/davee/Documents/Maxim/Eclipse/workspace/remote_alarm_fthr/build/VL53L1X_api.o
                0x00000384                VL53L1X_StopRanging
 .text.VL53L1X_CheckForDataReady
                0x0000038c       0x36 c:/Users/davee/Documents/Maxim/Eclipse/workspace/remote_alarm_fthr/build/VL53L1X_api.o
                0x0000038c                VL53L1X_CheckForDataReady
 *fill*         0x000003c2        0x2 
 .text.VL53L1X_SensorInit
                0x000003c4       0x64 c:/Users/davee/Documents/Maxim/Eclipse/workspace/remote_alarm_fthr/build/VL53L1X_api.o
                0x000003c4                VL53L1X_SensorInit
 .text.VL53L1X_SetInterMeasurementInMs
                0x00000428       0x50 c:/Users/davee/Documents/Maxim/Eclipse/workspace/remote_alarm_fthr/build/VL53L1X_api.o
                0x00000428                VL53L1X_SetInterMeasurementInMs
 .text.VL53L1X_BootState
                0x00000478       0x1c c:/Users/davee/Documents/Maxim/Eclipse/workspace/remote_alarm_fthr/build/VL53L1X_api.o
                0x00000478                VL53L1X_BootState
 .text.VL53L1X_GetDistance
                0x00000494       0x18 c:/Users/davee/Documents/Maxim/Eclipse/workspace/remote_alarm_fthr/build/VL53L1X_api.o
                0x00000494                VL53L1X_GetDistance
 .text.VL53L1X_GetRangeStatus
                0x000004ac       0x2c c:/Users/davee/Documents/Maxim/Eclipse/workspace/remote_alarm_fthr/build/VL53L1X_api.o
                0x000004ac                VL53L1X_GetRangeStatus
 .text.VL53L1_WrByte
                0x000004d8       0x3c c:/Users/davee/Documents/Maxim/Eclipse/workspace/remote_alarm_fthr/build/vl53l1_platform.o
                0x000004d8                VL53L1_WrByte
 .text.VL53L1_WrDWord
                0x00000514       0x44 c:/Users/davee/Documents/Maxim/Eclipse/workspace/remote_alarm_fthr/build/vl53l1_platform.o
                0x00000514                VL53L1_WrDWord
 .text.VL53L1_RdByte
                0x00000558       0x3c c:/Users/davee/Documents/Maxim/Eclipse/workspace/remote_alarm_fthr/build/vl53l1_platform.o
                0x00000558                VL53L1_RdByte
 .text.VL53L1_RdWord
                0x00000594       0x40 c:/Users/davee/Documents/Maxim/Eclipse/workspace/remote_alarm_fthr/build/vl53l1_platform.o
                0x00000594                VL53L1_RdWord
 .text.setfeature_callback
                0x000005d4       0x18 c:/Users/davee/Documents/Maxim/Eclipse/workspace/remote_alarm_fthr/build/board.o
 .text.clrfeature_callback
                0x000005ec       0x18 c:/Users/davee/Documents/Maxim/Eclipse/workspace/remote_alarm_fthr/build/board.o
 .text.usb_app_wakeup
                0x00000604       0x34 c:/Users/davee/Documents/Maxim/Eclipse/workspace/remote_alarm_fthr/build/board.o
 .text.usb_app_sleep
                0x00000638       0x54 c:/Users/davee/Documents/Maxim/Eclipse/workspace/remote_alarm_fthr/build/board.o
 .text.event_callback
                0x0000068c       0xfc c:/Users/davee/Documents/Maxim/Eclipse/workspace/remote_alarm_fthr/build/board.o
 .text.setconfig_callback
                0x00000788       0x48 c:/Users/davee/Documents/Maxim/Eclipse/workspace/remote_alarm_fthr/build/board.o
 .text.Console_Init
                0x000007d0       0xf0 c:/Users/davee/Documents/Maxim/Eclipse/workspace/remote_alarm_fthr/build/board.o
                0x000007d0                Console_Init
 .text.USB_IRQHandler
                0x000008c0        0x4 c:/Users/davee/Documents/Maxim/Eclipse/workspace/remote_alarm_fthr/build/board.o
                0x000008c0                USB_IRQHandler
 .text.TMR0_IRQHandler
                0x000008c4       0x48 c:/Users/davee/Documents/Maxim/Eclipse/workspace/remote_alarm_fthr/build/board.o
                0x000008c4                TMR0_IRQHandler
 .text.FaultISR_C
                0x0000090c        0x2 c:/Users/davee/Documents/Maxim/Eclipse/workspace/remote_alarm_fthr/build/board.o
                0x0000090c                FaultISR_C
 *fill*         0x0000090e        0x2 
 .text.HardFault_Handler
                0x00000910       0x20 c:/Users/davee/Documents/Maxim/Eclipse/workspace/remote_alarm_fthr/build/board.o
                0x00000910                HardFault_Handler
 .text.mxc_assert
                0x00000930       0x10 c:/Users/davee/Documents/Maxim/Eclipse/workspace/remote_alarm_fthr/build/board.o
                0x00000930                mxc_assert
 .text.Board_Init
                0x00000940       0x40 c:/Users/davee/Documents/Maxim/Eclipse/workspace/remote_alarm_fthr/build/board.o
                0x00000940                Board_Init
 .text._close   0x00000980        0x6 c:/Users/davee/Documents/Maxim/Eclipse/workspace/remote_alarm_fthr/build/stdio.o
                0x00000980                _close
 .text._isatty  0x00000986        0x6 c:/Users/davee/Documents/Maxim/Eclipse/workspace/remote_alarm_fthr/build/stdio.o
                0x00000986                _isatty
 .text._lseek   0x0000098c        0x6 c:/Users/davee/Documents/Maxim/Eclipse/workspace/remote_alarm_fthr/build/stdio.o
                0x0000098c                _lseek
 .text._fstat   0x00000992        0x6 c:/Users/davee/Documents/Maxim/Eclipse/workspace/remote_alarm_fthr/build/stdio.o
                0x00000992                _fstat
 .text._read    0x00000998       0x22 c:/Users/davee/Documents/Maxim/Eclipse/workspace/remote_alarm_fthr/build/stdio.o
                0x00000998                _read
 .text._write   0x000009ba       0x26 c:/Users/davee/Documents/Maxim/Eclipse/workspace/remote_alarm_fthr/build/stdio.o
                0x000009ba                _write
 .text.LED_Init
                0x000009e0       0x48 c:/Users/davee/Documents/Maxim/Eclipse/workspace/remote_alarm_fthr/build/led.o
                0x000009e0                LED_Init
 .text.PB_Init  0x00000a28       0x38 c:/Users/davee/Documents/Maxim/Eclipse/workspace/remote_alarm_fthr/build/pb.o
                0x00000a28                PB_Init
 .text.GPIO_P0_IRQHandler
                0x00000a60        0x6 c:/Users/davee/Documents/Maxim/Eclipse/workspace/remote_alarm_fthr/build/pb.o
                0x00000a60                GPIO_P0_IRQHandler
 .text.GPIO_P1_IRQHandler
                0x00000a66        0x6 c:/Users/davee/Documents/Maxim/Eclipse/workspace/remote_alarm_fthr/build/pb.o
                0x00000a66                GPIO_P1_IRQHandler
 .text.GPIO_P2_IRQHandler
                0x00000a6c        0x6 c:/Users/davee/Documents/Maxim/Eclipse/workspace/remote_alarm_fthr/build/pb.o
                0x00000a6c                GPIO_P2_IRQHandler
 .text.GPIO_P3_IRQHandler
                0x00000a72        0x6 c:/Users/davee/Documents/Maxim/Eclipse/workspace/remote_alarm_fthr/build/pb.o
                0x00000a72                GPIO_P3_IRQHandler
 .text.GPIO_P4_IRQHandler
                0x00000a78        0x6 c:/Users/davee/Documents/Maxim/Eclipse/workspace/remote_alarm_fthr/build/pb.o
                0x00000a78                GPIO_P4_IRQHandler
 .text.GPIO_P5_IRQHandler
                0x00000a7e        0x6 c:/Users/davee/Documents/Maxim/Eclipse/workspace/remote_alarm_fthr/build/pb.o
                0x00000a7e                GPIO_P5_IRQHandler
 .text.GPIO_P6_IRQHandler
                0x00000a84        0x6 c:/Users/davee/Documents/Maxim/Eclipse/workspace/remote_alarm_fthr/build/pb.o
                0x00000a84                GPIO_P6_IRQHandler
 .text.GPIO_P7_IRQHandler
                0x00000a8a        0x6 c:/Users/davee/Documents/Maxim/Eclipse/workspace/remote_alarm_fthr/build/pb.o
                0x00000a8a                GPIO_P7_IRQHandler
 .text.GPIO_P8_IRQHandler
                0x00000a90        0x6 c:/Users/davee/Documents/Maxim/Eclipse/workspace/remote_alarm_fthr/build/pb.o
                0x00000a90                GPIO_P8_IRQHandler
 *fill*         0x00000a96        0x2 
 .text.MAX14690_LDO2SetMode
                0x00000a98       0x30 c:/Users/davee/Documents/Maxim/Eclipse/workspace/remote_alarm_fthr/build/max14690.o
                0x00000a98                MAX14690_LDO2SetMode
 .text.MAX14690_LDO2SetV
                0x00000ac8       0x48 c:/Users/davee/Documents/Maxim/Eclipse/workspace/remote_alarm_fthr/build/max14690.o
                0x00000ac8                MAX14690_LDO2SetV
 .text.MAX14690_LDO3SetMode
                0x00000b10       0x30 c:/Users/davee/Documents/Maxim/Eclipse/workspace/remote_alarm_fthr/build/max14690.o
                0x00000b10                MAX14690_LDO3SetMode
 .text.MAX14690_LDO3SetV
                0x00000b40       0x48 c:/Users/davee/Documents/Maxim/Eclipse/workspace/remote_alarm_fthr/build/max14690.o
                0x00000b40                MAX14690_LDO3SetV
 .text.MAX14690_Init
                0x00000b88       0x68 c:/Users/davee/Documents/Maxim/Eclipse/workspace/remote_alarm_fthr/build/max14690.o
                0x00000b88                MAX14690_Init
 .text          0x00000bf0       0xe4 c:/Users/davee/Documents/Maxim/Eclipse/workspace/remote_alarm_fthr/build/startup_max3263x.o
                0x00000bf0                Reset_Handler
                0x00000c2e                NMI_Handler
                0x00000c32                MemManage_Handler
                0x00000c34                BusFault_Handler
                0x00000c36                UsageFault_Handler
                0x00000c38                SVC_Handler
                0x00000c3a                DebugMon_Handler
                0x00000c3c                PendSV_Handler
                0x00000c3e                SysTick_Handler
                0x00000c40                Default_Handler
                0x00000c42                CLKMAN_IRQHandler
                0x00000c44                PWRMAN_IRQHandler
                0x00000c46                FLC_IRQHandler
                0x00000c48                RTC0_IRQHandler
                0x00000c4a                RTC1_IRQHandler
                0x00000c4c                RTC2_IRQHandler
                0x00000c4e                RTC3_IRQHandler
                0x00000c50                PMU_IRQHandler
                0x00000c54                AES_IRQHandler
                0x00000c56                MAA_IRQHandler
                0x00000c58                WDT0_IRQHandler
                0x00000c5a                WDT0_P_IRQHandler
                0x00000c5c                WDT1_IRQHandler
                0x00000c5e                WDT1_P_IRQHandler
                0x00000c70                TMR16_0_IRQHandler
                0x00000c72                TMR1_IRQHandler
                0x00000c74                TMR16_1_IRQHandler
                0x00000c76                TMR2_IRQHandler
                0x00000c78                TMR16_2_IRQHandler
                0x00000c7a                TMR3_IRQHandler
                0x00000c7c                TMR16_3_IRQHandler
                0x00000c7e                TMR4_IRQHandler
                0x00000c80                TMR16_4_IRQHandler
                0x00000c82                TMR5_IRQHandler
                0x00000c84                TMR16_5_IRQHandler
                0x00000c86                PT_IRQHandler
                0x00000c88                UART0_IRQHandler
                0x00000c8a                UART1_IRQHandler
                0x00000c8c                UART2_IRQHandler
                0x00000c8e                UART3_IRQHandler
                0x00000c90                I2CM0_IRQHandler
                0x00000c92                I2CM1_IRQHandler
                0x00000c94                I2CM2_IRQHandler
                0x00000c96                I2CS_IRQHandler
                0x00000c98                SPIM0_IRQHandler
                0x00000c9a                SPIM1_IRQHandler
                0x00000c9c                SPIM2_IRQHandler
                0x00000c9e                SPIB_IRQHandler
                0x00000ca0                OWM_IRQHandler
                0x00000ca2                AFE_IRQHandler
                0x00000ca4                SPIS_IRQHandler
 .text._sbrk    0x00000cd4       0x38 c:/Users/davee/Documents/Maxim/Eclipse/workspace/remote_alarm_fthr/build/heap.o
                0x00000cd4                _sbrk
 .text.SystemCoreClockUpdate
                0x00000d0c       0x44 c:/Users/davee/Documents/Maxim/Eclipse/workspace/remote_alarm_fthr/build/system_max3263x.o
                0x00000d0c                SystemCoreClockUpdate
 .text.CLKMAN_TrimRO
                0x00000d50       0xb0 c:/Users/davee/Documents/Maxim/Eclipse/workspace/remote_alarm_fthr/build/system_max3263x.o
                0x00000d50                CLKMAN_TrimRO
 .text.PreInit  0x00000e00       0x30 c:/Users/davee/Documents/Maxim/Eclipse/workspace/remote_alarm_fthr/build/system_max3263x.o
                0x00000e00                PreInit
 .text.SystemInit
                0x00000e30      0x134 c:/Users/davee/Documents/Maxim/Eclipse/workspace/remote_alarm_fthr/build/system_max3263x.o
                0x00000e30                SystemInit
 .text.GPIO_Config
                0x00000f64       0xcc c:/Users/davee/Documents/Maxim/Eclipse/workspace/remote_alarm_fthr/build/PeriphDriver/PeriphDriver.a(gpio.o)
                0x00000f64                GPIO_Config
 .text.GPIO_Handler
                0x00001030       0x64 c:/Users/davee/Documents/Maxim/Eclipse/workspace/remote_alarm_fthr/build/PeriphDriver/PeriphDriver.a(gpio.o)
                0x00001030                GPIO_Handler
 .text.I2CM_Recover
                0x00001094       0x12 c:/Users/davee/Documents/Maxim/Eclipse/workspace/remote_alarm_fthr/build/PeriphDriver/PeriphDriver.a(i2cm.o)
 .text.I2CM_WriteTxFifo
                0x000010a6       0x32 c:/Users/davee/Documents/Maxim/Eclipse/workspace/remote_alarm_fthr/build/PeriphDriver/PeriphDriver.a(i2cm.o)
 .text.I2CM_TxInProgress
                0x000010d8       0x3e c:/Users/davee/Documents/Maxim/Eclipse/workspace/remote_alarm_fthr/build/PeriphDriver/PeriphDriver.a(i2cm.o)
 .text.I2CM_Tx  0x00001116       0x60 c:/Users/davee/Documents/Maxim/Eclipse/workspace/remote_alarm_fthr/build/PeriphDriver/PeriphDriver.a(i2cm.o)
 *fill*         0x00001176        0x2 
 .text.I2CM_Init
                0x00001178       0xac c:/Users/davee/Documents/Maxim/Eclipse/workspace/remote_alarm_fthr/build/PeriphDriver/PeriphDriver.a(i2cm.o)
                0x00001178                I2CM_Init
 .text.I2CM_Read
                0x00001224      0x1bc c:/Users/davee/Documents/Maxim/Eclipse/workspace/remote_alarm_fthr/build/PeriphDriver/PeriphDriver.a(i2cm.o)
                0x00001224                I2CM_Read
 .text.I2CM_Write
                0x000013e0       0xf4 c:/Users/davee/Documents/Maxim/Eclipse/workspace/remote_alarm_fthr/build/PeriphDriver/PeriphDriver.a(i2cm.o)
                0x000013e0                I2CM_Write
 .text.mxc_get_lock
                0x000014d4       0x1c c:/Users/davee/Documents/Maxim/Eclipse/workspace/remote_alarm_fthr/build/PeriphDriver/PeriphDriver.a(mxc_lock.o)
                0x000014d4                mxc_get_lock
 .text.mxc_free_lock
                0x000014f0        0xa c:/Users/davee/Documents/Maxim/Eclipse/workspace/remote_alarm_fthr/build/PeriphDriver/PeriphDriver.a(mxc_lock.o)
                0x000014f0                mxc_free_lock
 *fill*         0x000014fa        0x2 
 .text.SYS_GetFreq
                0x000014fc       0x18 c:/Users/davee/Documents/Maxim/Eclipse/workspace/remote_alarm_fthr/build/PeriphDriver/PeriphDriver.a(mxc_sys.o)
                0x000014fc                SYS_GetFreq
 .text.SYS_GPIO_Init
                0x00001514       0x16 c:/Users/davee/Documents/Maxim/Eclipse/workspace/remote_alarm_fthr/build/PeriphDriver/PeriphDriver.a(mxc_sys.o)
                0x00001514                SYS_GPIO_Init
 *fill*         0x0000152a        0x2 
 .text.SYS_I2CM_Init
                0x0000152c       0x2c c:/Users/davee/Documents/Maxim/Eclipse/workspace/remote_alarm_fthr/build/PeriphDriver/PeriphDriver.a(mxc_sys.o)
                0x0000152c                SYS_I2CM_Init
 .text.SYS_I2CM_GetFreq
                0x00001558       0x10 c:/Users/davee/Documents/Maxim/Eclipse/workspace/remote_alarm_fthr/build/PeriphDriver/PeriphDriver.a(mxc_sys.o)
                0x00001558                SYS_I2CM_GetFreq
 .text.SYS_TMR_GetFreq
                0x00001568        0xc c:/Users/davee/Documents/Maxim/Eclipse/workspace/remote_alarm_fthr/build/PeriphDriver/PeriphDriver.a(mxc_sys.o)
                0x00001568                SYS_TMR_GetFreq
 .text.SYS_TMR_Init
                0x00001574       0x90 c:/Users/davee/Documents/Maxim/Eclipse/workspace/remote_alarm_fthr/build/PeriphDriver/PeriphDriver.a(mxc_sys.o)
                0x00001574                SYS_TMR_Init
 .text.SYS_USB_Enable
                0x00001604       0x24 c:/Users/davee/Documents/Maxim/Eclipse/workspace/remote_alarm_fthr/build/PeriphDriver/PeriphDriver.a(mxc_sys.o)
                0x00001604                SYS_USB_Enable
 .text.TMR_Init
                0x00001628       0x8c c:/Users/davee/Documents/Maxim/Eclipse/workspace/remote_alarm_fthr/build/PeriphDriver/PeriphDriver.a(tmr.o)
                0x00001628                TMR_Init
 .text.TMR32_Config
                0x000016b4       0x22 c:/Users/davee/Documents/Maxim/Eclipse/workspace/remote_alarm_fthr/build/PeriphDriver/PeriphDriver.a(tmr.o)
                0x000016b4                TMR32_Config
 *fill*         0x000016d6        0x2 
 .text.TMR32_Start
                0x000016d8       0x68 c:/Users/davee/Documents/Maxim/Eclipse/workspace/remote_alarm_fthr/build/PeriphDriver/PeriphDriver.a(tmr.o)
                0x000016d8                TMR32_Start
 .text.TMR_GetPrescaler
                0x00001740       0x58 c:/Users/davee/Documents/Maxim/Eclipse/workspace/remote_alarm_fthr/build/PeriphDriver/PeriphDriver.a(tmr.o)
                0x00001740                TMR_GetPrescaler
 .text.TMR32_TimeToTicks
                0x00001798       0x88 c:/Users/davee/Documents/Maxim/Eclipse/workspace/remote_alarm_fthr/build/PeriphDriver/PeriphDriver.a(tmr.o)
                0x00001798                TMR32_TimeToTicks
 .text.TMR_TO_Start
                0x00001820       0x94 c:/Users/davee/Documents/Maxim/Eclipse/workspace/remote_alarm_fthr/build/PeriphDriver/PeriphDriver.a(tmr_utils.o)
                0x00001820                TMR_TO_Start
 .text.TMR_TO_Check
                0x000018b4       0x10 c:/Users/davee/Documents/Maxim/Eclipse/workspace/remote_alarm_fthr/build/PeriphDriver/PeriphDriver.a(tmr_utils.o)
                0x000018b4                TMR_TO_Check
 .text.TMR_Delay
                0x000018c4       0x14 c:/Users/davee/Documents/Maxim/Eclipse/workspace/remote_alarm_fthr/build/PeriphDriver/PeriphDriver.a(tmr_utils.o)
                0x000018c4                TMR_Delay
 .text.CLKMAN_SetClkScale
                0x000018d8       0x44 c:/Users/davee/Documents/Maxim/Eclipse/workspace/remote_alarm_fthr/build/PeriphDriver/PeriphDriver.a(clkman.o)
                0x000018d8                CLKMAN_SetClkScale
 .text.CLKMAN_GetClkScale
                0x0000191c       0x38 c:/Users/davee/Documents/Maxim/Eclipse/workspace/remote_alarm_fthr/build/PeriphDriver/PeriphDriver.a(clkman.o)
                0x0000191c                CLKMAN_GetClkScale
 .text.CLKMAN_ClockGate
                0x00001954       0x18 c:/Users/davee/Documents/Maxim/Eclipse/workspace/remote_alarm_fthr/build/PeriphDriver/PeriphDriver.a(clkman.o)
                0x00001954                CLKMAN_ClockGate
 .text.IOMAN_Config
                0x0000196c       0x28 c:/Users/davee/Documents/Maxim/Eclipse/workspace/remote_alarm_fthr/build/PeriphDriver/PeriphDriver.a(ioman.o)
                0x0000196c                IOMAN_Config
 .text.usb_init
                0x00001994       0x4c c:/Users/davee/Documents/Maxim/Eclipse/workspace/remote_alarm_fthr/build/MAXUSB/maxusb.a(usb.o)
                0x00001994                usb_init
 .text.usb_connect
                0x000019e0       0x30 c:/Users/davee/Documents/Maxim/Eclipse/workspace/remote_alarm_fthr/build/MAXUSB/maxusb.a(usb.o)
                0x000019e0                usb_connect
 .text.usb_disconnect
                0x00001a10       0x18 c:/Users/davee/Documents/Maxim/Eclipse/workspace/remote_alarm_fthr/build/MAXUSB/maxusb.a(usb.o)
                0x00001a10                usb_disconnect
 .text.usb_config_ep
                0x00001a28       0x30 c:/Users/davee/Documents/Maxim/Eclipse/workspace/remote_alarm_fthr/build/MAXUSB/maxusb.a(usb.o)
                0x00001a28                usb_config_ep
 .text.usb_stall
                0x00001a58       0x50 c:/Users/davee/Documents/Maxim/Eclipse/workspace/remote_alarm_fthr/build/MAXUSB/maxusb.a(usb.o)
                0x00001a58                usb_stall
 .text.usb_unstall
                0x00001aa8       0x50 c:/Users/davee/Documents/Maxim/Eclipse/workspace/remote_alarm_fthr/build/MAXUSB/maxusb.a(usb.o)
                0x00001aa8                usb_unstall
 .text.usb_is_stalled
                0x00001af8       0x14 c:/Users/davee/Documents/Maxim/Eclipse/workspace/remote_alarm_fthr/build/MAXUSB/maxusb.a(usb.o)
                0x00001af8                usb_is_stalled
 .text.usb_reset_ep
                0x00001b0c       0x58 c:/Users/davee/Documents/Maxim/Eclipse/workspace/remote_alarm_fthr/build/MAXUSB/maxusb.a(usb.o)
                0x00001b0c                usb_reset_ep
 .text.usb_ackstat
                0x00001b64       0x1a c:/Users/davee/Documents/Maxim/Eclipse/workspace/remote_alarm_fthr/build/MAXUSB/maxusb.a(usb.o)
                0x00001b64                usb_ackstat
 *fill*         0x00001b7e        0x2 
 .text.usb_irq_handler
                0x00001b80      0x1b4 c:/Users/davee/Documents/Maxim/Eclipse/workspace/remote_alarm_fthr/build/MAXUSB/maxusb.a(usb.o)
                0x00001b80                usb_irq_handler
 .text.usb_irq_enable
                0x00001d34       0x24 c:/Users/davee/Documents/Maxim/Eclipse/workspace/remote_alarm_fthr/build/MAXUSB/maxusb.a(usb.o)
                0x00001d34                usb_irq_enable
 .text.usb_irq_disable
                0x00001d58       0x28 c:/Users/davee/Documents/Maxim/Eclipse/workspace/remote_alarm_fthr/build/MAXUSB/maxusb.a(usb.o)
                0x00001d58                usb_irq_disable
 .text.usb_irq_clear
                0x00001d80       0x20 c:/Users/davee/Documents/Maxim/Eclipse/workspace/remote_alarm_fthr/build/MAXUSB/maxusb.a(usb.o)
                0x00001d80                usb_irq_clear
 .text.usb_get_setup
                0x00001da0       0x14 c:/Users/davee/Documents/Maxim/Eclipse/workspace/remote_alarm_fthr/build/MAXUSB/maxusb.a(usb.o)
                0x00001da0                usb_get_setup
 .text.usb_set_func_addr
                0x00001db4        0x4 c:/Users/davee/Documents/Maxim/Eclipse/workspace/remote_alarm_fthr/build/MAXUSB/maxusb.a(usb.o)
                0x00001db4                usb_set_func_addr
 .text.usb_remove_request
                0x00001db8       0x50 c:/Users/davee/Documents/Maxim/Eclipse/workspace/remote_alarm_fthr/build/MAXUSB/maxusb.a(usb.o)
                0x00001db8                usb_remove_request
 .text.usb_write_endpoint
                0x00001e08       0x80 c:/Users/davee/Documents/Maxim/Eclipse/workspace/remote_alarm_fthr/build/MAXUSB/maxusb.a(usb.o)
                0x00001e08                usb_write_endpoint
 .text.usb_read_endpoint
                0x00001e88       0x84 c:/Users/davee/Documents/Maxim/Eclipse/workspace/remote_alarm_fthr/build/MAXUSB/maxusb.a(usb.o)
                0x00001e88                usb_read_endpoint
 .text.usb_event_enable
                0x00001f0c       0x2c c:/Users/davee/Documents/Maxim/Eclipse/workspace/remote_alarm_fthr/build/MAXUSB/maxusb.a(usb_event.o)
                0x00001f0c                usb_event_enable
 .text.usb_event_disable
                0x00001f38       0x28 c:/Users/davee/Documents/Maxim/Eclipse/workspace/remote_alarm_fthr/build/MAXUSB/maxusb.a(usb_event.o)
                0x00001f38                usb_event_disable
 .text.usb_event_clear
                0x00001f60        0xe c:/Users/davee/Documents/Maxim/Eclipse/workspace/remote_alarm_fthr/build/MAXUSB/maxusb.a(usb_event.o)
                0x00001f60                usb_event_clear
 *fill*         0x00001f6e        0x2 
 .text.usb_event_handler
                0x00001f70       0xbc c:/Users/davee/Documents/Maxim/Eclipse/workspace/remote_alarm_fthr/build/MAXUSB/maxusb.a(usb_event.o)
                0x00001f70                usb_event_handler
 .text.status_stage_callback
                0x0000202c       0x22 c:/Users/davee/Documents/Maxim/Eclipse/workspace/remote_alarm_fthr/build/MAXUSB/maxusb.a(enumerate.o)
 *fill*         0x0000204e        0x2 
 .text.setup    0x00002050      0x3e8 c:/Users/davee/Documents/Maxim/Eclipse/workspace/remote_alarm_fthr/build/MAXUSB/maxusb.a(enumerate.o)
 .text.enum_init
                0x00002438       0x38 c:/Users/davee/Documents/Maxim/Eclipse/workspace/remote_alarm_fthr/build/MAXUSB/maxusb.a(enumerate.o)
                0x00002438                enum_init
 .text.enum_register_callback
                0x00002470       0x20 c:/Users/davee/Documents/Maxim/Eclipse/workspace/remote_alarm_fthr/build/MAXUSB/maxusb.a(enumerate.o)
                0x00002470                enum_register_callback
 .text.enum_register_descriptor
                0x00002490       0x40 c:/Users/davee/Documents/Maxim/Eclipse/workspace/remote_alarm_fthr/build/MAXUSB/maxusb.a(enumerate.o)
                0x00002490                enum_register_descriptor
 .text.enum_clearconfig
                0x000024d0        0xc c:/Users/davee/Documents/Maxim/Eclipse/workspace/remote_alarm_fthr/build/MAXUSB/maxusb.a(enumerate.o)
                0x000024d0                enum_clearconfig
 .text.set_line_coding_callback
                0x000024dc       0x2c c:/Users/davee/Documents/Maxim/Eclipse/workspace/remote_alarm_fthr/build/MAXUSB/maxusb.a(cdc_acm.o)
 .text.get_line_coding_callback
                0x00002508        0xe c:/Users/davee/Documents/Maxim/Eclipse/workspace/remote_alarm_fthr/build/MAXUSB/maxusb.a(cdc_acm.o)
 *fill*         0x00002516        0x2 
 .text.class_req
                0x00002518       0xf0 c:/Users/davee/Documents/Maxim/Eclipse/workspace/remote_alarm_fthr/build/MAXUSB/maxusb.a(cdc_acm.o)
 .text.svc_out_from_host
                0x00002608       0x88 c:/Users/davee/Documents/Maxim/Eclipse/workspace/remote_alarm_fthr/build/MAXUSB/maxusb.a(cdc_acm.o)
 .text.out_callback
                0x00002690       0x10 c:/Users/davee/Documents/Maxim/Eclipse/workspace/remote_alarm_fthr/build/MAXUSB/maxusb.a(cdc_acm.o)
 .text.svc_in_to_host
                0x000026a0       0x64 c:/Users/davee/Documents/Maxim/Eclipse/workspace/remote_alarm_fthr/build/MAXUSB/maxusb.a(cdc_acm.o)
 .text.acm_init
                0x00002704       0x3c c:/Users/davee/Documents/Maxim/Eclipse/workspace/remote_alarm_fthr/build/MAXUSB/maxusb.a(cdc_acm.o)
                0x00002704                acm_init
 .text.acm_register_callback
                0x00002740       0x18 c:/Users/davee/Documents/Maxim/Eclipse/workspace/remote_alarm_fthr/build/MAXUSB/maxusb.a(cdc_acm.o)
                0x00002740                acm_register_callback
 .text.acm_deconfigure
                0x00002758       0x60 c:/Users/davee/Documents/Maxim/Eclipse/workspace/remote_alarm_fthr/build/MAXUSB/maxusb.a(cdc_acm.o)
                0x00002758                acm_deconfigure
 .text.acm_configure
                0x000027b8      0x120 c:/Users/davee/Documents/Maxim/Eclipse/workspace/remote_alarm_fthr/build/MAXUSB/maxusb.a(cdc_acm.o)
                0x000027b8                acm_configure
 .text.acm_present
                0x000028d8        0xc c:/Users/davee/Documents/Maxim/Eclipse/workspace/remote_alarm_fthr/build/MAXUSB/maxusb.a(cdc_acm.o)
                0x000028d8                acm_present
 .text.acm_read
                0x000028e4       0x60 c:/Users/davee/Documents/Maxim/Eclipse/workspace/remote_alarm_fthr/build/MAXUSB/maxusb.a(cdc_acm.o)
                0x000028e4                acm_read
 .text.acm_write
                0x00002944       0x48 c:/Users/davee/Documents/Maxim/Eclipse/workspace/remote_alarm_fthr/build/MAXUSB/maxusb.a(cdc_acm.o)
                0x00002944                acm_write
 .text.fifo_init
                0x0000298c       0x10 c:/Users/davee/Documents/Maxim/Eclipse/workspace/remote_alarm_fthr/build/MAXUSB/maxusb.a(fifo.o)
                0x0000298c                fifo_init
 .text.fifo_put8
                0x0000299c       0x3a c:/Users/davee/Documents/Maxim/Eclipse/workspace/remote_alarm_fthr/build/MAXUSB/maxusb.a(fifo.o)
                0x0000299c                fifo_put8
 .text.fifo_get8
                0x000029d6       0x2e c:/Users/davee/Documents/Maxim/Eclipse/workspace/remote_alarm_fthr/build/MAXUSB/maxusb.a(fifo.o)
                0x000029d6                fifo_get8
 .text.fifo_clear
                0x00002a04        0xc c:/Users/davee/Documents/Maxim/Eclipse/workspace/remote_alarm_fthr/build/MAXUSB/maxusb.a(fifo.o)
                0x00002a04                fifo_clear
 .text.fifo_empty
                0x00002a10        0xc c:/Users/davee/Documents/Maxim/Eclipse/workspace/remote_alarm_fthr/build/MAXUSB/maxusb.a(fifo.o)
                0x00002a10                fifo_empty
 .text.__errno  0x00002a1c        0xc c:/maxim/toolchain/bin/../lib/gcc/arm-none-eabi/6.3.1/../../../../arm-none-eabi/lib/thumb/v7e-m/fpv4-sp/softfp\libc.a(lib_a-errno.o)
                0x00002a1c                __errno
 .text.__libc_init_array
                0x00002a28       0x50 c:/maxim/toolchain/bin/../lib/gcc/arm-none-eabi/6.3.1/../../../../arm-none-eabi/lib/thumb/v7e-m/fpv4-sp/softfp\libc.a(lib_a-init.o)
                0x00002a28                __libc_init_array
 .text          0x00002a78      0x134 c:/maxim/toolchain/bin/../lib/gcc/arm-none-eabi/6.3.1/../../../../arm-none-eabi/lib/thumb/v7e-m/fpv4-sp/softfp\libc.a(lib_a-memcpy.o)
                0x00002a78                memcpy
 .text.memset   0x00002bac       0x9c c:/maxim/toolchain/bin/../lib/gcc/arm-none-eabi/6.3.1/../../../../arm-none-eabi/lib/thumb/v7e-m/fpv4-sp/softfp\libc.a(lib_a-memset.o)
                0x00002bac                memset
 .text.printf   0x00002c48       0x28 c:/maxim/toolchain/bin/../lib/gcc/arm-none-eabi/6.3.1/../../../../arm-none-eabi/lib/thumb/v7e-m/fpv4-sp/softfp\libc.a(lib_a-printf.o)
                0x00002c48                printf
 .text._puts_r  0x00002c70       0x9c c:/maxim/toolchain/bin/../lib/gcc/arm-none-eabi/6.3.1/../../../../arm-none-eabi/lib/thumb/v7e-m/fpv4-sp/softfp\libc.a(lib_a-puts.o)
                0x00002c70                _puts_r
 .text.puts     0x00002d0c       0x10 c:/maxim/toolchain/bin/../lib/gcc/arm-none-eabi/6.3.1/../../../../arm-none-eabi/lib/thumb/v7e-m/fpv4-sp/softfp\libc.a(lib_a-puts.o)
                0x00002d0c                puts
 *fill*         0x00002d1c       0x24 
 .text          0x00002d40       0xdc c:/maxim/toolchain/bin/../lib/gcc/arm-none-eabi/6.3.1/../../../../arm-none-eabi/lib/thumb/v7e-m/fpv4-sp/softfp\libc.a(lib_a-strlen.o)
                0x00002d40                strlen
 *fill*         0x00002e1c        0x4 
 .text._vfprintf_r
                0x00002e20     0x1584 c:/maxim/toolchain/bin/../lib/gcc/arm-none-eabi/6.3.1/../../../../arm-none-eabi/lib/thumb/v7e-m/fpv4-sp/softfp\libc.a(lib_a-vfprintf.o)
                0x00002e20                _vfprintf_r
 .text.__sbprintf
                0x000043a4       0x84 c:/maxim/toolchain/bin/../lib/gcc/arm-none-eabi/6.3.1/../../../../arm-none-eabi/lib/thumb/v7e-m/fpv4-sp/softfp\libc.a(lib_a-vfprintf.o)
 .text.__swsetup_r
                0x00004428       0xc8 c:/maxim/toolchain/bin/../lib/gcc/arm-none-eabi/6.3.1/../../../../arm-none-eabi/lib/thumb/v7e-m/fpv4-sp/softfp\libc.a(lib_a-wsetup.o)
                0x00004428                __swsetup_r
 .text.startup.register_fini
                0x000044f0       0x14 c:/maxim/toolchain/bin/../lib/gcc/arm-none-eabi/6.3.1/../../../../arm-none-eabi/lib/thumb/v7e-m/fpv4-sp/softfp\libc.a(lib_a-__call_atexit.o)
 .text.atexit   0x00004504        0xc c:/maxim/toolchain/bin/../lib/gcc/arm-none-eabi/6.3.1/../../../../arm-none-eabi/lib/thumb/v7e-m/fpv4-sp/softfp\libc.a(lib_a-atexit.o)
                0x00004504                atexit
 .text.quorem   0x00004510      0x128 c:/maxim/toolchain/bin/../lib/gcc/arm-none-eabi/6.3.1/../../../../arm-none-eabi/lib/thumb/v7e-m/fpv4-sp/softfp\libc.a(lib_a-dtoa.o)
 .text._dtoa_r  0x00004638      0xe34 c:/maxim/toolchain/bin/../lib/gcc/arm-none-eabi/6.3.1/../../../../arm-none-eabi/lib/thumb/v7e-m/fpv4-sp/softfp\libc.a(lib_a-dtoa.o)
                0x00004638                _dtoa_r
 .text.__sflush_r
                0x0000546c      0x140 c:/maxim/toolchain/bin/../lib/gcc/arm-none-eabi/6.3.1/../../../../arm-none-eabi/lib/thumb/v7e-m/fpv4-sp/softfp\libc.a(lib_a-fflush.o)
                0x0000546c                __sflush_r
 .text._fflush_r
                0x000055ac       0x54 c:/maxim/toolchain/bin/../lib/gcc/arm-none-eabi/6.3.1/../../../../arm-none-eabi/lib/thumb/v7e-m/fpv4-sp/softfp\libc.a(lib_a-fflush.o)
                0x000055ac                _fflush_r
 .text._cleanup_r
                0x00005600        0xc c:/maxim/toolchain/bin/../lib/gcc/arm-none-eabi/6.3.1/../../../../arm-none-eabi/lib/thumb/v7e-m/fpv4-sp/softfp\libc.a(lib_a-findfp.o)
                0x00005600                _cleanup_r
 .text.std.isra.0
                0x0000560c       0x50 c:/maxim/toolchain/bin/../lib/gcc/arm-none-eabi/6.3.1/../../../../arm-none-eabi/lib/thumb/v7e-m/fpv4-sp/softfp\libc.a(lib_a-findfp.o)
 .text.__sinit  0x0000565c       0x58 c:/maxim/toolchain/bin/../lib/gcc/arm-none-eabi/6.3.1/../../../../arm-none-eabi/lib/thumb/v7e-m/fpv4-sp/softfp\libc.a(lib_a-findfp.o)
                0x0000565c                __sinit
 .text.__sfp_lock_acquire
                0x000056b4        0xc c:/maxim/toolchain/bin/../lib/gcc/arm-none-eabi/6.3.1/../../../../arm-none-eabi/lib/thumb/v7e-m/fpv4-sp/softfp\libc.a(lib_a-findfp.o)
                0x000056b4                __sfp_lock_acquire
 .text.__sfp_lock_release
                0x000056c0        0xc c:/maxim/toolchain/bin/../lib/gcc/arm-none-eabi/6.3.1/../../../../arm-none-eabi/lib/thumb/v7e-m/fpv4-sp/softfp\libc.a(lib_a-findfp.o)
                0x000056c0                __sfp_lock_release
 .text.__libc_fini_array
                0x000056cc       0x34 c:/maxim/toolchain/bin/../lib/gcc/arm-none-eabi/6.3.1/../../../../arm-none-eabi/lib/thumb/v7e-m/fpv4-sp/softfp\libc.a(lib_a-fini.o)
                0x000056cc                __libc_fini_array
 .text._malloc_trim_r
                0x00005700       0xa0 c:/maxim/toolchain/bin/../lib/gcc/arm-none-eabi/6.3.1/../../../../arm-none-eabi/lib/thumb/v7e-m/fpv4-sp/softfp\libc.a(lib_a-freer.o)
                0x00005700                _malloc_trim_r
 .text._free_r  0x000057a0      0x1cc c:/maxim/toolchain/bin/../lib/gcc/arm-none-eabi/6.3.1/../../../../arm-none-eabi/lib/thumb/v7e-m/fpv4-sp/softfp\libc.a(lib_a-freer.o)
                0x000057a0                _free_r
 .text.__sfvwrite_r
                0x0000596c      0x2f0 c:/maxim/toolchain/bin/../lib/gcc/arm-none-eabi/6.3.1/../../../../arm-none-eabi/lib/thumb/v7e-m/fpv4-sp/softfp\libc.a(lib_a-fvwrite.o)
                0x0000596c                __sfvwrite_r
 .text._fwalk_reent
                0x00005c5c       0x54 c:/maxim/toolchain/bin/../lib/gcc/arm-none-eabi/6.3.1/../../../../arm-none-eabi/lib/thumb/v7e-m/fpv4-sp/softfp\libc.a(lib_a-fwalk.o)
                0x00005c5c                _fwalk_reent
 .text._localeconv_r
                0x00005cb0       0x1c c:/maxim/toolchain/bin/../lib/gcc/arm-none-eabi/6.3.1/../../../../arm-none-eabi/lib/thumb/v7e-m/fpv4-sp/softfp\libc.a(lib_a-localeconv.o)
                0x00005cb0                _localeconv_r
 .text.__retarget_lock_init_recursive
                0x00005ccc        0x4 c:/maxim/toolchain/bin/../lib/gcc/arm-none-eabi/6.3.1/../../../../arm-none-eabi/lib/thumb/v7e-m/fpv4-sp/softfp\libc.a(lib_a-lock.o)
                0x00005ccc                __retarget_lock_init_recursive
 .text.__retarget_lock_close_recursive
                0x00005cd0        0x4 c:/maxim/toolchain/bin/../lib/gcc/arm-none-eabi/6.3.1/../../../../arm-none-eabi/lib/thumb/v7e-m/fpv4-sp/softfp\libc.a(lib_a-lock.o)
                0x00005cd0                __retarget_lock_close_recursive
 .text.__retarget_lock_acquire_recursive
                0x00005cd4        0x4 c:/maxim/toolchain/bin/../lib/gcc/arm-none-eabi/6.3.1/../../../../arm-none-eabi/lib/thumb/v7e-m/fpv4-sp/softfp\libc.a(lib_a-lock.o)
                0x00005cd4                __retarget_lock_acquire_recursive
 .text.__retarget_lock_release_recursive
                0x00005cd8        0x4 c:/maxim/toolchain/bin/../lib/gcc/arm-none-eabi/6.3.1/../../../../arm-none-eabi/lib/thumb/v7e-m/fpv4-sp/softfp\libc.a(lib_a-lock.o)
                0x00005cd8                __retarget_lock_release_recursive
 .text.__swhatbuf_r
                0x00005cdc       0x5c c:/maxim/toolchain/bin/../lib/gcc/arm-none-eabi/6.3.1/../../../../arm-none-eabi/lib/thumb/v7e-m/fpv4-sp/softfp\libc.a(lib_a-makebuf.o)
                0x00005cdc                __swhatbuf_r
 .text.__smakebuf_r
                0x00005d38       0x94 c:/maxim/toolchain/bin/../lib/gcc/arm-none-eabi/6.3.1/../../../../arm-none-eabi/lib/thumb/v7e-m/fpv4-sp/softfp\libc.a(lib_a-makebuf.o)
                0x00005d38                __smakebuf_r
 .text._malloc_r
                0x00005dcc      0x560 c:/maxim/toolchain/bin/../lib/gcc/arm-none-eabi/6.3.1/../../../../arm-none-eabi/lib/thumb/v7e-m/fpv4-sp/softfp\libc.a(lib_a-mallocr.o)
                0x00005dcc                _malloc_r
 *fill*         0x0000632c        0x4 
 .text          0x00006330       0xa0 c:/maxim/toolchain/bin/../lib/gcc/arm-none-eabi/6.3.1/../../../../arm-none-eabi/lib/thumb/v7e-m/fpv4-sp/softfp\libc.a(lib_a-memchr.o)
                0x00006330                memchr
 .text.memmove  0x000063d0       0xc8 c:/maxim/toolchain/bin/../lib/gcc/arm-none-eabi/6.3.1/../../../../arm-none-eabi/lib/thumb/v7e-m/fpv4-sp/softfp\libc.a(lib_a-memmove.o)
                0x000063d0                memmove
 .text.__malloc_lock
                0x00006498        0xc c:/maxim/toolchain/bin/../lib/gcc/arm-none-eabi/6.3.1/../../../../arm-none-eabi/lib/thumb/v7e-m/fpv4-sp/softfp\libc.a(lib_a-mlock.o)
                0x00006498                __malloc_lock
 .text.__malloc_unlock
                0x000064a4        0xc c:/maxim/toolchain/bin/../lib/gcc/arm-none-eabi/6.3.1/../../../../arm-none-eabi/lib/thumb/v7e-m/fpv4-sp/softfp\libc.a(lib_a-mlock.o)
                0x000064a4                __malloc_unlock
 .text._Balloc  0x000064b0       0x4c c:/maxim/toolchain/bin/../lib/gcc/arm-none-eabi/6.3.1/../../../../arm-none-eabi/lib/thumb/v7e-m/fpv4-sp/softfp\libc.a(lib_a-mprec.o)
                0x000064b0                _Balloc
 .text._Bfree   0x000064fc       0x14 c:/maxim/toolchain/bin/../lib/gcc/arm-none-eabi/6.3.1/../../../../arm-none-eabi/lib/thumb/v7e-m/fpv4-sp/softfp\libc.a(lib_a-mprec.o)
                0x000064fc                _Bfree
 .text.__multadd
                0x00006510       0x80 c:/maxim/toolchain/bin/../lib/gcc/arm-none-eabi/6.3.1/../../../../arm-none-eabi/lib/thumb/v7e-m/fpv4-sp/softfp\libc.a(lib_a-mprec.o)
                0x00006510                __multadd
 .text.__hi0bits
                0x00006590       0x40 c:/maxim/toolchain/bin/../lib/gcc/arm-none-eabi/6.3.1/../../../../arm-none-eabi/lib/thumb/v7e-m/fpv4-sp/softfp\libc.a(lib_a-mprec.o)
                0x00006590                __hi0bits
 .text.__lo0bits
                0x000065d0       0x60 c:/maxim/toolchain/bin/../lib/gcc/arm-none-eabi/6.3.1/../../../../arm-none-eabi/lib/thumb/v7e-m/fpv4-sp/softfp\libc.a(lib_a-mprec.o)
                0x000065d0                __lo0bits
 .text.__i2b    0x00006630       0x14 c:/maxim/toolchain/bin/../lib/gcc/arm-none-eabi/6.3.1/../../../../arm-none-eabi/lib/thumb/v7e-m/fpv4-sp/softfp\libc.a(lib_a-mprec.o)
                0x00006630                __i2b
 .text.__multiply
                0x00006644      0x124 c:/maxim/toolchain/bin/../lib/gcc/arm-none-eabi/6.3.1/../../../../arm-none-eabi/lib/thumb/v7e-m/fpv4-sp/softfp\libc.a(lib_a-mprec.o)
                0x00006644                __multiply
 .text.__pow5mult
                0x00006768       0xa0 c:/maxim/toolchain/bin/../lib/gcc/arm-none-eabi/6.3.1/../../../../arm-none-eabi/lib/thumb/v7e-m/fpv4-sp/softfp\libc.a(lib_a-mprec.o)
                0x00006768                __pow5mult
 .text.__lshift
                0x00006808       0xa4 c:/maxim/toolchain/bin/../lib/gcc/arm-none-eabi/6.3.1/../../../../arm-none-eabi/lib/thumb/v7e-m/fpv4-sp/softfp\libc.a(lib_a-mprec.o)
                0x00006808                __lshift
 .text.__mcmp   0x000068ac       0x38 c:/maxim/toolchain/bin/../lib/gcc/arm-none-eabi/6.3.1/../../../../arm-none-eabi/lib/thumb/v7e-m/fpv4-sp/softfp\libc.a(lib_a-mprec.o)
                0x000068ac                __mcmp
 .text.__mdiff  0x000068e4      0x108 c:/maxim/toolchain/bin/../lib/gcc/arm-none-eabi/6.3.1/../../../../arm-none-eabi/lib/thumb/v7e-m/fpv4-sp/softfp\libc.a(lib_a-mprec.o)
                0x000068e4                __mdiff
 .text.__d2b    0x000069ec       0xb8 c:/maxim/toolchain/bin/../lib/gcc/arm-none-eabi/6.3.1/../../../../arm-none-eabi/lib/thumb/v7e-m/fpv4-sp/softfp\libc.a(lib_a-mprec.o)
                0x000069ec                __d2b
 .text._realloc_r
                0x00006aa4      0x34c c:/maxim/toolchain/bin/../lib/gcc/arm-none-eabi/6.3.1/../../../../arm-none-eabi/lib/thumb/v7e-m/fpv4-sp/softfp\libc.a(lib_a-reallocr.o)
                0x00006aa4                _realloc_r
 .text._sbrk_r  0x00006df0       0x24 c:/maxim/toolchain/bin/../lib/gcc/arm-none-eabi/6.3.1/../../../../arm-none-eabi/lib/thumb/v7e-m/fpv4-sp/softfp\libc.a(lib_a-sbrkr.o)
                0x00006df0                _sbrk_r
 .text.__sread  0x00006e14       0x24 c:/maxim/toolchain/bin/../lib/gcc/arm-none-eabi/6.3.1/../../../../arm-none-eabi/lib/thumb/v7e-m/fpv4-sp/softfp\libc.a(lib_a-stdio.o)
                0x00006e14                __sread
 .text.__swrite
                0x00006e38       0x3c c:/maxim/toolchain/bin/../lib/gcc/arm-none-eabi/6.3.1/../../../../arm-none-eabi/lib/thumb/v7e-m/fpv4-sp/softfp\libc.a(lib_a-stdio.o)
                0x00006e38                __swrite
 .text.__sseek  0x00006e74       0x20 c:/maxim/toolchain/bin/../lib/gcc/arm-none-eabi/6.3.1/../../../../arm-none-eabi/lib/thumb/v7e-m/fpv4-sp/softfp\libc.a(lib_a-stdio.o)
                0x00006e74                __sseek
 .text.__sclose
                0x00006e94        0x8 c:/maxim/toolchain/bin/../lib/gcc/arm-none-eabi/6.3.1/../../../../arm-none-eabi/lib/thumb/v7e-m/fpv4-sp/softfp\libc.a(lib_a-stdio.o)
                0x00006e94                __sclose
 .text.__sprint_r.part.0
                0x00006e9c       0x80 c:/maxim/toolchain/bin/../lib/gcc/arm-none-eabi/6.3.1/../../../../arm-none-eabi/lib/thumb/v7e-m/fpv4-sp/softfp\libc.a(lib_a-vfiprintf.o)
 .text.__sprint_r
                0x00006f1c       0x14 c:/maxim/toolchain/bin/../lib/gcc/arm-none-eabi/6.3.1/../../../../arm-none-eabi/lib/thumb/v7e-m/fpv4-sp/softfp\libc.a(lib_a-vfiprintf.o)
                0x00006f1c                __sprint_r
 .text._write_r
                0x00006f30       0x2c c:/maxim/toolchain/bin/../lib/gcc/arm-none-eabi/6.3.1/../../../../arm-none-eabi/lib/thumb/v7e-m/fpv4-sp/softfp\libc.a(lib_a-writer.o)
                0x00006f30                _write_r
 .text.__register_exitproc
                0x00006f5c       0xc4 c:/maxim/toolchain/bin/../lib/gcc/arm-none-eabi/6.3.1/../../../../arm-none-eabi/lib/thumb/v7e-m/fpv4-sp/softfp\libc.a(lib_a-__atexit.o)
                0x00006f5c                __register_exitproc
 .text._calloc_r
                0x00007020       0x60 c:/maxim/toolchain/bin/../lib/gcc/arm-none-eabi/6.3.1/../../../../arm-none-eabi/lib/thumb/v7e-m/fpv4-sp/softfp\libc.a(lib_a-callocr.o)
                0x00007020                _calloc_r
 .text._close_r
                0x00007080       0x24 c:/maxim/toolchain/bin/../lib/gcc/arm-none-eabi/6.3.1/../../../../arm-none-eabi/lib/thumb/v7e-m/fpv4-sp/softfp\libc.a(lib_a-closer.o)
                0x00007080                _close_r
 .text._fclose_r
                0x000070a4       0xc4 c:/maxim/toolchain/bin/../lib/gcc/arm-none-eabi/6.3.1/../../../../arm-none-eabi/lib/thumb/v7e-m/fpv4-sp/softfp\libc.a(lib_a-fclose.o)
                0x000070a4                _fclose_r
 .text.__fputwc
                0x00007168       0xa0 c:/maxim/toolchain/bin/../lib/gcc/arm-none-eabi/6.3.1/../../../../arm-none-eabi/lib/thumb/v7e-m/fpv4-sp/softfp\libc.a(lib_a-fputwc.o)
                0x00007168                __fputwc
 .text._fputwc_r
                0x00007208       0x68 c:/maxim/toolchain/bin/../lib/gcc/arm-none-eabi/6.3.1/../../../../arm-none-eabi/lib/thumb/v7e-m/fpv4-sp/softfp\libc.a(lib_a-fputwc.o)
                0x00007208                _fputwc_r
 .text._fstat_r
                0x00007270       0x28 c:/maxim/toolchain/bin/../lib/gcc/arm-none-eabi/6.3.1/../../../../arm-none-eabi/lib/thumb/v7e-m/fpv4-sp/softfp\libc.a(lib_a-fstatr.o)
                0x00007270                _fstat_r
 .text._isatty_r
                0x00007298       0x24 c:/maxim/toolchain/bin/../lib/gcc/arm-none-eabi/6.3.1/../../../../arm-none-eabi/lib/thumb/v7e-m/fpv4-sp/softfp\libc.a(lib_a-isattyr.o)
                0x00007298                _isatty_r
 .text.__locale_mb_cur_max
                0x000072bc       0x1c c:/maxim/toolchain/bin/../lib/gcc/arm-none-eabi/6.3.1/../../../../arm-none-eabi/lib/thumb/v7e-m/fpv4-sp/softfp\libc.a(lib_a-locale.o)
                0x000072bc                __locale_mb_cur_max
 .text._lseek_r
                0x000072d8       0x2c c:/maxim/toolchain/bin/../lib/gcc/arm-none-eabi/6.3.1/../../../../arm-none-eabi/lib/thumb/v7e-m/fpv4-sp/softfp\libc.a(lib_a-lseekr.o)
                0x000072d8                _lseek_r
 .text.__ascii_mbtowc
                0x00007304       0x2c c:/maxim/toolchain/bin/../lib/gcc/arm-none-eabi/6.3.1/../../../../arm-none-eabi/lib/thumb/v7e-m/fpv4-sp/softfp\libc.a(lib_a-mbtowc_r.o)
                0x00007304                __ascii_mbtowc
 .text._read_r  0x00007330       0x2c c:/maxim/toolchain/bin/../lib/gcc/arm-none-eabi/6.3.1/../../../../arm-none-eabi/lib/thumb/v7e-m/fpv4-sp/softfp\libc.a(lib_a-readr.o)
                0x00007330                _read_r
 .text.__swbuf_r
                0x0000735c       0xb0 c:/maxim/toolchain/bin/../lib/gcc/arm-none-eabi/6.3.1/../../../../arm-none-eabi/lib/thumb/v7e-m/fpv4-sp/softfp\libc.a(lib_a-wbuf.o)
                0x0000735c                __swbuf_r
 .text._wcrtomb_r
                0x0000740c       0x54 c:/maxim/toolchain/bin/../lib/gcc/arm-none-eabi/6.3.1/../../../../arm-none-eabi/lib/thumb/v7e-m/fpv4-sp/softfp\libc.a(lib_a-wcrtomb.o)
                0x0000740c                _wcrtomb_r
 .text.__ascii_wctomb
                0x00007460       0x1c c:/maxim/toolchain/bin/../lib/gcc/arm-none-eabi/6.3.1/../../../../arm-none-eabi/lib/thumb/v7e-m/fpv4-sp/softfp\libc.a(lib_a-wctomb_r.o)
                0x00007460                __ascii_wctomb
 .text          0x0000747c       0x18 c:/maxim/toolchain/bin/../lib/gcc/arm-none-eabi/6.3.1/thumb/v7e-m/fpv4-sp/softfp\libgcc.a(_lshrdi3.o)
                0x0000747c                __lshrdi3
                0x0000747c                __aeabi_llsr
 .text          0x00007494      0x370 c:/maxim/toolchain/bin/../lib/gcc/arm-none-eabi/6.3.1/thumb/v7e-m/fpv4-sp/softfp\libgcc.a(_arm_addsubdf3.o)
                0x00007494                __aeabi_drsub
                0x0000749c                __aeabi_dsub
                0x0000749c                __subdf3
                0x000074a0                __aeabi_dadd
                0x000074a0                __adddf3
                0x00007718                __floatunsidf
                0x00007718                __aeabi_ui2d
                0x00007738                __floatsidf
                0x00007738                __aeabi_i2d
                0x0000775c                __aeabi_f2d
                0x0000775c                __extendsfdf2
                0x00007798                __floatundidf
                0x00007798                __aeabi_ul2d
                0x000077a8                __floatdidf
                0x000077a8                __aeabi_l2d
 .text          0x00007804      0x424 c:/maxim/toolchain/bin/../lib/gcc/arm-none-eabi/6.3.1/thumb/v7e-m/fpv4-sp/softfp\libgcc.a(_arm_muldivdf3.o)
                0x00007804                __aeabi_dmul
                0x00007804                __muldf3
                0x00007a58                __divdf3
                0x00007a58                __aeabi_ddiv
 .text          0x00007c28      0x110 c:/maxim/toolchain/bin/../lib/gcc/arm-none-eabi/6.3.1/thumb/v7e-m/fpv4-sp/softfp\libgcc.a(_arm_cmpdf2.o)
                0x00007c28                __gtdf2
                0x00007c28                __gedf2
                0x00007c30                __ltdf2
                0x00007c30                __ledf2
                0x00007c38                __nedf2
                0x00007c38                __eqdf2
                0x00007c38                __cmpdf2
                0x00007cb4                __aeabi_cdrcmple
                0x00007cc4                __aeabi_cdcmpeq
                0x00007cc4                __aeabi_cdcmple
                0x00007cd4                __aeabi_dcmpeq
                0x00007ce8                __aeabi_dcmplt
                0x00007cfc                __aeabi_dcmple
                0x00007d10                __aeabi_dcmpge
                0x00007d24                __aeabi_dcmpgt
 .text          0x00007d38       0x2c c:/maxim/toolchain/bin/../lib/gcc/arm-none-eabi/6.3.1/thumb/v7e-m/fpv4-sp/softfp\libgcc.a(_arm_unorddf2.o)
                0x00007d38                __unorddf2
                0x00007d38                __aeabi_dcmpun
 .text          0x00007d64       0x50 c:/maxim/toolchain/bin/../lib/gcc/arm-none-eabi/6.3.1/thumb/v7e-m/fpv4-sp/softfp\libgcc.a(_arm_fixdfsi.o)
                0x00007d64                __aeabi_d2iz
                0x00007d64                __fixdfsi
 .text          0x00007db4       0x40 c:/maxim/toolchain/bin/../lib/gcc/arm-none-eabi/6.3.1/thumb/v7e-m/fpv4-sp/softfp\libgcc.a(_arm_fixunsdfsi.o)
                0x00007db4                __aeabi_d2uiz
                0x00007db4                __fixunsdfsi
 .text          0x00007df4       0x30 c:/maxim/toolchain/bin/../lib/gcc/arm-none-eabi/6.3.1/thumb/v7e-m/fpv4-sp/softfp\libgcc.a(_aeabi_uldivmod.o)
                0x00007df4                __aeabi_uldivmod
 .text          0x00007e24      0x2dc c:/maxim/toolchain/bin/../lib/gcc/arm-none-eabi/6.3.1/thumb/v7e-m/fpv4-sp/softfp\libgcc.a(_udivmoddi4.o)
                0x00007e24                __udivmoddi4
 .text          0x00008100        0x4 c:/maxim/toolchain/bin/../lib/gcc/arm-none-eabi/6.3.1/thumb/v7e-m/fpv4-sp/softfp\libgcc.a(_dvmd_tls.o)
                0x00008100                __aeabi_idiv0
                0x00008100                __aeabi_ldiv0
 *(.rodata*)
 .rodata.LED_On.str1.1
                0x00008104       0x4e c:/Users/davee/Documents/Maxim/Eclipse/workspace/remote_alarm_fthr/build/main.o
 .rodata.usb_read_callback.str1.1
                0x00008152        0x5 c:/Users/davee/Documents/Maxim/Eclipse/workspace/remote_alarm_fthr/build/main.o
 .rodata.VL51L1X_DEFAULT_CONFIGURATION
                0x00008157       0x5b c:/Users/davee/Documents/Maxim/Eclipse/workspace/remote_alarm_fthr/build/VL53L1X_api.o
                0x00008157                VL51L1X_DEFAULT_CONFIGURATION
 .rodata.status_rtn
                0x000081b2       0x18 c:/Users/davee/Documents/Maxim/Eclipse/workspace/remote_alarm_fthr/build/VL53L1X_api.o
 .rodata.Board_Init.str1.1
                0x000081ca       0x45 c:/Users/davee/Documents/Maxim/Eclipse/workspace/remote_alarm_fthr/build/board.o
 .rodata.HardFault_Handler.str1.1
                0x0000820f       0x1a c:/Users/davee/Documents/Maxim/Eclipse/workspace/remote_alarm_fthr/build/board.o
 .rodata.acm_cfg
                0x00008229        0x6 c:/Users/davee/Documents/Maxim/Eclipse/workspace/remote_alarm_fthr/build/board.o
 *fill*         0x0000822f        0x1 
 .rodata.led_pin
                0x00008230       0x24 c:/Users/davee/Documents/Maxim/Eclipse/workspace/remote_alarm_fthr/build/board.o
                0x00008230                led_pin
 .rodata.max14690_cfg
                0x00008254       0x10 c:/Users/davee/Documents/Maxim/Eclipse/workspace/remote_alarm_fthr/build/board.o
                0x00008254                max14690_cfg
 .rodata.max14690_sys_cfg
                0x00008264       0x10 c:/Users/davee/Documents/Maxim/Eclipse/workspace/remote_alarm_fthr/build/board.o
                0x00008264                max14690_sys_cfg
 .rodata.mxc_assert.str1.1
                0x00008274       0x19 c:/Users/davee/Documents/Maxim/Eclipse/workspace/remote_alarm_fthr/build/board.o
 *fill*         0x0000828d        0x3 
 .rodata.num_leds
                0x00008290        0x4 c:/Users/davee/Documents/Maxim/Eclipse/workspace/remote_alarm_fthr/build/board.o
                0x00008290                num_leds
 .rodata.num_pbs
                0x00008294        0x4 c:/Users/davee/Documents/Maxim/Eclipse/workspace/remote_alarm_fthr/build/board.o
                0x00008294                num_pbs
 .rodata.pb_pin
                0x00008298        0xc c:/Users/davee/Documents/Maxim/Eclipse/workspace/remote_alarm_fthr/build/board.o
                0x00008298                pb_pin
 .rodata.GPIO_Config.str1.1
                0x000082a4       0x31 c:/Users/davee/Documents/Maxim/Eclipse/workspace/remote_alarm_fthr/build/PeriphDriver/PeriphDriver.a(gpio.o)
 .rodata.GPIO_Handler.str1.1
                0x000082d5       0x31 c:/Users/davee/Documents/Maxim/Eclipse/workspace/remote_alarm_fthr/build/PeriphDriver/PeriphDriver.a(gpio.o)
                                 0x1a (size before relaxing)
 .rodata.I2CM_Init.str1.1
                0x000082d5       0x1c c:/Users/davee/Documents/Maxim/Eclipse/workspace/remote_alarm_fthr/build/PeriphDriver/PeriphDriver.a(i2cm.o)
 *fill*         0x000082f1        0x3 
 .rodata.clk_div_table
                0x000082f4       0x60 c:/Users/davee/Documents/Maxim/Eclipse/workspace/remote_alarm_fthr/build/PeriphDriver/PeriphDriver.a(i2cm.o)
 .rodata.TMR_Init.str1.1
                0x00008354       0x19 c:/Users/davee/Documents/Maxim/Eclipse/workspace/remote_alarm_fthr/build/PeriphDriver/PeriphDriver.a(tmr.o)
 .rodata.CLKMAN_SetClkScale.str1.1
                0x0000836d       0x31 c:/Users/davee/Documents/Maxim/Eclipse/workspace/remote_alarm_fthr/build/PeriphDriver/PeriphDriver.a(clkman.o)
 .rodata.CLKMAN_SetSystemClock.str1.1
                0x0000839e       0x33 c:/Users/davee/Documents/Maxim/Eclipse/workspace/remote_alarm_fthr/build/PeriphDriver/PeriphDriver.a(clkman.o)
 *fill*         0x000083d1        0x3 
 .rodata.enum_req_init
                0x000083d4       0x24 c:/Users/davee/Documents/Maxim/Eclipse/workspace/remote_alarm_fthr/build/MAXUSB/maxusb.a(enumerate.o)
 .rodata._global_impure_ptr
                0x000083f8        0x4 c:/maxim/toolchain/bin/../lib/gcc/arm-none-eabi/6.3.1/../../../../arm-none-eabi/lib/thumb/v7e-m/fpv4-sp/softfp\libc.a(lib_a-impure.o)
                0x000083f8                _global_impure_ptr
 .rodata._puts_r.str1.4
                0x000083fc        0x2 c:/maxim/toolchain/bin/../lib/gcc/arm-none-eabi/6.3.1/../../../../arm-none-eabi/lib/thumb/v7e-m/fpv4-sp/softfp\libc.a(lib_a-puts.o)
 *fill*         0x000083fe        0x2 
 .rodata._vfprintf_r.str1.4
                0x00008400       0x42 c:/maxim/toolchain/bin/../lib/gcc/arm-none-eabi/6.3.1/../../../../arm-none-eabi/lib/thumb/v7e-m/fpv4-sp/softfp\libc.a(lib_a-vfprintf.o)
 *fill*         0x00008442        0x2 
 .rodata.blanks.8366
                0x00008444       0x10 c:/maxim/toolchain/bin/../lib/gcc/arm-none-eabi/6.3.1/../../../../arm-none-eabi/lib/thumb/v7e-m/fpv4-sp/softfp\libc.a(lib_a-vfprintf.o)
 .rodata.zeroes.8367
                0x00008454       0x10 c:/maxim/toolchain/bin/../lib/gcc/arm-none-eabi/6.3.1/../../../../arm-none-eabi/lib/thumb/v7e-m/fpv4-sp/softfp\libc.a(lib_a-vfprintf.o)
 .rodata._dtoa_r.str1.4
                0x00008464       0x10 c:/maxim/toolchain/bin/../lib/gcc/arm-none-eabi/6.3.1/../../../../arm-none-eabi/lib/thumb/v7e-m/fpv4-sp/softfp\libc.a(lib_a-dtoa.o)
                                 0x12 (size before relaxing)
 *fill*         0x00008474        0x4 
 .rodata.__mprec_bigtens
                0x00008478       0x28 c:/maxim/toolchain/bin/../lib/gcc/arm-none-eabi/6.3.1/../../../../arm-none-eabi/lib/thumb/v7e-m/fpv4-sp/softfp\libc.a(lib_a-mprec.o)
                0x00008478                __mprec_bigtens
 .rodata.__mprec_tens
                0x000084a0       0xc8 c:/maxim/toolchain/bin/../lib/gcc/arm-none-eabi/6.3.1/../../../../arm-none-eabi/lib/thumb/v7e-m/fpv4-sp/softfp\libc.a(lib_a-mprec.o)
                0x000084a0                __mprec_tens
 .rodata.p05.7183
                0x00008568        0xc c:/maxim/toolchain/bin/../lib/gcc/arm-none-eabi/6.3.1/../../../../arm-none-eabi/lib/thumb/v7e-m/fpv4-sp/softfp\libc.a(lib_a-mprec.o)
 .rodata._setlocale_r.str1.4
                0x00008574        0xa c:/maxim/toolchain/bin/../lib/gcc/arm-none-eabi/6.3.1/../../../../arm-none-eabi/lib/thumb/v7e-m/fpv4-sp/softfp\libc.a(lib_a-locale.o)
                                  0xd (size before relaxing)
 *fill*         0x0000857e        0x2 
 .rodata.str1.4
                0x00008580        0x4 c:/maxim/toolchain/bin/../lib/gcc/arm-none-eabi/6.3.1/../../../../arm-none-eabi/lib/thumb/v7e-m/fpv4-sp/softfp\libc.a(lib_a-locale.o)
                                  0x2 (size before relaxing)
 .rodata._ctype_
                0x00008584      0x101 c:/maxim/toolchain/bin/../lib/gcc/arm-none-eabi/6.3.1/../../../../arm-none-eabi/lib/thumb/v7e-m/fpv4-sp/softfp\libc.a(lib_a-ctype_.o)
                0x00008584                _ctype_
 *(.init)
 *fill*         0x00008685        0x3 
 .init          0x00008688        0x4 c:/maxim/toolchain/bin/../lib/gcc/arm-none-eabi/6.3.1/thumb/v7e-m/fpv4-sp/softfp/crti.o
                0x00008688                _init
 .init          0x0000868c        0x8 c:/maxim/toolchain/bin/../lib/gcc/arm-none-eabi/6.3.1/thumb/v7e-m/fpv4-sp/softfp/crtn.o
 *(.fini)
 .fini          0x00008694        0x4 c:/maxim/toolchain/bin/../lib/gcc/arm-none-eabi/6.3.1/thumb/v7e-m/fpv4-sp/softfp/crti.o
                0x00008694                _fini
 .fini          0x00008698        0x8 c:/maxim/toolchain/bin/../lib/gcc/arm-none-eabi/6.3.1/thumb/v7e-m/fpv4-sp/softfp/crtn.o
 *(.eh_frame*)
 .eh_frame      0x000086a0        0x0 c:/maxim/toolchain/bin/../lib/gcc/arm-none-eabi/6.3.1/thumb/v7e-m/fpv4-sp/softfp/crtbegin.o
 .eh_frame      0x000086a0        0x4 c:/maxim/toolchain/bin/../lib/gcc/arm-none-eabi/6.3.1/thumb/v7e-m/fpv4-sp/softfp/crtend.o
                0x000086a4                _etext = .

.glue_7         0x000086a4        0x0
 .glue_7        0x000086a4        0x0 linker stubs

.glue_7t        0x000086a4        0x0
 .glue_7t       0x000086a4        0x0 linker stubs

.vfp11_veneer   0x000086a4        0x0
 .vfp11_veneer  0x000086a4        0x0 linker stubs

.v4_bx          0x000086a4        0x0
 .v4_bx         0x000086a4        0x0 linker stubs

.iplt           0x000086a4        0x0
 .iplt          0x000086a4        0x0 c:/maxim/toolchain/bin/../lib/gcc/arm-none-eabi/6.3.1/thumb/v7e-m/fpv4-sp/softfp/crtbegin.o

.ARM.exidx      0x000086a4        0x8
                0x000086a4                __exidx_start = .
 *(.ARM.exidx*)
 .ARM.exidx     0x000086a4        0x8 c:/maxim/toolchain/bin/../lib/gcc/arm-none-eabi/6.3.1/thumb/v7e-m/fpv4-sp/softfp\libgcc.a(_udivmoddi4.o)
                0x000086ac                __exidx_end = .

.rel.dyn        0x000086ac        0x0
 .rel.iplt      0x000086ac        0x0 c:/maxim/toolchain/bin/../lib/gcc/arm-none-eabi/6.3.1/thumb/v7e-m/fpv4-sp/softfp/crtbegin.o

.data           0x20000000      0xa8c load address 0x000086ac
                0x20000000                _data = ALIGN (., 0x4)
 *(.data*)
 .data.dev      0x20000000        0x2 c:/Users/davee/Documents/Maxim/Eclipse/workspace/remote_alarm_fthr/build/main.o
                0x20000000                dev
 *fill*         0x20000002        0x2 
 .data.i2cm1_cfg
                0x20000004       0x10 c:/Users/davee/Documents/Maxim/Eclipse/workspace/remote_alarm_fthr/build/main.o
                0x20000004                i2cm1_cfg
 .data.state    0x20000014        0x1 c:/Users/davee/Documents/Maxim/Eclipse/workspace/remote_alarm_fthr/build/main.o
                0x20000014                state
 *fill*         0x20000015        0x3 
 .data.config_descriptor
                0x20000018       0x43 c:/Users/davee/Documents/Maxim/Eclipse/workspace/remote_alarm_fthr/build/board.o
                0x20000018                config_descriptor
 *fill*         0x2000005b        0x1 
 .data.device_descriptor
                0x2000005c       0x12 c:/Users/davee/Documents/Maxim/Eclipse/workspace/remote_alarm_fthr/build/board.o
                0x2000005c                device_descriptor
 *fill*         0x2000006e        0x2 
 .data.lang_id_desc
                0x20000070        0x4 c:/Users/davee/Documents/Maxim/Eclipse/workspace/remote_alarm_fthr/build/board.o
                0x20000070                lang_id_desc
 .data.mfg_id_desc
                0x20000074       0x22 c:/Users/davee/Documents/Maxim/Eclipse/workspace/remote_alarm_fthr/build/board.o
                0x20000074                mfg_id_desc
 *fill*         0x20000096        0x2 
 .data.prod_id_desc
                0x20000098       0x22 c:/Users/davee/Documents/Maxim/Eclipse/workspace/remote_alarm_fthr/build/board.o
                0x20000098                prod_id_desc
 *fill*         0x200000ba        0x2 
 .data.SystemCoreClock
                0x200000bc        0x4 c:/Users/davee/Documents/Maxim/Eclipse/workspace/remote_alarm_fthr/build/system_max3263x.o
                0x200000bc                SystemCoreClock
 .data.line_coding
                0x200000c0        0x7 c:/Users/davee/Documents/Maxim/Eclipse/workspace/remote_alarm_fthr/build/MAXUSB/maxusb.a(cdc_acm.o)
 *fill*         0x200000c7        0x1 
 .data.notify_data
                0x200000c8        0xa c:/Users/davee/Documents/Maxim/Eclipse/workspace/remote_alarm_fthr/build/MAXUSB/maxusb.a(cdc_acm.o)
 *fill*         0x200000d2        0x2 
 .data._impure_ptr
                0x200000d4        0x4 c:/maxim/toolchain/bin/../lib/gcc/arm-none-eabi/6.3.1/../../../../arm-none-eabi/lib/thumb/v7e-m/fpv4-sp/softfp\libc.a(lib_a-impure.o)
                0x200000d4                _impure_ptr
 .data.impure_data
                0x200000d8      0x428 c:/maxim/toolchain/bin/../lib/gcc/arm-none-eabi/6.3.1/../../../../arm-none-eabi/lib/thumb/v7e-m/fpv4-sp/softfp\libc.a(lib_a-impure.o)
 .data.__atexit_recursive_mutex
                0x20000500        0x4 c:/maxim/toolchain/bin/../lib/gcc/arm-none-eabi/6.3.1/../../../../arm-none-eabi/lib/thumb/v7e-m/fpv4-sp/softfp\libc.a(lib_a-__call_atexit.o)
                0x20000500                __atexit_recursive_mutex
 .data.__malloc_av_
                0x20000504      0x408 c:/maxim/toolchain/bin/../lib/gcc/arm-none-eabi/6.3.1/../../../../arm-none-eabi/lib/thumb/v7e-m/fpv4-sp/softfp\libc.a(lib_a-mallocr.o)
                0x20000504                __malloc_av_
 .data.__malloc_sbrk_base
                0x2000090c        0x4 c:/maxim/toolchain/bin/../lib/gcc/arm-none-eabi/6.3.1/../../../../arm-none-eabi/lib/thumb/v7e-m/fpv4-sp/softfp\libc.a(lib_a-mallocr.o)
                0x2000090c                __malloc_sbrk_base
 .data.__malloc_trim_threshold
                0x20000910        0x4 c:/maxim/toolchain/bin/../lib/gcc/arm-none-eabi/6.3.1/../../../../arm-none-eabi/lib/thumb/v7e-m/fpv4-sp/softfp\libc.a(lib_a-mallocr.o)
                0x20000910                __malloc_trim_threshold
 .data.__global_locale
                0x20000914      0x16c c:/maxim/toolchain/bin/../lib/gcc/arm-none-eabi/6.3.1/../../../../arm-none-eabi/lib/thumb/v7e-m/fpv4-sp/softfp\libc.a(lib_a-locale.o)
                0x20000914                __global_locale
 *(.spix_config*)
                0x20000a80                . = ALIGN (0x4)
                0x20000a80                PROVIDE (__preinit_array_start, .)
 *(.preinit_array)
                0x20000a80                PROVIDE (__preinit_array_end, .)
                0x20000a80                . = ALIGN (0x4)
                0x20000a80                PROVIDE (__init_array_start, .)
 *(SORT(.init_array.*))
 .init_array.00000
                0x20000a80        0x4 c:/maxim/toolchain/bin/../lib/gcc/arm-none-eabi/6.3.1/../../../../arm-none-eabi/lib/thumb/v7e-m/fpv4-sp/softfp\libc.a(lib_a-__call_atexit.o)
 *(.init_array)
 .init_array    0x20000a84        0x4 c:/maxim/toolchain/bin/../lib/gcc/arm-none-eabi/6.3.1/thumb/v7e-m/fpv4-sp/softfp/crtbegin.o
                0x20000a88                PROVIDE (__init_array_end, .)
                0x20000a88                . = ALIGN (0x4)
                0x20000a88                PROVIDE (__fini_array_start, .)
 *(SORT(.fini_array.*))
 *(.fini_array)
 .fini_array    0x20000a88        0x4 c:/maxim/toolchain/bin/../lib/gcc/arm-none-eabi/6.3.1/thumb/v7e-m/fpv4-sp/softfp/crtbegin.o
                0x20000a8c                PROVIDE (__fini_array_end, .)
                0x20000a8c                _edata = ALIGN (., 0x4)
                0x000086ac                __load_data = LOADADDR (.data)

.jcr            0x20000a8c        0x0 load address 0x00009138
 .jcr           0x20000a8c        0x0 c:/maxim/toolchain/bin/../lib/gcc/arm-none-eabi/6.3.1/thumb/v7e-m/fpv4-sp/softfp/crtbegin.o

.igot.plt       0x20000a8c        0x0 load address 0x00009138
 .igot.plt      0x20000a8c        0x0 c:/maxim/toolchain/bin/../lib/gcc/arm-none-eabi/6.3.1/thumb/v7e-m/fpv4-sp/softfp/crtbegin.o

.bss            0x20000c00      0x8e0 load address 0x00009138
                0x20000c00                . = ALIGN (0x4)
                0x20000c00                _bss = .
 *(.bss*)
 .bss           0x20000c00       0x1c c:/maxim/toolchain/bin/../lib/gcc/arm-none-eabi/6.3.1/thumb/v7e-m/fpv4-sp/softfp/crtbegin.o
 .bss.heap_end  0x20000c1c        0x4 c:/Users/davee/Documents/Maxim/Eclipse/workspace/remote_alarm_fthr/build/heap.o
 .bss.callbacks
                0x20000c20      0x120 c:/Users/davee/Documents/Maxim/Eclipse/workspace/remote_alarm_fthr/build/PeriphDriver/PeriphDriver.a(gpio.o)
 .bss.cbparam   0x20000d40      0x120 c:/Users/davee/Documents/Maxim/Eclipse/workspace/remote_alarm_fthr/build/PeriphDriver/PeriphDriver.a(gpio.o)
 .bss.states    0x20000e60       0x18 c:/Users/davee/Documents/Maxim/Eclipse/workspace/remote_alarm_fthr/build/PeriphDriver/PeriphDriver.a(i2cm.o)
 .bss.prescaler
                0x20000e78        0x6 c:/Users/davee/Documents/Maxim/Eclipse/workspace/remote_alarm_fthr/build/PeriphDriver/PeriphDriver.a(tmr.o)
 .bss.ep_size   0x20000e7e        0x8 c:/Users/davee/Documents/Maxim/Eclipse/workspace/remote_alarm_fthr/build/MAXUSB/maxusb.a(usb.o)
 *fill*         0x20000e86        0x2 
 .bss.usb_request
                0x20000e88       0x20 c:/Users/davee/Documents/Maxim/Eclipse/workspace/remote_alarm_fthr/build/MAXUSB/maxusb.a(usb.o)
 .bss.callback  0x20000ea8       0x48 c:/Users/davee/Documents/Maxim/Eclipse/workspace/remote_alarm_fthr/build/MAXUSB/maxusb.a(usb_event.o)
 .bss.events    0x20000ef0        0x4 c:/Users/davee/Documents/Maxim/Eclipse/workspace/remote_alarm_fthr/build/MAXUSB/maxusb.a(usb_event.o)
 .bss.callback  0x20000ef4       0x38 c:/Users/davee/Documents/Maxim/Eclipse/workspace/remote_alarm_fthr/build/MAXUSB/maxusb.a(enumerate.o)
 .bss.callback_getdescriptor
                0x20000f2c        0x4 c:/Users/davee/Documents/Maxim/Eclipse/workspace/remote_alarm_fthr/build/MAXUSB/maxusb.a(enumerate.o)
 .bss.config_value
                0x20000f30        0x1 c:/Users/davee/Documents/Maxim/Eclipse/workspace/remote_alarm_fthr/build/MAXUSB/maxusb.a(enumerate.o)
 .bss.device_status
                0x20000f31        0x1 c:/Users/davee/Documents/Maxim/Eclipse/workspace/remote_alarm_fthr/build/MAXUSB/maxusb.a(enumerate.o)
 *fill*         0x20000f32        0x2 
 .bss.enum_data
                0x20000f34        0x2 c:/Users/davee/Documents/Maxim/Eclipse/workspace/remote_alarm_fthr/build/MAXUSB/maxusb.a(enumerate.o)
 *fill*         0x20000f36        0x2 
 .bss.enum_req  0x20000f38       0x24 c:/Users/davee/Documents/Maxim/Eclipse/workspace/remote_alarm_fthr/build/MAXUSB/maxusb.a(enumerate.o)
 .bss.BREAK_signal
                0x20000f5c        0x4 c:/Users/davee/Documents/Maxim/Eclipse/workspace/remote_alarm_fthr/build/MAXUSB/maxusb.a(cdc_acm.o)
 .bss.DTE_present
                0x20000f60        0x4 c:/Users/davee/Documents/Maxim/Eclipse/workspace/remote_alarm_fthr/build/MAXUSB/maxusb.a(cdc_acm.o)
 .bss.callback  0x20000f64       0x10 c:/Users/davee/Documents/Maxim/Eclipse/workspace/remote_alarm_fthr/build/MAXUSB/maxusb.a(cdc_acm.o)
 .bss.creq      0x20000f74       0x24 c:/Users/davee/Documents/Maxim/Eclipse/workspace/remote_alarm_fthr/build/MAXUSB/maxusb.a(cdc_acm.o)
 .bss.in_ep     0x20000f98        0x1 c:/Users/davee/Documents/Maxim/Eclipse/workspace/remote_alarm_fthr/build/MAXUSB/maxusb.a(cdc_acm.o)
 .bss.notify_ep
                0x20000f99        0x1 c:/Users/davee/Documents/Maxim/Eclipse/workspace/remote_alarm_fthr/build/MAXUSB/maxusb.a(cdc_acm.o)
 *fill*         0x20000f9a        0x2 
 .bss.nreq      0x20000f9c       0x24 c:/Users/davee/Documents/Maxim/Eclipse/workspace/remote_alarm_fthr/build/MAXUSB/maxusb.a(cdc_acm.o)
 .bss.out_ep    0x20000fc0        0x1 c:/Users/davee/Documents/Maxim/Eclipse/workspace/remote_alarm_fthr/build/MAXUSB/maxusb.a(cdc_acm.o)
 .bss.rbuf      0x20000fc1       0x81 c:/Users/davee/Documents/Maxim/Eclipse/workspace/remote_alarm_fthr/build/MAXUSB/maxusb.a(cdc_acm.o)
 *fill*         0x20001042        0x2 
 .bss.repbuf    0x20001044       0x40 c:/Users/davee/Documents/Maxim/Eclipse/workspace/remote_alarm_fthr/build/MAXUSB/maxusb.a(cdc_acm.o)
 .bss.rfifo     0x20001084       0x10 c:/Users/davee/Documents/Maxim/Eclipse/workspace/remote_alarm_fthr/build/MAXUSB/maxusb.a(cdc_acm.o)
 .bss.rreq      0x20001094       0x24 c:/Users/davee/Documents/Maxim/Eclipse/workspace/remote_alarm_fthr/build/MAXUSB/maxusb.a(cdc_acm.o)
 .bss.rreq_complete
                0x200010b8        0x4 c:/Users/davee/Documents/Maxim/Eclipse/workspace/remote_alarm_fthr/build/MAXUSB/maxusb.a(cdc_acm.o)
 .bss.wbuf      0x200010bc       0x81 c:/Users/davee/Documents/Maxim/Eclipse/workspace/remote_alarm_fthr/build/MAXUSB/maxusb.a(cdc_acm.o)
 *fill*         0x2000113d        0x3 
 .bss.wepbuf    0x20001140       0x40 c:/Users/davee/Documents/Maxim/Eclipse/workspace/remote_alarm_fthr/build/MAXUSB/maxusb.a(cdc_acm.o)
 .bss.wfifo     0x20001180       0x10 c:/Users/davee/Documents/Maxim/Eclipse/workspace/remote_alarm_fthr/build/MAXUSB/maxusb.a(cdc_acm.o)
 .bss.wreq      0x20001190       0x24 c:/Users/davee/Documents/Maxim/Eclipse/workspace/remote_alarm_fthr/build/MAXUSB/maxusb.a(cdc_acm.o)
 .bss.__malloc_current_mallinfo
                0x200011b4       0x28 c:/maxim/toolchain/bin/../lib/gcc/arm-none-eabi/6.3.1/../../../../arm-none-eabi/lib/thumb/v7e-m/fpv4-sp/softfp\libc.a(lib_a-mallocr.o)
                0x200011b4                __malloc_current_mallinfo
 .bss.__malloc_max_sbrked_mem
                0x200011dc        0x4 c:/maxim/toolchain/bin/../lib/gcc/arm-none-eabi/6.3.1/../../../../arm-none-eabi/lib/thumb/v7e-m/fpv4-sp/softfp\libc.a(lib_a-mallocr.o)
                0x200011dc                __malloc_max_sbrked_mem
 .bss.__malloc_max_total_mem
                0x200011e0        0x4 c:/maxim/toolchain/bin/../lib/gcc/arm-none-eabi/6.3.1/../../../../arm-none-eabi/lib/thumb/v7e-m/fpv4-sp/softfp\libc.a(lib_a-mallocr.o)
                0x200011e0                __malloc_max_total_mem
 .bss.__malloc_top_pad
                0x200011e4        0x4 c:/maxim/toolchain/bin/../lib/gcc/arm-none-eabi/6.3.1/../../../../arm-none-eabi/lib/thumb/v7e-m/fpv4-sp/softfp\libc.a(lib_a-mallocr.o)
                0x200011e4                __malloc_top_pad
 *(COMMON)
 COMMON         0x200011e8        0x5 c:/Users/davee/Documents/Maxim/Eclipse/workspace/remote_alarm_fthr/build/main.o
                0x200011e8                rangeStatus
                0x200011e9                Status
                0x200011ea                distance
                0x200011ec                dataReady
 COMMON         0x200011ed        0x6 c:/Users/davee/Documents/Maxim/Eclipse/workspace/remote_alarm_fthr/build/vl53l1_platform.o
                0x200011ed                i2cindex
                0x200011ef                i2cbuff
 *fill*         0x200011f3        0x1 
 COMMON         0x200011f4       0x10 c:/Users/davee/Documents/Maxim/Eclipse/workspace/remote_alarm_fthr/build/board.o
                0x200011f4                remote_wake_en
                0x200011f8                event_flags
                0x200011fc                configured
                0x20001200                suspended
 *fill*         0x20001204      0x1fc 
 COMMON         0x20001400       0x90 c:/Users/davee/Documents/Maxim/Eclipse/workspace/remote_alarm_fthr/build/MAXUSB/maxusb.a(usb.o)
                0x20001400                ep_buffer_descriptor
 COMMON         0x20001490       0x28 c:/Users/davee/Documents/Maxim/Eclipse/workspace/remote_alarm_fthr/build/MAXUSB/maxusb.a(enumerate.o)
                0x20001490                enum_desc_table
 COMMON         0x200014b8       0x21 c:/maxim/toolchain/bin/../lib/gcc/arm-none-eabi/6.3.1/../../../../arm-none-eabi/lib/thumb/v7e-m/fpv4-sp/softfp\libc.a(lib_a-lock.o)
                0x200014b8                __lock___atexit_recursive_mutex
                0x200014bc                __lock___arc4random_mutex
                0x200014c0                __lock___env_recursive_mutex
                0x200014c4                __lock___sinit_recursive_mutex
                0x200014c8                __lock___malloc_recursive_mutex
                0x200014cc                __lock___at_quick_exit_mutex
                0x200014d0                __lock___dd_hash_mutex
                0x200014d4                __lock___tz_mutex
                0x200014d8                __lock___sfp_recursive_mutex
 *fill*         0x200014d9        0x3 
 COMMON         0x200014dc        0x4 c:/maxim/toolchain/bin/../lib/gcc/arm-none-eabi/6.3.1/../../../../arm-none-eabi/lib/thumb/v7e-m/fpv4-sp/softfp\libc.a(lib_a-reent.o)
                0x200014dc                errno
                0x200014e0                _ebss = ALIGN (., 0x4)
                0x20080000                __StackTop = (ORIGIN (SRAM) + LENGTH (SRAM))
                0x2007f000                __StackLimit = (__StackTop - SIZEOF (.stack_dummy))

.stack_dummy    0x200014e0     0x1000 load address 0x00009138
 *(.stack*)
 .stack         0x200014e0     0x1000 c:/Users/davee/Documents/Maxim/Eclipse/workspace/remote_alarm_fthr/build/startup_max3263x.o

.heap           0x200014e0      0xc00 load address 0x00009138
                0x200014e0                . = ALIGN (0x4)
 *(.heap*)
 .heap          0x200014e0      0xc00 c:/Users/davee/Documents/Maxim/Eclipse/workspace/remote_alarm_fthr/build/startup_max3263x.o
                0x200014e0                __HeapBase
                0x2007f000                __HeapLimit = ABSOLUTE (__StackLimit)
                0x20080000                PROVIDE (__stack, __StackTop)
                0x00000001                ASSERT ((__StackLimit >= _ebss), region RAM overflowed with stack)
OUTPUT(c:/Users/davee/Documents/Maxim/Eclipse/workspace/remote_alarm_fthr/build/remote_alarm_fthr.elf elf32-littlearm)

.ARM.attributes
                0x00000000       0x2e
 .ARM.attributes
                0x00000000       0x22 c:/maxim/toolchain/bin/../lib/gcc/arm-none-eabi/6.3.1/thumb/v7e-m/fpv4-sp/softfp/crti.o
 .ARM.attributes
                0x00000022       0x32 c:/maxim/toolchain/bin/../lib/gcc/arm-none-eabi/6.3.1/thumb/v7e-m/fpv4-sp/softfp/crtbegin.o
 .ARM.attributes
                0x00000054       0x37 c:/Users/davee/Documents/Maxim/Eclipse/workspace/remote_alarm_fthr/build/main.o
 .ARM.attributes
                0x0000008b       0x37 c:/Users/davee/Documents/Maxim/Eclipse/workspace/remote_alarm_fthr/build/VL53L1X_api.o
 .ARM.attributes
                0x000000c2       0x37 c:/Users/davee/Documents/Maxim/Eclipse/workspace/remote_alarm_fthr/build/vl53l1_platform.o
 .ARM.attributes
                0x000000f9       0x37 c:/Users/davee/Documents/Maxim/Eclipse/workspace/remote_alarm_fthr/build/board.o
 .ARM.attributes
                0x00000130       0x37 c:/Users/davee/Documents/Maxim/Eclipse/workspace/remote_alarm_fthr/build/stdio.o
 .ARM.attributes
                0x00000167       0x37 c:/Users/davee/Documents/Maxim/Eclipse/workspace/remote_alarm_fthr/build/led.o
 .ARM.attributes
                0x0000019e       0x37 c:/Users/davee/Documents/Maxim/Eclipse/workspace/remote_alarm_fthr/build/pb.o
 .ARM.attributes
                0x000001d5       0x37 c:/Users/davee/Documents/Maxim/Eclipse/workspace/remote_alarm_fthr/build/max14690.o
 .ARM.attributes
                0x0000020c       0x1b c:/Users/davee/Documents/Maxim/Eclipse/workspace/remote_alarm_fthr/build/startup_max3263x.o
 .ARM.attributes
                0x00000227       0x37 c:/Users/davee/Documents/Maxim/Eclipse/workspace/remote_alarm_fthr/build/heap.o
 .ARM.attributes
                0x0000025e       0x37 c:/Users/davee/Documents/Maxim/Eclipse/workspace/remote_alarm_fthr/build/system_max3263x.o
 .ARM.attributes
                0x00000295       0x37 c:/Users/davee/Documents/Maxim/Eclipse/workspace/remote_alarm_fthr/build/PeriphDriver/PeriphDriver.a(gpio.o)
 .ARM.attributes
                0x000002cc       0x37 c:/Users/davee/Documents/Maxim/Eclipse/workspace/remote_alarm_fthr/build/PeriphDriver/PeriphDriver.a(i2cm.o)
 .ARM.attributes
                0x00000303       0x37 c:/Users/davee/Documents/Maxim/Eclipse/workspace/remote_alarm_fthr/build/PeriphDriver/PeriphDriver.a(mxc_lock.o)
 .ARM.attributes
                0x0000033a       0x37 c:/Users/davee/Documents/Maxim/Eclipse/workspace/remote_alarm_fthr/build/PeriphDriver/PeriphDriver.a(mxc_sys.o)
 .ARM.attributes
                0x00000371       0x37 c:/Users/davee/Documents/Maxim/Eclipse/workspace/remote_alarm_fthr/build/PeriphDriver/PeriphDriver.a(tmr.o)
 .ARM.attributes
                0x000003a8       0x37 c:/Users/davee/Documents/Maxim/Eclipse/workspace/remote_alarm_fthr/build/PeriphDriver/PeriphDriver.a(tmr_utils.o)
 .ARM.attributes
                0x000003df       0x37 c:/Users/davee/Documents/Maxim/Eclipse/workspace/remote_alarm_fthr/build/PeriphDriver/PeriphDriver.a(clkman.o)
 .ARM.attributes
                0x00000416       0x37 c:/Users/davee/Documents/Maxim/Eclipse/workspace/remote_alarm_fthr/build/PeriphDriver/PeriphDriver.a(ioman.o)
 .ARM.attributes
                0x0000044d       0x37 c:/Users/davee/Documents/Maxim/Eclipse/workspace/remote_alarm_fthr/build/MAXUSB/maxusb.a(usb.o)
 .ARM.attributes
                0x00000484       0x37 c:/Users/davee/Documents/Maxim/Eclipse/workspace/remote_alarm_fthr/build/MAXUSB/maxusb.a(usb_event.o)
 .ARM.attributes
                0x000004bb       0x37 c:/Users/davee/Documents/Maxim/Eclipse/workspace/remote_alarm_fthr/build/MAXUSB/maxusb.a(enumerate.o)
 .ARM.attributes
                0x000004f2       0x37 c:/Users/davee/Documents/Maxim/Eclipse/workspace/remote_alarm_fthr/build/MAXUSB/maxusb.a(cdc_acm.o)
 .ARM.attributes
                0x00000529       0x37 c:/Users/davee/Documents/Maxim/Eclipse/workspace/remote_alarm_fthr/build/MAXUSB/maxusb.a(fifo.o)
 .ARM.attributes
                0x00000560       0x32 c:/maxim/toolchain/bin/../lib/gcc/arm-none-eabi/6.3.1/../../../../arm-none-eabi/lib/thumb/v7e-m/fpv4-sp/softfp\libc.a(lib_a-errno.o)
 .ARM.attributes
                0x00000592       0x32 c:/maxim/toolchain/bin/../lib/gcc/arm-none-eabi/6.3.1/../../../../arm-none-eabi/lib/thumb/v7e-m/fpv4-sp/softfp\libc.a(lib_a-impure.o)
 .ARM.attributes
                0x000005c4       0x32 c:/maxim/toolchain/bin/../lib/gcc/arm-none-eabi/6.3.1/../../../../arm-none-eabi/lib/thumb/v7e-m/fpv4-sp/softfp\libc.a(lib_a-init.o)
 .ARM.attributes
                0x000005f6       0x20 c:/maxim/toolchain/bin/../lib/gcc/arm-none-eabi/6.3.1/../../../../arm-none-eabi/lib/thumb/v7e-m/fpv4-sp/softfp\libc.a(lib_a-memcpy.o)
 .ARM.attributes
                0x00000616       0x32 c:/maxim/toolchain/bin/../lib/gcc/arm-none-eabi/6.3.1/../../../../arm-none-eabi/lib/thumb/v7e-m/fpv4-sp/softfp\libc.a(lib_a-memset.o)
 .ARM.attributes
                0x00000648       0x32 c:/maxim/toolchain/bin/../lib/gcc/arm-none-eabi/6.3.1/../../../../arm-none-eabi/lib/thumb/v7e-m/fpv4-sp/softfp\libc.a(lib_a-printf.o)
 .ARM.attributes
                0x0000067a       0x32 c:/maxim/toolchain/bin/../lib/gcc/arm-none-eabi/6.3.1/../../../../arm-none-eabi/lib/thumb/v7e-m/fpv4-sp/softfp\libc.a(lib_a-puts.o)
 .ARM.attributes
                0x000006ac       0x20 c:/maxim/toolchain/bin/../lib/gcc/arm-none-eabi/6.3.1/../../../../arm-none-eabi/lib/thumb/v7e-m/fpv4-sp/softfp\libc.a(lib_a-strlen.o)
 .ARM.attributes
                0x000006cc       0x32 c:/maxim/toolchain/bin/../lib/gcc/arm-none-eabi/6.3.1/../../../../arm-none-eabi/lib/thumb/v7e-m/fpv4-sp/softfp\libc.a(lib_a-vfprintf.o)
 .ARM.attributes
                0x000006fe       0x32 c:/maxim/toolchain/bin/../lib/gcc/arm-none-eabi/6.3.1/../../../../arm-none-eabi/lib/thumb/v7e-m/fpv4-sp/softfp\libc.a(lib_a-wsetup.o)
 .ARM.attributes
                0x00000730       0x32 c:/maxim/toolchain/bin/../lib/gcc/arm-none-eabi/6.3.1/../../../../arm-none-eabi/lib/thumb/v7e-m/fpv4-sp/softfp\libc.a(lib_a-__call_atexit.o)
 .ARM.attributes
                0x00000762       0x32 c:/maxim/toolchain/bin/../lib/gcc/arm-none-eabi/6.3.1/../../../../arm-none-eabi/lib/thumb/v7e-m/fpv4-sp/softfp\libc.a(lib_a-atexit.o)
 .ARM.attributes
                0x00000794       0x32 c:/maxim/toolchain/bin/../lib/gcc/arm-none-eabi/6.3.1/../../../../arm-none-eabi/lib/thumb/v7e-m/fpv4-sp/softfp\libc.a(lib_a-dtoa.o)
 .ARM.attributes
                0x000007c6       0x32 c:/maxim/toolchain/bin/../lib/gcc/arm-none-eabi/6.3.1/../../../../arm-none-eabi/lib/thumb/v7e-m/fpv4-sp/softfp\libc.a(lib_a-fflush.o)
 .ARM.attributes
                0x000007f8       0x32 c:/maxim/toolchain/bin/../lib/gcc/arm-none-eabi/6.3.1/../../../../arm-none-eabi/lib/thumb/v7e-m/fpv4-sp/softfp\libc.a(lib_a-findfp.o)
 .ARM.attributes
                0x0000082a       0x32 c:/maxim/toolchain/bin/../lib/gcc/arm-none-eabi/6.3.1/../../../../arm-none-eabi/lib/thumb/v7e-m/fpv4-sp/softfp\libc.a(lib_a-fini.o)
 .ARM.attributes
                0x0000085c       0x32 c:/maxim/toolchain/bin/../lib/gcc/arm-none-eabi/6.3.1/../../../../arm-none-eabi/lib/thumb/v7e-m/fpv4-sp/softfp\libc.a(lib_a-freer.o)
 .ARM.attributes
                0x0000088e       0x32 c:/maxim/toolchain/bin/../lib/gcc/arm-none-eabi/6.3.1/../../../../arm-none-eabi/lib/thumb/v7e-m/fpv4-sp/softfp\libc.a(lib_a-fvwrite.o)
 .ARM.attributes
                0x000008c0       0x32 c:/maxim/toolchain/bin/../lib/gcc/arm-none-eabi/6.3.1/../../../../arm-none-eabi/lib/thumb/v7e-m/fpv4-sp/softfp\libc.a(lib_a-fwalk.o)
 .ARM.attributes
                0x000008f2       0x32 c:/maxim/toolchain/bin/../lib/gcc/arm-none-eabi/6.3.1/../../../../arm-none-eabi/lib/thumb/v7e-m/fpv4-sp/softfp\libc.a(lib_a-localeconv.o)
 .ARM.attributes
                0x00000924       0x32 c:/maxim/toolchain/bin/../lib/gcc/arm-none-eabi/6.3.1/../../../../arm-none-eabi/lib/thumb/v7e-m/fpv4-sp/softfp\libc.a(lib_a-lock.o)
 .ARM.attributes
                0x00000956       0x32 c:/maxim/toolchain/bin/../lib/gcc/arm-none-eabi/6.3.1/../../../../arm-none-eabi/lib/thumb/v7e-m/fpv4-sp/softfp\libc.a(lib_a-makebuf.o)
 .ARM.attributes
                0x00000988       0x32 c:/maxim/toolchain/bin/../lib/gcc/arm-none-eabi/6.3.1/../../../../arm-none-eabi/lib/thumb/v7e-m/fpv4-sp/softfp\libc.a(lib_a-mallocr.o)
 .ARM.attributes
                0x000009ba       0x20 c:/maxim/toolchain/bin/../lib/gcc/arm-none-eabi/6.3.1/../../../../arm-none-eabi/lib/thumb/v7e-m/fpv4-sp/softfp\libc.a(lib_a-memchr.o)
 .ARM.attributes
                0x000009da       0x32 c:/maxim/toolchain/bin/../lib/gcc/arm-none-eabi/6.3.1/../../../../arm-none-eabi/lib/thumb/v7e-m/fpv4-sp/softfp\libc.a(lib_a-memmove.o)
 .ARM.attributes
                0x00000a0c       0x32 c:/maxim/toolchain/bin/../lib/gcc/arm-none-eabi/6.3.1/../../../../arm-none-eabi/lib/thumb/v7e-m/fpv4-sp/softfp\libc.a(lib_a-mlock.o)
 .ARM.attributes
                0x00000a3e       0x32 c:/maxim/toolchain/bin/../lib/gcc/arm-none-eabi/6.3.1/../../../../arm-none-eabi/lib/thumb/v7e-m/fpv4-sp/softfp\libc.a(lib_a-mprec.o)
 .ARM.attributes
                0x00000a70       0x32 c:/maxim/toolchain/bin/../lib/gcc/arm-none-eabi/6.3.1/../../../../arm-none-eabi/lib/thumb/v7e-m/fpv4-sp/softfp\libc.a(lib_a-reallocr.o)
 .ARM.attributes
                0x00000aa2       0x32 c:/maxim/toolchain/bin/../lib/gcc/arm-none-eabi/6.3.1/../../../../arm-none-eabi/lib/thumb/v7e-m/fpv4-sp/softfp\libc.a(lib_a-sbrkr.o)
 .ARM.attributes
                0x00000ad4       0x32 c:/maxim/toolchain/bin/../lib/gcc/arm-none-eabi/6.3.1/../../../../arm-none-eabi/lib/thumb/v7e-m/fpv4-sp/softfp\libc.a(lib_a-stdio.o)
 .ARM.attributes
                0x00000b06       0x32 c:/maxim/toolchain/bin/../lib/gcc/arm-none-eabi/6.3.1/../../../../arm-none-eabi/lib/thumb/v7e-m/fpv4-sp/softfp\libc.a(lib_a-vfiprintf.o)
 .ARM.attributes
                0x00000b38       0x32 c:/maxim/toolchain/bin/../lib/gcc/arm-none-eabi/6.3.1/../../../../arm-none-eabi/lib/thumb/v7e-m/fpv4-sp/softfp\libc.a(lib_a-writer.o)
 .ARM.attributes
                0x00000b6a       0x32 c:/maxim/toolchain/bin/../lib/gcc/arm-none-eabi/6.3.1/../../../../arm-none-eabi/lib/thumb/v7e-m/fpv4-sp/softfp\libc.a(lib_a-__atexit.o)
 .ARM.attributes
                0x00000b9c       0x32 c:/maxim/toolchain/bin/../lib/gcc/arm-none-eabi/6.3.1/../../../../arm-none-eabi/lib/thumb/v7e-m/fpv4-sp/softfp\libc.a(lib_a-callocr.o)
 .ARM.attributes
                0x00000bce       0x32 c:/maxim/toolchain/bin/../lib/gcc/arm-none-eabi/6.3.1/../../../../arm-none-eabi/lib/thumb/v7e-m/fpv4-sp/softfp\libc.a(lib_a-closer.o)
 .ARM.attributes
                0x00000c00       0x32 c:/maxim/toolchain/bin/../lib/gcc/arm-none-eabi/6.3.1/../../../../arm-none-eabi/lib/thumb/v7e-m/fpv4-sp/softfp\libc.a(lib_a-fclose.o)
 .ARM.attributes
                0x00000c32       0x32 c:/maxim/toolchain/bin/../lib/gcc/arm-none-eabi/6.3.1/../../../../arm-none-eabi/lib/thumb/v7e-m/fpv4-sp/softfp\libc.a(lib_a-fputwc.o)
 .ARM.attributes
                0x00000c64       0x32 c:/maxim/toolchain/bin/../lib/gcc/arm-none-eabi/6.3.1/../../../../arm-none-eabi/lib/thumb/v7e-m/fpv4-sp/softfp\libc.a(lib_a-fstatr.o)
 .ARM.attributes
                0x00000c96       0x32 c:/maxim/toolchain/bin/../lib/gcc/arm-none-eabi/6.3.1/../../../../arm-none-eabi/lib/thumb/v7e-m/fpv4-sp/softfp\libc.a(lib_a-isattyr.o)
 .ARM.attributes
                0x00000cc8       0x32 c:/maxim/toolchain/bin/../lib/gcc/arm-none-eabi/6.3.1/../../../../arm-none-eabi/lib/thumb/v7e-m/fpv4-sp/softfp\libc.a(lib_a-locale.o)
 .ARM.attributes
                0x00000cfa       0x32 c:/maxim/toolchain/bin/../lib/gcc/arm-none-eabi/6.3.1/../../../../arm-none-eabi/lib/thumb/v7e-m/fpv4-sp/softfp\libc.a(lib_a-lseekr.o)
 .ARM.attributes
                0x00000d2c       0x32 c:/maxim/toolchain/bin/../lib/gcc/arm-none-eabi/6.3.1/../../../../arm-none-eabi/lib/thumb/v7e-m/fpv4-sp/softfp\libc.a(lib_a-mbtowc_r.o)
 .ARM.attributes
                0x00000d5e       0x32 c:/maxim/toolchain/bin/../lib/gcc/arm-none-eabi/6.3.1/../../../../arm-none-eabi/lib/thumb/v7e-m/fpv4-sp/softfp\libc.a(lib_a-readr.o)
 .ARM.attributes
                0x00000d90       0x32 c:/maxim/toolchain/bin/../lib/gcc/arm-none-eabi/6.3.1/../../../../arm-none-eabi/lib/thumb/v7e-m/fpv4-sp/softfp\libc.a(lib_a-reent.o)
 .ARM.attributes
                0x00000dc2       0x32 c:/maxim/toolchain/bin/../lib/gcc/arm-none-eabi/6.3.1/../../../../arm-none-eabi/lib/thumb/v7e-m/fpv4-sp/softfp\libc.a(lib_a-wbuf.o)
 .ARM.attributes
                0x00000df4       0x32 c:/maxim/toolchain/bin/../lib/gcc/arm-none-eabi/6.3.1/../../../../arm-none-eabi/lib/thumb/v7e-m/fpv4-sp/softfp\libc.a(lib_a-wcrtomb.o)
 .ARM.attributes
                0x00000e26       0x32 c:/maxim/toolchain/bin/../lib/gcc/arm-none-eabi/6.3.1/../../../../arm-none-eabi/lib/thumb/v7e-m/fpv4-sp/softfp\libc.a(lib_a-wctomb_r.o)
 .ARM.attributes
                0x00000e58       0x32 c:/maxim/toolchain/bin/../lib/gcc/arm-none-eabi/6.3.1/../../../../arm-none-eabi/lib/thumb/v7e-m/fpv4-sp/softfp\libc.a(lib_a-ctype_.o)
 .ARM.attributes
                0x00000e8a       0x22 c:/maxim/toolchain/bin/../lib/gcc/arm-none-eabi/6.3.1/thumb/v7e-m/fpv4-sp/softfp\libgcc.a(_lshrdi3.o)
 .ARM.attributes
                0x00000eac       0x22 c:/maxim/toolchain/bin/../lib/gcc/arm-none-eabi/6.3.1/thumb/v7e-m/fpv4-sp/softfp\libgcc.a(_arm_addsubdf3.o)
 .ARM.attributes
                0x00000ece       0x22 c:/maxim/toolchain/bin/../lib/gcc/arm-none-eabi/6.3.1/thumb/v7e-m/fpv4-sp/softfp\libgcc.a(_arm_muldivdf3.o)
 .ARM.attributes
                0x00000ef0       0x22 c:/maxim/toolchain/bin/../lib/gcc/arm-none-eabi/6.3.1/thumb/v7e-m/fpv4-sp/softfp\libgcc.a(_arm_cmpdf2.o)
 .ARM.attributes
                0x00000f12       0x22 c:/maxim/toolchain/bin/../lib/gcc/arm-none-eabi/6.3.1/thumb/v7e-m/fpv4-sp/softfp\libgcc.a(_arm_unorddf2.o)
 .ARM.attributes
                0x00000f34       0x22 c:/maxim/toolchain/bin/../lib/gcc/arm-none-eabi/6.3.1/thumb/v7e-m/fpv4-sp/softfp\libgcc.a(_arm_fixdfsi.o)
 .ARM.attributes
                0x00000f56       0x22 c:/maxim/toolchain/bin/../lib/gcc/arm-none-eabi/6.3.1/thumb/v7e-m/fpv4-sp/softfp\libgcc.a(_arm_fixunsdfsi.o)
 .ARM.attributes
                0x00000f78       0x22 c:/maxim/toolchain/bin/../lib/gcc/arm-none-eabi/6.3.1/thumb/v7e-m/fpv4-sp/softfp\libgcc.a(_aeabi_uldivmod.o)
 .ARM.attributes
                0x00000f9a       0x32 c:/maxim/toolchain/bin/../lib/gcc/arm-none-eabi/6.3.1/thumb/v7e-m/fpv4-sp/softfp\libgcc.a(_udivmoddi4.o)
 .ARM.attributes